../Core/Src/main.c:75:6:HAL_UARTEx_RxEventCallback	16	static
../Core/Src/main.c:95:5:main	16	static
../Core/Src/main.c:167:6:SystemClock_Config	88	static
../Core/Src/main.c:215:13:MX_UART4_Init	8	static
../Core/Src/main.c:248:13:MX_USART2_UART_Init	8	static
../Core/Src/main.c:279:13:MX_DMA_Init	16	static
../Core/Src/main.c:297:13:MX_GPIO_Init	40	static
../Core/Src/main.c:322:6:HAL_PWR_PVDCallback	8	static
../Core/Src/main.c:329:6:Configure_PVD	16	static
../Core/Src/main.c:347:6:Error_Handler	4	static,ignoring_inline_asm
