../Core/Src/bq796xx_bms.c:38:6:BMS_DelayMs	16	static
../Core/Src/bq796xx_bms.c:63:6:BMS_DelayUs	24	static
../Core/Src/bq796xx_bms.c:94:10:BMS_CalculateCRC16	24	static
../Core/Src/bq796xx_bms.c:146:21:BMS_Transceive	40	static
../Core/Src/bq796xx_bms.c:225:6:HAL_UART_RxCpltCallback	16	static
../Core/Src/bq796xx_bms.c:257:14:BMS_WriteSingleDevice	104	static
../Core/Src/bq796xx_bms.c:305:14:BMS_ReadSingleDevice	184	static
../Core/Src/bq796xx_bms.c:371:14:BMS_WriteBroadcast	104	static
../Core/Src/bq796xx_bms.c:415:14:BMS_ReadBroadcast	184	static
../Core/Src/bq796xx_bms.c:490:14:BMS_WriteBroadcastReverse	104	static
../Core/Src/bq796xx_bms.c:534:13:BMS_SendWakePulse	40	static
../Core/Src/bq796xx_bms.c:565:21:BMS_SyncDLL	24	static
../Core/Src/bq796xx_bms.c:600:14:BMS_AutoAddressing	40	static
../Core/Src/bq796xx_bms.c:723:14:BMS_ConfigureSlaves	32	static
../Core/Src/bq796xx_bms.c:799:14:BMS_Init	32	static
../Core/Src/bq796xx_bms.c:872:6:BMS_SendShutdownPulse	40	static
../Core/Src/bq796xx_bms.c:905:6:BMS_EnterSleep	16	static
../Core/Src/bq796xx_bms.c:945:6:HAL_GPIO_EXTI_Callback	16	static
../Core/Src/bq796xx_bms.c:978:6:BMS_IWDG_Refresh	24	static
../Core/Src/bq796xx_bms.c:1001:6:BMS_CommClear	40	static
../Core/Src/bq796xx_bms.c:1038:14:BMS_PowerOnSelfTest	48	static
