../Core/Src/bq796xx_bms_monitor.c:29:24:BMS_RawToMillivolts	24	static
../Core/Src/bq796xx_bms_monitor.c:43:21:BMS_ReadSlaveVoltages	72	static
../Core/Src/bq796xx_bms_monitor.c:78:14:BMS_ReadAllCellVoltages	32	static
../Core/Src/bq796xx_bms_monitor.c:156:16:BMS_RawToTemperature_Ratiometric	48	static
../Core/Src/bq796xx_bms_monitor.c:216:14:BMS_ReadAllTemperatures	56	static
../Core/Src/bq796xx_bms_monitor.c:256:14:BMS_ReadInverterVoltage	40	static
../Core/Src/bq796xx_bms_monitor.c:290:14:BMS_CheckProtections	32	static
../Core/Src/bq796xx_bms_monitor.c:375:6:BMS_NFAULT_IRQHandler	16	static
../Core/Src/bq796xx_bms_monitor.c:395:14:BMS_ProcessFaults	48	static
../Core/Src/bq796xx_bms_monitor.c:509:14:BMS_RingRecovery	32	static
../Core/Src/bq796xx_bms_monitor.c:616:6:BMS_ContactorOpen	16	static
../Core/Src/bq796xx_bms_monitor.c:639:6:BMS_ContactorClose	16	static
../Core/Src/bq796xx_bms_monitor.c:686:6:BMS_EmergencyShutdown	16	static
../Core/Src/bq796xx_bms_monitor.c:714:14:BMS_Task_100ms	24	static
../Core/Src/bq796xx_bms_monitor.c:794:13:BMS_GetStateString	16	static
../Core/Src/bq796xx_bms_monitor.c:817:13:BMS_GetFaultString	16	static
../Core/Src/bq796xx_bms_monitor.c:842:14:BMS_SetCellBalancing	32	static
../Core/Src/bq796xx_bms_monitor.c:858:14:BMS_StopAllBalancing	32	static
../Core/Src/bq796xx_bms_monitor.c:883:14:BMS_RunPassiveBalancing	24	static
../Core/Src/bq796xx_bms_monitor.c:961:6:BMS_UpdateHardwareInterlocks	16	static
../Core/Src/bq796xx_bms_monitor.c:984:6:BMS_ApplyVoltageFilter	32	static
../Core/Src/bq796xx_bms_monitor.c:1049:9:BMS_EstimateSoC	40	static
