../Core/Src/bq796xx_bms_monitor.c:25:24:BMS_RawToMillivolts	24	static
../Core/Src/bq796xx_bms_monitor.c:56:21:BMS_ReadSlaveVoltages	72	static
../Core/Src/bq796xx_bms_monitor.c:94:14:BMS_ReadAllCellVoltages	32	static
../Core/Src/bq796xx_bms_monitor.c:220:16:BMS_RawToTemperature_Ratiometric	48	static
../Core/Src/bq796xx_bms_monitor.c:302:14:BMS_ReadAllTemperatures	56	static
../Core/Src/bq796xx_bms_monitor.c:353:14:BMS_ReadInverterVoltage	40	static
../Core/Src/bq796xx_bms_monitor.c:386:14:BMS_CheckProtections	32	static
../Core/Src/bq796xx_bms_monitor.c:493:6:BMS_NFAULT_IRQHandler	16	static
../Core/Src/bq796xx_bms_monitor.c:532:14:BMS_ProcessFaults	48	static
../Core/Src/bq796xx_bms_monitor.c:684:14:BMS_RingRecovery	32	static
../Core/Src/bq796xx_bms_monitor.c:755:6:BMS_ContactorOpen	16	static
../Core/Src/bq796xx_bms_monitor.c:795:6:BMS_ContactorClose	16	static
../Core/Src/bq796xx_bms_monitor.c:838:6:BMS_EmergencyShutdown	16	static
../Core/Src/bq796xx_bms_monitor.c:878:14:BMS_Task_100ms	24	static
../Core/Src/bq796xx_bms_monitor.c:995:13:BMS_GetStateString	16	static
../Core/Src/bq796xx_bms_monitor.c:1015:13:BMS_GetFaultString	16	static
../Core/Src/bq796xx_bms_monitor.c:1065:14:BMS_SetCellBalancing	32	static
../Core/Src/bq796xx_bms_monitor.c:1083:14:BMS_StopAllBalancing	32	static
../Core/Src/bq796xx_bms_monitor.c:1115:14:BMS_RunPassiveBalancing	24	static
../Core/Src/bq796xx_bms_monitor.c:1203:6:BMS_UpdateHardwareInterlocks	24	static
../Core/Src/bq796xx_bms_monitor.c:1239:6:BMS_ApplyVoltageFilter	32	static
../Core/Src/bq796xx_bms_monitor.c:1311:9:BMS_EstimateSoC	40	static
