../Core/Src/bq796xx_bms.c:40:6:BMS_DelayMs	16	static
../Core/Src/bq796xx_bms.c:61:6:BMS_DelayUs	24	static
../Core/Src/bq796xx_bms.c:85:10:BMS_CalculateCRC16	24	static
../Core/Src/bq796xx_bms.c:149:21:BMS_Transceive	40	static
../Core/Src/bq796xx_bms.c:258:6:HAL_UART_RxCpltCallback	16	static
../Core/Src/bq796xx_bms.c:284:14:BMS_WriteSingleDevice	104	static
../Core/Src/bq796xx_bms.c:334:14:BMS_ReadSingleDevice	184	static
../Core/Src/bq796xx_bms.c:403:14:BMS_WriteBroadcast	104	static
../Core/Src/bq796xx_bms.c:443:14:BMS_ReadBroadcast	184	static
../Core/Src/bq796xx_bms.c:537:14:BMS_WriteBroadcastReverse	104	static
../Core/Src/bq796xx_bms.c:575:13:BMS_SendWakePulse	40	static
../Core/Src/bq796xx_bms.c:606:21:BMS_SyncDLL	24	static
../Core/Src/bq796xx_bms.c:629:14:BMS_AutoAddressing	40	static
../Core/Src/bq796xx_bms.c:792:14:BMS_ConfigureSlaves	32	static
../Core/Src/bq796xx_bms.c:871:14:BMS_Init	32	static
../Core/Src/bq796xx_bms.c:939:6:BMS_SendShutdownPulse	40	static
../Core/Src/bq796xx_bms.c:965:6:BMS_SendHardwareReset	40	static
../Core/Src/bq796xx_bms.c:988:6:BMS_EnterSleep	16	static
../Core/Src/bq796xx_bms.c:1012:6:HAL_GPIO_EXTI_Callback	16	static
../Core/Src/bq796xx_bms.c:1034:6:BMS_IWDG_Init	24	static
../Core/Src/bq796xx_bms.c:1044:6:BMS_IWDG_Refresh	24	static
../Core/Src/bq796xx_bms.c:1062:6:BMS_CommClear	40	static
../Core/Src/bq796xx_bms.c:1098:6:BMS_CheckContactorWeld	8	static
../Core/Src/bq796xx_bms.c:1126:14:BMS_PowerOnSelfTest	48	static
