../Core/Src/main.c:81:5:main	8	static
../Core/Src/main.c:134:6:SystemClock_Config	88	static
../Core/Src/main.c:183:13:MX_IWDG_Init	8	static
../Core/Src/main.c:211:13:MX_TIM2_Init	32	static
../Core/Src/main.c:256:13:MX_UART4_Init	8	static
../Core/Src/main.c:289:13:MX_USART2_UART_Init	8	static
../Core/Src/main.c:320:13:MX_DMA_Init	16	static
../Core/Src/main.c:341:13:MX_GPIO_Init	16	static
../Core/Src/main.c:367:6:HAL_TIM_PeriodElapsedCallback	16	static
../Core/Src/main.c:389:6:Error_Handler	4	static,ignoring_inline_asm
