Archive member included to satisfy reference by file (symbol)

C:/Program Files/ST/STM32CubeIDE_1.19.0/STM32CubeIDE/plugins/com.st.stm32cube.ide.mcu.externaltools.gnu-tools-for-stm32.13.3.rel1.win32_1.0.0.202411081344/tools/bin/../lib/gcc/arm-none-eabi/13.3.1/../../../../arm-none-eabi/lib/thumb/v7e-m+fp/hard\libc_nano.a(libc_a-exit.o)
                              C:/Program Files/ST/STM32CubeIDE_1.19.0/STM32CubeIDE/plugins/com.st.stm32cube.ide.mcu.externaltools.gnu-tools-for-stm32.13.3.rel1.win32_1.0.0.202411081344/tools/bin/../lib/gcc/arm-none-eabi/13.3.1/../../../../arm-none-eabi/lib/thumb/v7e-m+fp/hard/crt0.o (exit)
C:/Program Files/ST/STM32CubeIDE_1.19.0/STM32CubeIDE/plugins/com.st.stm32cube.ide.mcu.externaltools.gnu-tools-for-stm32.13.3.rel1.win32_1.0.0.202411081344/tools/bin/../lib/gcc/arm-none-eabi/13.3.1/../../../../arm-none-eabi/lib/thumb/v7e-m+fp/hard\libc_nano.a(libc_a-findfp.o)
                              C:/Program Files/ST/STM32CubeIDE_1.19.0/STM32CubeIDE/plugins/com.st.stm32cube.ide.mcu.externaltools.gnu-tools-for-stm32.13.3.rel1.win32_1.0.0.202411081344/tools/bin/../lib/gcc/arm-none-eabi/13.3.1/../../../../arm-none-eabi/lib/thumb/v7e-m+fp/hard\libc_nano.a(libc_a-exit.o) (__stdio_exit_handler)
C:/Program Files/ST/STM32CubeIDE_1.19.0/STM32CubeIDE/plugins/com.st.stm32cube.ide.mcu.externaltools.gnu-tools-for-stm32.13.3.rel1.win32_1.0.0.202411081344/tools/bin/../lib/gcc/arm-none-eabi/13.3.1/../../../../arm-none-eabi/lib/thumb/v7e-m+fp/hard\libc_nano.a(libc_a-fwalk.o)
                              C:/Program Files/ST/STM32CubeIDE_1.19.0/STM32CubeIDE/plugins/com.st.stm32cube.ide.mcu.externaltools.gnu-tools-for-stm32.13.3.rel1.win32_1.0.0.202411081344/tools/bin/../lib/gcc/arm-none-eabi/13.3.1/../../../../arm-none-eabi/lib/thumb/v7e-m+fp/hard\libc_nano.a(libc_a-findfp.o) (_fwalk_sglue)
C:/Program Files/ST/STM32CubeIDE_1.19.0/STM32CubeIDE/plugins/com.st.stm32cube.ide.mcu.externaltools.gnu-tools-for-stm32.13.3.rel1.win32_1.0.0.202411081344/tools/bin/../lib/gcc/arm-none-eabi/13.3.1/../../../../arm-none-eabi/lib/thumb/v7e-m+fp/hard\libc_nano.a(libc_a-printf.o)
                              ./Core/Src/main_bms_app.o (printf)
C:/Program Files/ST/STM32CubeIDE_1.19.0/STM32CubeIDE/plugins/com.st.stm32cube.ide.mcu.externaltools.gnu-tools-for-stm32.13.3.rel1.win32_1.0.0.202411081344/tools/bin/../lib/gcc/arm-none-eabi/13.3.1/../../../../arm-none-eabi/lib/thumb/v7e-m+fp/hard\libc_nano.a(libc_a-puts.o)
                              ./Core/Src/main_bms_app.o (puts)
C:/Program Files/ST/STM32CubeIDE_1.19.0/STM32CubeIDE/plugins/com.st.stm32cube.ide.mcu.externaltools.gnu-tools-for-stm32.13.3.rel1.win32_1.0.0.202411081344/tools/bin/../lib/gcc/arm-none-eabi/13.3.1/../../../../arm-none-eabi/lib/thumb/v7e-m+fp/hard\libc_nano.a(libc_a-snprintf.o)
                              ./Core/Src/bms_master_comm.o (snprintf)
C:/Program Files/ST/STM32CubeIDE_1.19.0/STM32CubeIDE/plugins/com.st.stm32cube.ide.mcu.externaltools.gnu-tools-for-stm32.13.3.rel1.win32_1.0.0.202411081344/tools/bin/../lib/gcc/arm-none-eabi/13.3.1/../../../../arm-none-eabi/lib/thumb/v7e-m+fp/hard\libc_nano.a(libc_a-stdio.o)
                              C:/Program Files/ST/STM32CubeIDE_1.19.0/STM32CubeIDE/plugins/com.st.stm32cube.ide.mcu.externaltools.gnu-tools-for-stm32.13.3.rel1.win32_1.0.0.202411081344/tools/bin/../lib/gcc/arm-none-eabi/13.3.1/../../../../arm-none-eabi/lib/thumb/v7e-m+fp/hard\libc_nano.a(libc_a-findfp.o) (__sread)
C:/Program Files/ST/STM32CubeIDE_1.19.0/STM32CubeIDE/plugins/com.st.stm32cube.ide.mcu.externaltools.gnu-tools-for-stm32.13.3.rel1.win32_1.0.0.202411081344/tools/bin/../lib/gcc/arm-none-eabi/13.3.1/../../../../arm-none-eabi/lib/thumb/v7e-m+fp/hard\libc_nano.a(libc_a-wbuf.o)
                              C:/Program Files/ST/STM32CubeIDE_1.19.0/STM32CubeIDE/plugins/com.st.stm32cube.ide.mcu.externaltools.gnu-tools-for-stm32.13.3.rel1.win32_1.0.0.202411081344/tools/bin/../lib/gcc/arm-none-eabi/13.3.1/../../../../arm-none-eabi/lib/thumb/v7e-m+fp/hard\libc_nano.a(libc_a-puts.o) (__swbuf_r)
C:/Program Files/ST/STM32CubeIDE_1.19.0/STM32CubeIDE/plugins/com.st.stm32cube.ide.mcu.externaltools.gnu-tools-for-stm32.13.3.rel1.win32_1.0.0.202411081344/tools/bin/../lib/gcc/arm-none-eabi/13.3.1/../../../../arm-none-eabi/lib/thumb/v7e-m+fp/hard\libc_nano.a(libc_a-wsetup.o)
                              C:/Program Files/ST/STM32CubeIDE_1.19.0/STM32CubeIDE/plugins/com.st.stm32cube.ide.mcu.externaltools.gnu-tools-for-stm32.13.3.rel1.win32_1.0.0.202411081344/tools/bin/../lib/gcc/arm-none-eabi/13.3.1/../../../../arm-none-eabi/lib/thumb/v7e-m+fp/hard\libc_nano.a(libc_a-puts.o) (__swsetup_r)
C:/Program Files/ST/STM32CubeIDE_1.19.0/STM32CubeIDE/plugins/com.st.stm32cube.ide.mcu.externaltools.gnu-tools-for-stm32.13.3.rel1.win32_1.0.0.202411081344/tools/bin/../lib/gcc/arm-none-eabi/13.3.1/../../../../arm-none-eabi/lib/thumb/v7e-m+fp/hard\libc_nano.a(libc_a-memset.o)
[...]
Memory Configuration

Name             Origin             Length             Attributes
RAM              0x20000000         0x00020000         xrw
FLASH            0x08000000         0x00080000         xr
*default*        0x00000000         0xffffffff

Linker script and memory map

LOAD C:/Program Files/ST/STM32CubeIDE_1.19.0/STM32CubeIDE/plugins/com.st.stm32cube.ide.mcu.externaltools.gnu-tools-for-stm32.13.3.rel1.win32_1.0.0.202411081344/tools/bin/../lib/gcc/arm-none-eabi/13.3.1/thumb/v7e-m+fp/hard/crti.o
LOAD C:/Program Files/ST/STM32CubeIDE_1.19.0/STM32CubeIDE/plugins/com.st.stm32cube.ide.mcu.externaltools.gnu-tools-for-stm32.13.3.rel1.win32_1.0.0.202411081344/tools/bin/../lib/gcc/arm-none-eabi/13.3.1/thumb/v7e-m+fp/hard/crtbegin.o
LOAD C:/Program Files/ST/STM32CubeIDE_1.19.0/STM32CubeIDE/plugins/com.st.stm32cube.ide.mcu.externaltools.gnu-tools-for-stm32.13.3.rel1.win32_1.0.0.202411081344/tools/bin/../lib/gcc/arm-none-eabi/13.3.1/../../../../arm-none-eabi/lib/thumb/v7e-m+fp/hard/crt0.o
LOAD ./Core/Src/bms_master_comm.o
LOAD ./Core/Src/bms_relays.o
LOAD ./Core/Src/bq796xx_bms.o
LOAD ./Core/Src/bq796xx_bms_monitor.o
LOAD ./Core/Src/main.o
LOAD ./Core/Src/main_bms_app.o
LOAD ./Core/Src/stm32f4xx_hal_msp.o
LOAD ./Core/Src/stm32f4xx_hal_timebase_tim.o
LOAD ./Core/Src/stm32f4xx_it.o
LOAD ./Core/Src/syscalls.o
LOAD ./Core/Src/sysmem.o
LOAD ./Core/Src/system_stm32f4xx.o
LOAD ./Core/Startup/startup_stm32f446retx.o
LOAD ./Drivers/STM32F4xx_HAL_Driver/Src/stm32f4xx_hal.o
LOAD ./Drivers/STM32F4xx_HAL_Driver/Src/stm32f4xx_hal_cortex.o
LOAD ./Drivers/STM32F4xx_HAL_Driver/Src/stm32f4xx_hal_dma.o
LOAD ./Drivers/STM32F4xx_HAL_Driver/Src/stm32f4xx_hal_dma_ex.o
LOAD ./Drivers/STM32F4xx_HAL_Driver/Src/stm32f4xx_hal_exti.o
LOAD ./Drivers/STM32F4xx_HAL_Driver/Src/stm32f4xx_hal_flash.o
LOAD ./Drivers/STM32F4xx_HAL_Driver/Src/stm32f4xx_hal_flash_ex.o
LOAD ./Drivers/STM32F4xx_HAL_Driver/Src/stm32f4xx_hal_flash_ramfunc.o
LOAD ./Drivers/STM32F4xx_HAL_Driver/Src/stm32f4xx_hal_gpio.o
LOAD ./Drivers/STM32F4xx_HAL_Driver/Src/stm32f4xx_hal_iwdg.o
LOAD ./Drivers/STM32F4xx_HAL_Driver/Src/stm32f4xx_hal_pwr.o
LOAD ./Drivers/STM32F4xx_HAL_Driver/Src/stm32f4xx_hal_pwr_ex.o
LOAD ./Drivers/STM32F4xx_HAL_Driver/Src/stm32f4xx_hal_rcc.o
LOAD ./Drivers/STM32F4xx_HAL_Driver/Src/stm32f4xx_hal_rcc_ex.o
LOAD ./Drivers/STM32F4xx_HAL_Driver/Src/stm32f4xx_hal_tim.o
LOAD ./Drivers/STM32F4xx_HAL_Driver/Src/stm32f4xx_hal_tim_ex.o
LOAD ./Drivers/STM32F4xx_HAL_Driver/Src/stm32f4xx_hal_uart.o
START GROUP
LOAD C:/Program Files/ST/STM32CubeIDE_1.19.0/STM32CubeIDE/plugins/com.st.stm32cube.ide.mcu.externaltools.gnu-tools-for-stm32.13.3.rel1.win32_1.0.0.202411081344/tools/bin/../lib/gcc/arm-none-eabi/13.3.1/../../../../arm-none-eabi/lib/thumb/v7e-m+fp/hard\libc_nano.a
LOAD C:/Program Files/ST/STM32CubeIDE_1.19.0/STM32CubeIDE/plugins/com.st.stm32cube.ide.mcu.externaltools.gnu-tools-for-stm32.13.3.rel1.win32_1.0.0.202411081344/tools/bin/../lib/gcc/arm-none-eabi/13.3.1/../../../../arm-none-eabi/lib/thumb/v7e-m+fp/hard\libm.a
END GROUP
START GROUP
LOAD C:/Program Files/ST/STM32CubeIDE_1.19.0/STM32CubeIDE/plugins/com.st.stm32cube.ide.mcu.externaltools.gnu-tools-for-stm32.13.3.rel1.win32_1.0.0.202411081344/tools/bin/../lib/gcc/arm-none-eabi/13.3.1/thumb/v7e-m+fp/hard\libgcc.a
LOAD C:/Program Files/ST/STM32CubeIDE_1.19.0/STM32CubeIDE/plugins/com.st.stm32cube.ide.mcu.externaltools.gnu-tools-for-stm32.13.3.rel1.win32_1.0.0.202411081344/tools/bin/../lib/gcc/arm-none-eabi/13.3.1/../../../../arm-none-eabi/lib/thumb/v7e-m+fp/hard\libc_nano.a
END GROUP
START GROUP
LOAD C:/Program Files/ST/STM32CubeIDE_1.19.0/STM32CubeIDE/plugins/com.st.stm32cube.ide.mcu.externaltools.gnu-tools-for-stm32.13.3.rel1.win32_1.0.0.202411081344/tools/bin/../lib/gcc/arm-none-eabi/13.3.1/thumb/v7e-m+fp/hard\libgcc.a
LOAD C:/Program Files/ST/STM32CubeIDE_1.19.0/STM32CubeIDE/plugins/com.st.stm32cube.ide.mcu.externaltools.gnu-tools-for-stm32.13.3.rel1.win32_1.0.0.202411081344/tools/bin/../lib/gcc/arm-none-eabi/13.3.1/../../../../arm-none-eabi/lib/thumb/v7e-m+fp/hard\libc_nano.a
LOAD C:/Program Files/ST/STM32CubeIDE_1.19.0/STM32CubeIDE/plugins/com.st.stm32cube.ide.mcu.externaltools.gnu-tools-for-stm32.13.3.rel1.win32_1.0.0.202411081344/tools/bin/../lib/gcc/arm-none-eabi/13.3.1/../../../../arm-none-eabi/lib/thumb/v7e-m+fp/hard\libnosys.a
END GROUP
START GROUP
LOAD C:/Program Files/ST/STM32CubeIDE_1.19.0/STM32CubeIDE/plugins/com.st.stm32cube.ide.mcu.externaltools.gnu-tools-for-stm32.13.3.rel1.win32_1.0.0.202411081344/tools/bin/../lib/gcc/arm-none-eabi/13.3.1/thumb/v7e-m+fp/hard\libgcc.a
LOAD C:/Program Files/ST/STM32CubeIDE_1.19.0/STM32CubeIDE/plugins/com.st.stm32cube.ide.mcu.externaltools.gnu-tools-for-stm32.13.3.rel1.win32_1.0.0.202411081344/tools/bin/../lib/gcc/arm-none-eabi/13.3.1/../../../../arm-none-eabi/lib/thumb/v7e-m+fp/hard\libc_nano.a
LOAD C:/Program Files/ST/STM32CubeIDE_1.19.0/STM32CubeIDE/plugins/com.st.stm32cube.ide.mcu.externaltools.gnu-tools-for-stm32.13.3.rel1.win32_1.0.0.202411081344/tools/bin/../lib/gcc/arm-none-eabi/13.3.1/../../../../arm-none-eabi/lib/thumb/v7e-m+fp/hard\libnosys.a
END GROUP
LOAD C:/Program Files/ST/STM32CubeIDE_1.19.0/STM32CubeIDE/plugins/com.st.stm32cube.ide.mcu.externaltools.gnu-tools-for-stm32.13.3.rel1.win32_1.0.0.202411081344/tools/bin/../lib/gcc/arm-none-eabi/13.3.1/thumb/v7e-m+fp/hard/crtend.o
LOAD C:/Program Files/ST/STM32CubeIDE_1.19.0/STM32CubeIDE/plugins/com.st.stm32cube.ide.mcu.externaltools.gnu-tools-for-stm32.13.3.rel1.win32_1.0.0.202411081344/tools/bin/../lib/gcc/arm-none-eabi/13.3.1/thumb/v7e-m+fp/hard/crtn.o
                0x20020000                        _estack = (ORIGIN (RAM) + LENGTH (RAM))
                0x00000200                        _Min_Heap_Size = 0x200
                0x00000400                        _Min_Stack_Size = 0x400

.isr_vector     0x08000000      0x1c4
                0x08000000                        . = ALIGN (0x4)
 *(.isr_vector)
 .isr_vector    0x08000000      0x1c4 ./Core/Startup/startup_stm32f446retx.o
                0x08000000                g_pfnVectors
                0x080001c4                        . = ALIGN (0x4)

.text           0x080001d0     0x8c08
                0x080001d0                        . = ALIGN (0x4)
 *(.text)
 .text          0x080001d0       0x40 C:/Program Files/ST/STM32CubeIDE_1.19.0/STM32CubeIDE/plugins/com.st.stm32cube.ide.mcu.externaltools.gnu-tools-for-stm32.13.3.rel1.win32_1.0.0.202411081344/tools/bin/../lib/gcc/arm-none-eabi/13.3.1/thumb/v7e-m+fp/hard/crtbegin.o
 .text          0x08000210       0xa0 C:/Program Files/ST/STM32CubeIDE_1.19.0/STM32CubeIDE/plugins/com.st.stm32cube.ide.mcu.externaltools.gnu-tools-for-stm32.13.3.rel1.win32_1.0.0.202411081344/tools/bin/../lib/gcc/arm-none-eabi/13.3.1/../../../../arm-none-eabi/lib/thumb/v7e-m+fp/hard\libc_nano.a(libc_a-memchr.o)
                0x08000210                memchr
 .text          0x080002b0       0x30 C:/Program Files/ST/STM32CubeIDE_1.19.0/STM32CubeIDE/plugins/com.st.stm32cube.ide.mcu.externaltools.gnu-tools-for-stm32.13.3.rel1.win32_1.0.0.202411081344/tools/bin/../lib/gcc/arm-none-eabi/13.3.1/thumb/v7e-m+fp/hard\libgcc.a(_aeabi_uldivmod.o)
                0x080002b0                __aeabi_uldivmod
 .text          0x080002e0      0x2f8 C:/Program Files/ST/STM32CubeIDE_1.19.0/STM32CubeIDE/plugins/com.st.stm32cube.ide.mcu.externaltools.gnu-tools-for-stm32.13.3.rel1.win32_1.0.0.202411081344/tools/bin/../lib/gcc/arm-none-eabi/13.3.1/thumb/v7e-m+fp/hard\libgcc.a(_udivmoddi4.o)
                0x080002e0                __udivmoddi4
 .text          0x080005d8        0x4 C:/Program Files/ST/STM32CubeIDE_1.19.0/STM32CubeIDE/plugins/com.st.stm32cube.ide.mcu.externaltools.gnu-tools-for-stm32.13.3.rel1.win32_1.0.0.202411081344/tools/bin/../lib/gcc/arm-none-eabi/13.3.1/thumb/v7e-m+fp/hard\libgcc.a(_dvmd_tls.o)
                0x080005d8                __aeabi_idiv0
                0x080005d8                __aeabi_ldiv0
 *(.text*)
 .text.BMS_MasterComm_Init
                0x080005dc       0x30 ./Core/Src/bms_master_comm.o
                0x080005dc                BMS_MasterComm_Init
 .text.BMS_MasterComm_PrintDebug
                0x0800060c      0x33c ./Core/Src/bms_master_comm.o
                0x0800060c                BMS_MasterComm_PrintDebug
 .text.mon_seed
                0x08000948       0x84 ./Core/Src/bms_relays.o
 .text.mon_update
                0x080009cc       0x84 ./Core/Src/bms_relays.o
 .text.BMS_Relays_Init
                0x08000a50      0x248 ./Core/Src/bms_relays.o
                0x08000a50                BMS_Relays_Init
 .text.BMS_Relays_Task
                0x08000c98      0x4b0 ./Core/Src/bms_relays.o
                0x08000c98                BMS_Relays_Task
 .text.BMS_Relays_GetState
                0x08001148       0x18 ./Core/Src/bms_relays.o
                0x08001148                BMS_Relays_GetState
 .text.BMS_Relays_GetStateString
                0x08001160       0x58 ./Core/Src/bms_relays.o
                0x08001160                BMS_Relays_GetStateString
 .text.BMS_Relays_GetMonitors
                0x080011b8       0xc4 ./Core/Src/bms_relays.o
                0x080011b8                BMS_Relays_GetMonitors
 .text.BMS_DelayMs
                0x0800127c       0x16 ./Core/Src/bq796xx_bms.o
                0x0800127c                BMS_DelayMs
 .text.BMS_DelayUs
                0x08001292       0x5e ./Core/Src/bq796xx_bms.o
                0x08001292                BMS_DelayUs
 .text.BMS_CalculateCRC16
                0x080012f0       0x78 ./Core/Src/bq796xx_bms.o
                0x080012f0                BMS_CalculateCRC16
 .text.BMS_Transceive
                0x08001368      0x174 ./Core/Src/bq796xx_bms.o
 .text.HAL_UART_RxCpltCallback
                0x080014dc       0x44 ./Core/Src/bq796xx_bms.o
                0x080014dc                HAL_UART_RxCpltCallback
 .text.BMS_WriteSingleDevice
                0x08001520      0x150 ./Core/Src/bq796xx_bms.o
                0x08001520                BMS_WriteSingleDevice
 .text.BMS_ReadSingleDevice
                0x08001670      0x1de ./Core/Src/bq796xx_bms.o
                0x08001670                BMS_ReadSingleDevice
 .text.BMS_WriteBroadcast
                0x0800184e      0x12a ./Core/Src/bq796xx_bms.o
                0x0800184e                BMS_WriteBroadcast
 .text.BMS_ReadBroadcast
                0x08001978      0x254 ./Core/Src/bq796xx_bms.o
                0x08001978                BMS_ReadBroadcast
 .text.BMS_WriteBroadcastReverse
                0x08001bcc      0x12e ./Core/Src/bq796xx_bms.o
                0x08001bcc                BMS_WriteBroadcastReverse
 *fill*         0x08001cfa        0x2 
 .text.BMS_SendWakePulse
                0x08001cfc       0x7c ./Core/Src/bq796xx_bms.o
 .text.BMS_SyncDLL
                0x08001d78       0x50 ./Core/Src/bq796xx_bms.o
 .text.BMS_AutoAddressing
                0x08001dc8      0x2b2 ./Core/Src/bq796xx_bms.o
                0x08001dc8                BMS_AutoAddressing
 .text.BMS_ConfigureSlaves
                0x0800207a      0x186 ./Core/Src/bq796xx_bms.o
                0x0800207a                BMS_ConfigureSlaves
 .text.BMS_Init
                0x08002200       0xc8 ./Core/Src/bq796xx_bms.o
                0x08002200                BMS_Init
 .text.BMS_SendShutdownPulse
                0x080022c8       0x7c ./Core/Src/bq796xx_bms.o
                0x080022c8                BMS_SendShutdownPulse
 .text.BMS_EnterSleep
                0x08002344       0x28 ./Core/Src/bq796xx_bms.o
                0x08002344                BMS_EnterSleep
 .text.HAL_GPIO_EXTI_Callback
                0x0800236c       0x30 ./Core/Src/bq796xx_bms.o
                0x0800236c                HAL_GPIO_EXTI_Callback
 .text.BMS_IWDG_Refresh
                0x0800239c       0x28 ./Core/Src/bq796xx_bms.o
                0x0800239c                BMS_IWDG_Refresh
 .text.BMS_CommClear
                0x080023c4       0x7c ./Core/Src/bq796xx_bms.o
                0x080023c4                BMS_CommClear
 .text.BMS_PowerOnSelfTest
                0x08002440      0x140 ./Core/Src/bq796xx_bms.o
                0x08002440                BMS_PowerOnSelfTest
 .text.BMS_RawToMillivolts
                0x08002580       0x48 ./Core/Src/bq796xx_bms_monitor.o
 .text.BMS_ReadSlaveVoltages
                0x080025c8       0xe2 ./Core/Src/bq796xx_bms_monitor.o
 .text.BMS_ReadAllCellVoltages
                0x080026aa      0x100 ./Core/Src/bq796xx_bms_monitor.o
                0x080026aa                BMS_ReadAllCellVoltages
 *fill*         0x080027aa        0x2 
 .text.BMS_RawToTemperature_Ratiometric
                0x080027ac      0x114 ./Core/Src/bq796xx_bms_monitor.o
 .text.BMS_ReadAllTemperatures
                0x080028c0      0x10e ./Core/Src/bq796xx_bms_monitor.o
                0x080028c0                BMS_ReadAllTemperatures
 *fill*         0x080029ce        0x2 
 .text.BMS_ReadInverterVoltage
                0x080029d0       0x98 ./Core/Src/bq796xx_bms_monitor.o
                0x080029d0                BMS_ReadInverterVoltage
 .text.BMS_CheckProtections
                0x08002a68      0x1da ./Core/Src/bq796xx_bms_monitor.o
                0x08002a68                BMS_CheckProtections
 .text.BMS_NFAULT_IRQHandler
                0x08002c42       0x46 ./Core/Src/bq796xx_bms_monitor.o
                0x08002c42                BMS_NFAULT_IRQHandler
 .text.BMS_ProcessFaults
                0x08002c88      0x266 ./Core/Src/bq796xx_bms_monitor.o
                0x08002c88                BMS_ProcessFaults
 .text.BMS_RingRecovery
                0x08002eee      0x134 ./Core/Src/bq796xx_bms_monitor.o
                0x08002eee                BMS_RingRecovery
 .text.BMS_ContactorOpen
                0x08003022       0x26 ./Core/Src/bq796xx_bms_monitor.o
                0x08003022                BMS_ContactorOpen
 .text.BMS_ContactorClose
                0x08003048       0x7a ./Core/Src/bq796xx_bms_monitor.o
                0x08003048                BMS_ContactorClose
 .text.BMS_EmergencyShutdown
                0x080030c2       0x22 ./Core/Src/bq796xx_bms_monitor.o
                0x080030c2                BMS_EmergencyShutdown
 .text.BMS_Task_100ms
                0x080030e4      0x124 ./Core/Src/bq796xx_bms_monitor.o
                0x080030e4                BMS_Task_100ms
 .text.BMS_GetStateString
                0x08003208       0x98 ./Core/Src/bq796xx_bms_monitor.o
                0x08003208                BMS_GetStateString
 .text.BMS_GetFaultString
                0x080032a0       0xb8 ./Core/Src/bq796xx_bms_monitor.o
                0x080032a0                BMS_GetFaultString
 .text.BMS_SetCellBalancing
                0x08003358       0x42 ./Core/Src/bq796xx_bms_monitor.o
                0x08003358                BMS_SetCellBalancing
 .text.BMS_StopAllBalancing
                0x0800339a       0x74 ./Core/Src/bq796xx_bms_monitor.o
                0x0800339a                BMS_StopAllBalancing
 .text.BMS_RunPassiveBalancing
                0x0800340e      0x174 ./Core/Src/bq796xx_bms_monitor.o
                0x0800340e                BMS_RunPassiveBalancing
 .text.BMS_UpdateHardwareInterlocks
                0x08003582       0x50 ./Core/Src/bq796xx_bms_monitor.o
                0x08003582                BMS_UpdateHardwareInterlocks
 .text.BMS_ApplyVoltageFilter
                0x080035d2       0xf0 ./Core/Src/bq796xx_bms_monitor.o
                0x080035d2                BMS_ApplyVoltageFilter
 *fill*         0x080036c2        0x2 
 .text.BMS_EstimateSoC
                0x080036c4       0xc4 ./Core/Src/bq796xx_bms_monitor.o
                0x080036c4                BMS_EstimateSoC
 .text.__io_putchar
                0x08003788       0x2c ./Core/Src/main.o
                0x08003788                __io_putchar
 .text.main     0x080037b4       0x2c ./Core/Src/main.o
                0x080037b4                main
 .text.SystemClock_Config
                0x080037e0       0xe0 ./Core/Src/main.o
                0x080037e0                SystemClock_Config
 .text.MX_IWDG_Init
                0x080038c0       0x34 ./Core/Src/main.o
 .text.MX_TIM2_Init
                0x080038f4       0x98 ./Core/Src/main.o
 .text.MX_UART4_Init
                0x0800398c       0x54 ./Core/Src/main.o
 .text.MX_USART2_UART_Init
                0x080039e0       0x54 ./Core/Src/main.o
 .text.MX_DMA_Init
                0x08003a34       0x50 ./Core/Src/main.o
 .text.MX_GPIO_Init
                0x08003a84      0x138 ./Core/Src/main.o
 .text.HAL_TIM_PeriodElapsedCallback
                0x08003bbc       0x24 ./Core/Src/main.o
                0x08003bbc                HAL_TIM_PeriodElapsedCallback
 .text.Error_Handler
                0x08003be0        0xc ./Core/Src/main.o
                0x08003be0                Error_Handler
 .text.BMS_ContactorControl
                0x08003bec       0x82 ./Core/Src/main_bms_app.o
 .text.BMS_ClearHardwareFaultLatches
                0x08003c6e       0x7a ./Core/Src/main_bms_app.o
 .text.BMS_FaultRecoveryAttempt
                0x08003ce8      0x156 ./Core/Src/main_bms_app.o
 *fill*         0x08003e3e        0x2 
 .text.BMS_Main
                0x08003e40      0x29c ./Core/Src/main_bms_app.o
                0x08003e40                BMS_Main
 .text.HAL_MspInit
                0x080040dc       0x50 ./Core/Src/stm32f4xx_hal_msp.o
                0x080040dc                HAL_MspInit
 .text.HAL_TIM_Base_MspInit
                0x0800412c       0x40 ./Core/Src/stm32f4xx_hal_msp.o
                0x0800412c                HAL_TIM_Base_MspInit
 .text.HAL_UART_MspInit
                0x0800416c      0x1c0 ./Core/Src/stm32f4xx_hal_msp.o
                0x0800416c                HAL_UART_MspInit
 .text.HAL_UART_MspDeInit
                0x0800432c       0x74 ./Core/Src/stm32f4xx_hal_msp.o
                0x0800432c                HAL_UART_MspDeInit
 .text.HAL_InitTick
                0x080043a0       0xf8 ./Core/Src/stm32f4xx_hal_timebase_tim.o
                0x080043a0                HAL_InitTick
 .text.NMI_Handler
                0x08004498        0x8 ./Core/Src/stm32f4xx_it.o
                0x08004498                NMI_Handler
 .text.HardFault_Handler
                0x080044a0        0x8 ./Core/Src/stm32f4xx_it.o
                0x080044a0                HardFault_Handler
 .text.MemManage_Handler
                0x080044a8        0x8 ./Core/Src/stm32f4xx_it.o
                0x080044a8                MemManage_Handler
 .text.BusFault_Handler
                0x080044b0        0x8 ./Core/Src/stm32f4xx_it.o
                0x080044b0                BusFault_Handler
 .text.UsageFault_Handler
                0x080044b8        0x8 ./Core/Src/stm32f4xx_it.o
                0x080044b8                UsageFault_Handler
 .text.SVC_Handler
                0x080044c0        0xe ./Core/Src/stm32f4xx_it.o
                0x080044c0                SVC_Handler
 .text.DebugMon_Handler
                0x080044ce        0xe ./Core/Src/stm32f4xx_it.o
                0x080044ce                DebugMon_Handler
 .text.PendSV_Handler
                0x080044dc        0xe ./Core/Src/stm32f4xx_it.o
                0x080044dc                PendSV_Handler
 .text.SysTick_Handler
                0x080044ea        0xe ./Core/Src/stm32f4xx_it.o
                0x080044ea                SysTick_Handler
 .text.DMA1_Stream2_IRQHandler
                0x080044f8       0x14 ./Core/Src/stm32f4xx_it.o
                0x080044f8                DMA1_Stream2_IRQHandler
 .text.DMA1_Stream4_IRQHandler
                0x0800450c       0x14 ./Core/Src/stm32f4xx_it.o
                0x0800450c                DMA1_Stream4_IRQHandler
 .text.EXTI9_5_IRQHandler
                0x08004520       0x10 ./Core/Src/stm32f4xx_it.o
                0x08004520                EXTI9_5_IRQHandler
 .text.TIM6_DAC_IRQHandler
                0x08004530       0x14 ./Core/Src/stm32f4xx_it.o
                0x08004530                TIM6_DAC_IRQHandler
 .text._read    0x08004544       0x3a ./Core/Src/syscalls.o
                0x08004544                _read
 .text._write   0x0800457e       0x38 ./Core/Src/syscalls.o
                0x0800457e                _write
 .text._close   0x080045b6       0x18 ./Core/Src/syscalls.o
                0x080045b6                _close
 .text._fstat   0x080045ce       0x20 ./Core/Src/syscalls.o
                0x080045ce                _fstat
 .text._isatty  0x080045ee       0x16 ./Core/Src/syscalls.o
                0x080045ee                _isatty
 .text._lseek   0x08004604       0x1a ./Core/Src/syscalls.o
                0x08004604                _lseek
 *fill*         0x0800461e        0x2 
 .text._sbrk    0x08004620       0x6c ./Core/Src/sysmem.o
                0x08004620                _sbrk
 .text.SystemInit
                0x0800468c       0x24 ./Core/Src/system_stm32f4xx.o
                0x0800468c                SystemInit
 .text.Reset_Handler
                0x080046b0       0x50 ./Core/Startup/startup_stm32f446retx.o
                0x080046b0                Reset_Handler
 .text.Default_Handler
                0x08004700        0x2 ./Core/Startup/startup_stm32f446retx.o
                0x08004700                RTC_Alarm_IRQHandler
                0x08004700                EXTI2_IRQHandler
                0x08004700                TIM8_CC_IRQHandler
                0x08004700                FMPI2C1_EV_IRQHandler
                0x08004700                SPI4_IRQHandler
                0x08004700                TIM1_CC_IRQHandler
                0x08004700                DMA2_Stream5_IRQHandler
                0x08004700                DMA1_Stream5_IRQHandler
                0x08004700                PVD_IRQHandler
                0x08004700                SDIO_IRQHandler
                0x08004700                TAMP_STAMP_IRQHandler
                0x08004700                CAN2_RX1_IRQHandler
                0x08004700                EXTI3_IRQHandler
                0x08004700                TIM8_TRG_COM_TIM14_IRQHandler
                0x08004700                TIM1_UP_TIM10_IRQHandler
                0x08004700                TIM8_UP_TIM13_IRQHandler
                0x08004700                I2C3_ER_IRQHandler
                0x08004700                EXTI0_IRQHandler
                0x08004700                I2C2_EV_IRQHandler
                0x08004700                CAN1_RX0_IRQHandler
                0x08004700                FPU_IRQHandler
                0x08004700                OTG_HS_WKUP_IRQHandler
                0x08004700                CAN2_SCE_IRQHandler
                0x08004700                DMA2_Stream2_IRQHandler
                0x08004700                SPI1_IRQHandler
                0x08004700                TIM1_BRK_TIM9_IRQHandler
                0x08004700                DCMI_IRQHandler
                0x08004700                CAN2_RX0_IRQHandler
                0x08004700                DMA2_Stream3_IRQHandler
                0x08004700                SAI2_IRQHandler
                0x08004700                USART6_IRQHandler
                0x08004700                USART3_IRQHandler
                0x08004700                CAN1_RX1_IRQHandler
                0x08004700                UART5_IRQHandler
                0x08004700                DMA2_Stream0_IRQHandler
                0x08004700                TIM4_IRQHandler
                0x08004700                QUADSPI_IRQHandler
                0x08004700                I2C1_EV_IRQHandler
                0x08004700                DMA1_Stream6_IRQHandler
                0x08004700                DMA1_Stream1_IRQHandler
                0x08004700                UART4_IRQHandler
                0x08004700                TIM3_IRQHandler
                0x08004700                RCC_IRQHandler
                0x08004700                TIM8_BRK_TIM12_IRQHandler
                0x08004700                Default_Handler
                0x08004700                CEC_IRQHandler
                0x08004700                EXTI15_10_IRQHandler
                0x08004700                ADC_IRQHandler
                0x08004700                DMA1_Stream7_IRQHandler
                0x08004700                TIM7_IRQHandler
                0x08004700                CAN2_TX_IRQHandler
                0x08004700                TIM5_IRQHandler
                0x08004700                DMA2_Stream7_IRQHandler
                0x08004700                I2C3_EV_IRQHandler
                0x08004700                RTC_WKUP_IRQHandler
                0x08004700                SPDIF_RX_IRQHandler
                0x08004700                SPI2_IRQHandler
                0x08004700                OTG_HS_EP1_IN_IRQHandler
                0x08004700                DMA1_Stream0_IRQHandler
                0x08004700                CAN1_TX_IRQHandler
                0x08004700                FMPI2C1_ER_IRQHandler
                0x08004700                EXTI4_IRQHandler
                0x08004700                OTG_HS_EP1_OUT_IRQHandler
                0x08004700                WWDG_IRQHandler
                0x08004700                TIM2_IRQHandler
                0x08004700                OTG_FS_WKUP_IRQHandler
                0x08004700                TIM1_TRG_COM_TIM11_IRQHandler
                0x08004700                OTG_HS_IRQHandler
                0x08004700                EXTI1_IRQHandler
                0x08004700                USART2_IRQHandler
                0x08004700                I2C2_ER_IRQHandler
                0x08004700                DMA2_Stream1_IRQHandler
                0x08004700                CAN1_SCE_IRQHandler
                0x08004700                FLASH_IRQHandler
                0x08004700                DMA2_Stream4_IRQHandler
                0x08004700                USART1_IRQHandler
                0x08004700                OTG_FS_IRQHandler
                0x08004700                SPI3_IRQHandler
                0x08004700                I2C1_ER_IRQHandler
                0x08004700                FMC_IRQHandler
                0x08004700                DMA2_Stream6_IRQHandler
                0x08004700                SAI1_IRQHandler
                0x08004700                DMA1_Stream3_IRQHandler
 *fill*         0x08004702        0x2 
 .text.HAL_Init
                0x08004704       0x44 ./Drivers/STM32F4xx_HAL_Driver/Src/stm32f4xx_hal.o
                0x08004704                HAL_Init
 .text.HAL_IncTick
                0x08004748       0x28 ./Drivers/STM32F4xx_HAL_Driver/Src/stm32f4xx_hal.o
                0x08004748                HAL_IncTick
 .text.HAL_GetTick
                0x08004770       0x18 ./Drivers/STM32F4xx_HAL_Driver/Src/stm32f4xx_hal.o
                0x08004770                HAL_GetTick
 .text.HAL_Delay
                0x08004788       0x48 ./Drivers/STM32F4xx_HAL_Driver/Src/stm32f4xx_hal.o
                0x08004788                HAL_Delay
 .text.__NVIC_SetPriorityGrouping
                0x080047d0       0x48 ./Drivers/STM32F4xx_HAL_Driver/Src/stm32f4xx_hal_cortex.o
 .text.__NVIC_GetPriorityGrouping
                0x08004818       0x1c ./Drivers/STM32F4xx_HAL_Driver/Src/stm32f4xx_hal_cortex.o
 .text.__NVIC_EnableIRQ
                0x08004834       0x3c ./Drivers/STM32F4xx_HAL_Driver/Src/stm32f4xx_hal_cortex.o
 .text.__NVIC_SetPriority
                0x08004870       0x54 ./Drivers/STM32F4xx_HAL_Driver/Src/stm32f4xx_hal_cortex.o
 .text.NVIC_EncodePriority
                0x080048c4       0x66 ./Drivers/STM32F4xx_HAL_Driver/Src/stm32f4xx_hal_cortex.o
 .text.HAL_NVIC_SetPriorityGrouping
                0x0800492a       0x16 ./Drivers/STM32F4xx_HAL_Driver/Src/stm32f4xx_hal_cortex.o
                0x0800492a                HAL_NVIC_SetPriorityGrouping
 .text.HAL_NVIC_SetPriority
                0x08004940       0x38 ./Drivers/STM32F4xx_HAL_Driver/Src/stm32f4xx_hal_cortex.o
                0x08004940                HAL_NVIC_SetPriority
 .text.HAL_NVIC_EnableIRQ
                0x08004978       0x1c ./Drivers/STM32F4xx_HAL_Driver/Src/stm32f4xx_hal_cortex.o
                0x08004978                HAL_NVIC_EnableIRQ
 .text.HAL_DMA_Init
                0x08004994      0x15c ./Drivers/STM32F4xx_HAL_Driver/Src/stm32f4xx_hal_dma.o
                0x08004994                HAL_DMA_Init
 .text.HAL_DMA_DeInit
                0x08004af0       0xbc ./Drivers/STM32F4xx_HAL_Driver/Src/stm32f4xx_hal_dma.o
                0x08004af0                HAL_DMA_DeInit
 .text.HAL_DMA_Start_IT
                0x08004bac       0xb0 ./Drivers/STM32F4xx_HAL_Driver/Src/stm32f4xx_hal_dma.o
                0x08004bac                HAL_DMA_Start_IT
 .text.HAL_DMA_Abort
                0x08004c5c       0xe0 ./Drivers/STM32F4xx_HAL_Driver/Src/stm32f4xx_hal_dma.o
                0x08004c5c                HAL_DMA_Abort
 .text.HAL_DMA_IRQHandler
                0x08004d3c      0x314 ./Drivers/STM32F4xx_HAL_Driver/Src/stm32f4xx_hal_dma.o
                0x08004d3c                HAL_DMA_IRQHandler
 .text.DMA_SetConfig
                0x08005050       0x5c ./Drivers/STM32F4xx_HAL_Driver/Src/stm32f4xx_hal_dma.o
 .text.DMA_CalcBaseAndBitshift
                0x080050ac       0x6c ./Drivers/STM32F4xx_HAL_Driver/Src/stm32f4xx_hal_dma.o
 .text.DMA_CheckFifoParam
                0x08005118       0xf8 ./Drivers/STM32F4xx_HAL_Driver/Src/stm32f4xx_hal_dma.o
 .text.HAL_GPIO_Init
                0x08005210      0x328 ./Drivers/STM32F4xx_HAL_Driver/Src/stm32f4xx_hal_gpio.o
                0x08005210                HAL_GPIO_Init
 .text.HAL_GPIO_DeInit
                0x08005538      0x1e8 ./Drivers/STM32F4xx_HAL_Driver/Src/stm32f4xx_hal_gpio.o
                0x08005538                HAL_GPIO_DeInit
 .text.HAL_GPIO_ReadPin
                0x08005720       0x30 ./Drivers/STM32F4xx_HAL_Driver/Src/stm32f4xx_hal_gpio.o
                0x08005720                HAL_GPIO_ReadPin
 .text.HAL_GPIO_WritePin
                0x08005750       0x32 ./Drivers/STM32F4xx_HAL_Driver/Src/stm32f4xx_hal_gpio.o
                0x08005750                HAL_GPIO_WritePin
 *fill*         0x08005782        0x2 
 .text.HAL_GPIO_EXTI_IRQHandler
                0x08005784       0x30 ./Drivers/STM32F4xx_HAL_Driver/Src/stm32f4xx_hal_gpio.o
                0x08005784                HAL_GPIO_EXTI_IRQHandler
 .text.HAL_IWDG_Init
                0x080057b4       0x88 ./Drivers/STM32F4xx_HAL_Driver/Src/stm32f4xx_hal_iwdg.o
                0x080057b4                HAL_IWDG_Init
 .text.HAL_IWDG_Refresh
                0x0800583c       0x20 ./Drivers/STM32F4xx_HAL_Driver/Src/stm32f4xx_hal_iwdg.o
                0x0800583c                HAL_IWDG_Refresh
 .text.HAL_RCC_ClockConfig
                0x0800585c      0x1cc ./Drivers/STM32F4xx_HAL_Driver/Src/stm32f4xx_hal_rcc.o
                0x0800585c                HAL_RCC_ClockConfig
 .text.HAL_RCC_GetHCLKFreq
                0x08005a28       0x18 ./Drivers/STM32F4xx_HAL_Driver/Src/stm32f4xx_hal_rcc.o
                0x08005a28                HAL_RCC_GetHCLKFreq
 .text.HAL_RCC_GetPCLK1Freq
                0x08005a40       0x28 ./Drivers/STM32F4xx_HAL_Driver/Src/stm32f4xx_hal_rcc.o
                0x08005a40                HAL_RCC_GetPCLK1Freq
 .text.HAL_RCC_GetPCLK2Freq
                0x08005a68       0x28 ./Drivers/STM32F4xx_HAL_Driver/Src/stm32f4xx_hal_rcc.o
                0x08005a68                HAL_RCC_GetPCLK2Freq
 .text.HAL_RCC_GetClockConfig
                0x08005a90       0x64 ./Drivers/STM32F4xx_HAL_Driver/Src/stm32f4xx_hal_rcc.o
                0x08005a90                HAL_RCC_GetClockConfig
 .text.HAL_RCC_GetSysClockFreq
                0x08005af4      0x354 ./Drivers/STM32F4xx_HAL_Driver/Src/stm32f4xx_hal_rcc_ex.o
                0x08005af4                HAL_RCC_GetSysClockFreq
 .text.HAL_RCC_OscConfig
                0x08005e48      0x53c ./Drivers/STM32F4xx_HAL_Driver/Src/stm32f4xx_hal_rcc_ex.o
                0x08005e48                HAL_RCC_OscConfig
 .text.HAL_TIM_Base_Init
                0x08006384       0x9e ./Drivers/STM32F4xx_HAL_Driver/Src/stm32f4xx_hal_tim.o
                0x08006384                HAL_TIM_Base_Init
 *fill*         0x08006422        0x2 
 .text.HAL_TIM_Base_Start
                0x08006424       0xd0 ./Drivers/STM32F4xx_HAL_Driver/Src/stm32f4xx_hal_tim.o
                0x08006424                HAL_TIM_Base_Start
 .text.HAL_TIM_Base_Start_IT
                0x080064f4       0xe0 ./Drivers/STM32F4xx_HAL_Driver/Src/stm32f4xx_hal_tim.o
                0x080064f4                HAL_TIM_Base_Start_IT
 .text.HAL_TIM_IRQHandler
                0x080065d4      0x1e0 ./Drivers/STM32F4xx_HAL_Driver/Src/stm32f4xx_hal_tim.o
                0x080065d4                HAL_TIM_IRQHandler
 .text.HAL_TIM_ConfigClockSource
                0x080067b4      0x18e ./Drivers/STM32F4xx_HAL_Driver/Src/stm32f4xx_hal_tim.o
                0x080067b4                HAL_TIM_ConfigClockSource
 .text.HAL_TIM_OC_DelayElapsedCallback
                0x08006942       0x14 ./Drivers/STM32F4xx_HAL_Driver/Src/stm32f4xx_hal_tim.o
                0x08006942                HAL_TIM_OC_DelayElapsedCallback
 .text.HAL_TIM_IC_CaptureCallback
                0x08006956       0x14 ./Drivers/STM32F4xx_HAL_Driver/Src/stm32f4xx_hal_tim.o
                0x08006956                HAL_TIM_IC_CaptureCallback
 .text.HAL_TIM_PWM_PulseFinishedCallback
                0x0800696a       0x14 ./Drivers/STM32F4xx_HAL_Driver/Src/stm32f4xx_hal_tim.o
                0x0800696a                HAL_TIM_PWM_PulseFinishedCallback
 .text.HAL_TIM_TriggerCallback
                0x0800697e       0x14 ./Drivers/STM32F4xx_HAL_Driver/Src/stm32f4xx_hal_tim.o
                0x0800697e                HAL_TIM_TriggerCallback
 *fill*         0x08006992        0x2 
 .text.TIM_Base_SetConfig
                0x08006994      0x14c ./Drivers/STM32F4xx_HAL_Driver/Src/stm32f4xx_hal_tim.o
                0x08006994                TIM_Base_SetConfig
 .text.TIM_TI1_ConfigInputStage
                0x08006ae0       0x5e ./Drivers/STM32F4xx_HAL_Driver/Src/stm32f4xx_hal_tim.o
 .text.TIM_TI2_ConfigInputStage
                0x08006b3e       0x60 ./Drivers/STM32F4xx_HAL_Driver/Src/stm32f4xx_hal_tim.o
 .text.TIM_ITRx_SetConfig
                0x08006b9e       0x36 ./Drivers/STM32F4xx_HAL_Driver/Src/stm32f4xx_hal_tim.o
 .text.TIM_ETR_SetConfig
                0x08006bd4       0x40 ./Drivers/STM32F4xx_HAL_Driver/Src/stm32f4xx_hal_tim.o
                0x08006bd4                TIM_ETR_SetConfig
 .text.HAL_TIMEx_MasterConfigSynchronization
                0x08006c14       0xf8 ./Drivers/STM32F4xx_HAL_Driver/Src/stm32f4xx_hal_tim_ex.o
                0x08006c14                HAL_TIMEx_MasterConfigSynchronization
 .text.HAL_TIMEx_CommutCallback
                0x08006d0c       0x14 ./Drivers/STM32F4xx_HAL_Driver/Src/stm32f4xx_hal_tim_ex.o
                0x08006d0c                HAL_TIMEx_CommutCallback
 .text.HAL_TIMEx_BreakCallback
                0x08006d20       0x14 ./Drivers/STM32F4xx_HAL_Driver/Src/stm32f4xx_hal_tim_ex.o
                0x08006d20                HAL_TIMEx_BreakCallback
 .text.HAL_UART_Init
                0x08006d34       0xa0 ./Drivers/STM32F4xx_HAL_Driver/Src/stm32f4xx_hal_uart.o
                0x08006d34                HAL_UART_Init
 .text.HAL_UART_DeInit
                0x08006dd4       0x64 ./Drivers/STM32F4xx_HAL_Driver/Src/stm32f4xx_hal_uart.o
                0x08006dd4                HAL_UART_DeInit
 .text.HAL_UART_Transmit
                0x08006e38      0x116 ./Drivers/STM32F4xx_HAL_Driver/Src/stm32f4xx_hal_uart.o
                0x08006e38                HAL_UART_Transmit
 .text.HAL_UART_Receive_DMA
                0x08006f4e       0x4a ./Drivers/STM32F4xx_HAL_Driver/Src/stm32f4xx_hal_uart.o
                0x08006f4e                HAL_UART_Receive_DMA
 .text.HAL_UART_DMAStop
                0x08006f98       0xfe ./Drivers/STM32F4xx_HAL_Driver/Src/stm32f4xx_hal_uart.o
                0x08006f98                HAL_UART_DMAStop
 .text.HAL_UART_RxHalfCpltCallback
                0x08007096       0x14 ./Drivers/STM32F4xx_HAL_Driver/Src/stm32f4xx_hal_uart.o
                0x08007096                HAL_UART_RxHalfCpltCallback
 .text.HAL_UART_ErrorCallback
                0x080070aa       0x14 ./Drivers/STM32F4xx_HAL_Driver/Src/stm32f4xx_hal_uart.o
                0x080070aa                HAL_UART_ErrorCallback
 .text.HAL_UARTEx_RxEventCallback
                0x080070be       0x18 ./Drivers/STM32F4xx_HAL_Driver/Src/stm32f4xx_hal_uart.o
                0x080070be                HAL_UARTEx_RxEventCallback
 .text.UART_DMAReceiveCplt
                0x080070d6      0x12c ./Drivers/STM32F4xx_HAL_Driver/Src/stm32f4xx_hal_uart.o
 .text.UART_DMARxHalfCplt
                0x08007202       0x3c ./Drivers/STM32F4xx_HAL_Driver/Src/stm32f4xx_hal_uart.o
 .text.UART_DMAError
                0x0800723e       0x94 ./Drivers/STM32F4xx_HAL_Driver/Src/stm32f4xx_hal_uart.o
 .text.UART_WaitOnFlagUntilTimeout
                0x080072d2       0xb2 ./Drivers/STM32F4xx_HAL_Driver/Src/stm32f4xx_hal_uart.o
 .text.UART_Start_Receive_DMA
                0x08007384      0x14c ./Drivers/STM32F4xx_HAL_Driver/Src/stm32f4xx_hal_uart.o
                0x08007384                UART_Start_Receive_DMA
 .text.UART_EndTxTransfer
                0x080074d0       0x50 ./Drivers/STM32F4xx_HAL_Driver/Src/stm32f4xx_hal_uart.o
 .text.UART_EndRxTransfer
                0x08007520       0xc6 ./Drivers/STM32F4xx_HAL_Driver/Src/stm32f4xx_hal_uart.o
 *fill*         0x080075e6        0x2 
 .text.UART_SetConfig
                0x080075e8      0x4e8 ./Drivers/STM32F4xx_HAL_Driver/Src/stm32f4xx_hal_uart.o
 .text.std      0x08007ad0       0x6c C:/Program Files/ST/STM32CubeIDE_1.19.0/STM32CubeIDE/plugins/com.st.stm32cube.ide.mcu.externaltools.gnu-tools-for-stm32.13.3.rel1.win32_1.0.0.202411081344/tools/bin/../lib/gcc/arm-none-eabi/13.3.1/../../../../arm-none-eabi/lib/thumb/v7e-m+fp/hard\libc_nano.a(libc_a-findfp.o)
 .text.stdio_exit_handler
                0x08007b3c       0x18 C:/Program Files/ST/STM32CubeIDE_1.19.0/STM32CubeIDE/plugins/com.st.stm32cube.ide.mcu.externaltools.gnu-tools-for-stm32.13.3.rel1.win32_1.0.0.202411081344/tools/bin/../lib/gcc/arm-none-eabi/13.3.1/../../../../arm-none-eabi/lib/thumb/v7e-m+fp/hard\libc_nano.a(libc_a-findfp.o)
 .text.cleanup_stdio
                0x08007b54       0x40 C:/Program Files/ST/STM32CubeIDE_1.19.0/STM32CubeIDE/plugins/com.st.stm32cube.ide.mcu.externaltools.gnu-tools-for-stm32.13.3.rel1.win32_1.0.0.202411081344/tools/bin/../lib/gcc/arm-none-eabi/13.3.1/../../../../arm-none-eabi/lib/thumb/v7e-m+fp/hard\libc_nano.a(libc_a-findfp.o)
 .text.global_stdio_init.part.0
                0x08007b94       0x3c C:/Program Files/ST/STM32CubeIDE_1.19.0/STM32CubeIDE/plugins/com.st.stm32cube.ide.mcu.externaltools.gnu-tools-for-stm32.13.3.rel1.win32_1.0.0.202411081344/tools/bin/../lib/gcc/arm-none-eabi/13.3.1/../../../../arm-none-eabi/lib/thumb/v7e-m+fp/hard\libc_nano.a(libc_a-findfp.o)
 .text.__sfp_lock_acquire
                0x08007bd0        0xc C:/Program Files/ST/STM32CubeIDE_1.19.0/STM32CubeIDE/plugins/com.st.stm32cube.ide.mcu.externaltools.gnu-tools-for-stm32.13.3.rel1.win32_1.0.0.202411081344/tools/bin/../lib/gcc/arm-none-eabi/13.3.1/../../../../arm-none-eabi/lib/thumb/v7e-m+fp/hard\libc_nano.a(libc_a-findfp.o)
                0x08007bd0                __sfp_lock_acquire
 .text.__sfp_lock_release
                0x08007bdc        0xc C:/Program Files/ST/STM32CubeIDE_1.19.0/STM32CubeIDE/plugins/com.st.stm32cube.ide.mcu.externaltools.gnu-tools-for-stm32.13.3.rel1.win32_1.0.0.202411081344/tools/bin/../lib/gcc/arm-none-eabi/13.3.1/../../../../arm-none-eabi/lib/thumb/v7e-m+fp/hard\libc_nano.a(libc_a-findfp.o)
                0x08007bdc                __sfp_lock_release
 .text.__sinit  0x08007be8       0x30 C:/Program Files/ST/STM32CubeIDE_1.19.0/STM32CubeIDE/plugins/com.st.stm32cube.ide.mcu.externaltools.gnu-tools-for-stm32.13.3.rel1.win32_1.0.0.202411081344/tools/bin/../lib/gcc/arm-none-eabi/13.3.1/../../../../arm-none-eabi/lib/thumb/v7e-m+fp/hard\libc_nano.a(libc_a-findfp.o)
                0x08007be8                __sinit
 .text._fwalk_sglue
                0x08007c18       0x3c C:/Program Files/ST/STM32CubeIDE_1.19.0/STM32CubeIDE/plugins/com.st.stm32cube.ide.mcu.externaltools.gnu-tools-for-stm32.13.3.rel1.win32_1.0.0.202411081344/tools/bin/../lib/gcc/arm-none-eabi/13.3.1/../../../../arm-none-eabi/lib/thumb/v7e-m+fp/hard\libc_nano.a(libc_a-fwalk.o)
                0x08007c18                _fwalk_sglue
 .text.printf   0x08007c54       0x24 C:/Program Files/ST/STM32CubeIDE_1.19.0/STM32CubeIDE/plugins/com.st.stm32cube.ide.mcu.externaltools.gnu-tools-for-stm32.13.3.rel1.win32_1.0.0.202411081344/tools/bin/../lib/gcc/arm-none-eabi/13.3.1/../../../../arm-none-eabi/lib/thumb/v7e-m+fp/hard\libc_nano.a(libc_a-printf.o)
                0x08007c54                iprintf
                0x08007c54                printf
 .text._puts_r  0x08007c78       0xaa C:/Program Files/ST/STM32CubeIDE_1.19.0/STM32CubeIDE/plugins/com.st.stm32cube.ide.mcu.externaltools.gnu-tools-for-stm32.13.3.rel1.win32_1.0.0.202411081344/tools/bin/../lib/gcc/arm-none-eabi/13.3.1/../../../../arm-none-eabi/lib/thumb/v7e-m+fp/hard\libc_nano.a(libc_a-puts.o)
                0x08007c78                _puts_r
 *fill*         0x08007d22        0x2 
 .text.puts     0x08007d24       0x10 C:/Program Files/ST/STM32CubeIDE_1.19.0/STM32CubeIDE/plugins/com.st.stm32cube.ide.mcu.externaltools.gnu-tools-for-stm32.13.3.rel1.win32_1.0.0.202411081344/tools/bin/../lib/gcc/arm-none-eabi/13.3.1/../../../../arm-none-eabi/lib/thumb/v7e-m+fp/hard\libc_nano.a(libc_a-puts.o)
                0x08007d24                puts
 .text.snprintf
                0x08007d34       0x6c C:/Program Files/ST/STM32CubeIDE_1.19.0/STM32CubeIDE/plugins/com.st.stm32cube.ide.mcu.externaltools.gnu-tools-for-stm32.13.3.rel1.win32_1.0.0.202411081344/tools/bin/../lib/gcc/arm-none-eabi/13.3.1/../../../../arm-none-eabi/lib/thumb/v7e-m+fp/hard\libc_nano.a(libc_a-snprintf.o)
                0x08007d34                sniprintf
                0x08007d34                snprintf
 .text.__sread  0x08007da0       0x22 C:/Program Files/ST/STM32CubeIDE_1.19.0/STM32CubeIDE/plugins/com.st.stm32cube.ide.mcu.externaltools.gnu-tools-for-stm32.13.3.rel1.win32_1.0.0.202411081344/tools/bin/../lib/gcc/arm-none-eabi/13.3.1/../../../../arm-none-eabi/lib/thumb/v7e-m+fp/hard\libc_nano.a(libc_a-stdio.o)
                0x08007da0                __sread
 .text.__swrite
                0x08007dc2       0x38 C:/Program Files/ST/STM32CubeIDE_1.19.0/STM32CubeIDE/plugins/com.st.stm32cube.ide.mcu.externaltools.gnu-tools-for-stm32.13.3.rel1.win32_1.0.0.202411081344/tools/bin/../lib/gcc/arm-none-eabi/13.3.1/../../../../arm-none-eabi/lib/thumb/v7e-m+fp/hard\libc_nano.a(libc_a-stdio.o)
                0x08007dc2                __swrite
 .text.__sseek  0x08007dfa       0x24 C:/Program Files/ST/STM32CubeIDE_1.19.0/STM32CubeIDE/plugins/com.st.stm32cube.ide.mcu.externaltools.gnu-tools-for-stm32.13.3.rel1.win32_1.0.0.202411081344/tools/bin/../lib/gcc/arm-none-eabi/13.3.1/../../../../arm-none-eabi/lib/thumb/v7e-m+fp/hard\libc_nano.a(libc_a-stdio.o)
                0x08007dfa                __sseek
 .text.__sclose
                0x08007e1e        0x8 C:/Program Files/ST/STM32CubeIDE_1.19.0/STM32CubeIDE/plugins/com.st.stm32cube.ide.mcu.externaltools.gnu-tools-for-stm32.13.3.rel1.win32_1.0.0.202411081344/tools/bin/../lib/gcc/arm-none-eabi/13.3.1/../../../../arm-none-eabi/lib/thumb/v7e-m+fp/hard\libc_nano.a(libc_a-stdio.o)
                0x08007e1e                __sclose
 .text.__swbuf_r
                0x08007e26       0x7c C:/Program Files/ST/STM32CubeIDE_1.19.0/STM32CubeIDE/plugins/com.st.stm32cube.ide.mcu.externaltools.gnu-tools-for-stm32.13.3.rel1.win32_1.0.0.202411081344/tools/bin/../lib/gcc/arm-none-eabi/13.3.1/../../../../arm-none-eabi/lib/thumb/v7e-m+fp/hard\libc_nano.a(libc_a-wbuf.o)
                0x08007e26                __swbuf_r
 *fill*         0x08007ea2        0x2 
 .text.__swsetup_r
                0x08007ea4       0xac C:/Program Files/ST/STM32CubeIDE_1.19.0/STM32CubeIDE/plugins/com.st.stm32cube.ide.mcu.externaltools.gnu-tools-for-stm32.13.3.rel1.win32_1.0.0.202411081344/tools/bin/../lib/gcc/arm-none-eabi/13.3.1/../../../../arm-none-eabi/lib/thumb/v7e-m+fp/hard\libc_nano.a(libc_a-wsetup.o)
                0x08007ea4                __swsetup_r
 .text.memset   0x08007f50       0x10 C:/Program Files/ST/STM32CubeIDE_1.19.0/STM32CubeIDE/plugins/com.st.stm32cube.ide.mcu.externaltools.gnu-tools-for-stm32.13.3.rel1.win32_1.0.0.202411081344/tools/bin/../lib/gcc/arm-none-eabi/13.3.1/../../../../arm-none-eabi/lib/thumb/v7e-m+fp/hard\libc_nano.a(libc_a-memset.o)
                0x08007f50                memset
 .text._close_r
                0x08007f60       0x20 C:/Program Files/ST/STM32CubeIDE_1.19.0/STM32CubeIDE/plugins/com.st.stm32cube.ide.mcu.externaltools.gnu-tools-for-stm32.13.3.rel1.win32_1.0.0.202411081344/tools/bin/../lib/gcc/arm-none-eabi/13.3.1/../../../../arm-none-eabi/lib/thumb/v7e-m+fp/hard\libc_nano.a(libc_a-closer.o)
                0x08007f60                _close_r
 .text._lseek_r
                0x08007f80       0x24 C:/Program Files/ST/STM32CubeIDE_1.19.0/STM32CubeIDE/plugins/com.st.stm32cube.ide.mcu.externaltools.gnu-tools-for-stm32.13.3.rel1.win32_1.0.0.202411081344/tools/bin/../lib/gcc/arm-none-eabi/13.3.1/../../../../arm-none-eabi/lib/thumb/v7e-m+fp/hard\libc_nano.a(libc_a-lseekr.o)
                0x08007f80                _lseek_r
 .text._read_r  0x08007fa4       0x24 C:/Program Files/ST/STM32CubeIDE_1.19.0/STM32CubeIDE/plugins/com.st.stm32cube.ide.mcu.externaltools.gnu-tools-for-stm32.13.3.rel1.win32_1.0.0.202411081344/tools/bin/../lib/gcc/arm-none-eabi/13.3.1/../../../../arm-none-eabi/lib/thumb/v7e-m+fp/hard\libc_nano.a(libc_a-readr.o)
                0x08007fa4                _read_r
 .text._write_r
                0x08007fc8       0x24 C:/Program Files/ST/STM32CubeIDE_1.19.0/STM32CubeIDE/plugins/com.st.stm32cube.ide.mcu.externaltools.gnu-tools-for-stm32.13.3.rel1.win32_1.0.0.202411081344/tools/bin/../lib/gcc/arm-none-eabi/13.3.1/../../../../arm-none-eabi/lib/thumb/v7e-m+fp/hard\libc_nano.a(libc_a-writer.o)
                0x08007fc8                _write_r
 .text.__errno  0x08007fec        0xc C:/Program Files/ST/STM32CubeIDE_1.19.0/STM32CubeIDE/plugins/com.st.stm32cube.ide.mcu.externaltools.gnu-tools-for-stm32.13.3.rel1.win32_1.0.0.202411081344/tools/bin/../lib/gcc/arm-none-eabi/13.3.1/../../../../arm-none-eabi/lib/thumb/v7e-m+fp/hard\libc_nano.a(libc_a-errno.o)
                0x08007fec                __errno
 .text.__libc_init_array
                0x08007ff8       0x48 C:/Program Files/ST/STM32CubeIDE_1.19.0/STM32CubeIDE/plugins/com.st.stm32cube.ide.mcu.externaltools.gnu-tools-for-stm32.13.3.rel1.win32_1.0.0.202411081344/tools/bin/../lib/gcc/arm-none-eabi/13.3.1/../../../../arm-none-eabi/lib/thumb/v7e-m+fp/hard\libc_nano.a(libc_a-init.o)
                0x08007ff8                __libc_init_array
 .text.__retarget_lock_init_recursive
                0x08008040        0x2 C:/Program Files/ST/STM32CubeIDE_1.19.0/STM32CubeIDE/plugins/com.st.stm32cube.ide.mcu.externaltools.gnu-tools-for-stm32.13.3.rel1.win32_1.0.0.202411081344/tools/bin/../lib/gcc/arm-none-eabi/13.3.1/../../../../arm-none-eabi/lib/thumb/v7e-m+fp/hard\libc_nano.a(libc_a-lock.o)
                0x08008040                __retarget_lock_init_recursive
 .text.__retarget_lock_acquire_recursive
                0x08008042        0x2 C:/Program Files/ST/STM32CubeIDE_1.19.0/STM32CubeIDE/plugins/com.st.stm32cube.ide.mcu.externaltools.gnu-tools-for-stm32.13.3.rel1.win32_1.0.0.202411081344/tools/bin/../lib/gcc/arm-none-eabi/13.3.1/../../../../arm-none-eabi/lib/thumb/v7e-m+fp/hard\libc_nano.a(libc_a-lock.o)
                0x08008042                __retarget_lock_acquire_recursive
 .text.__retarget_lock_release_recursive
                0x08008044        0x2 C:/Program Files/ST/STM32CubeIDE_1.19.0/STM32CubeIDE/plugins/com.st.stm32cube.ide.mcu.externaltools.gnu-tools-for-stm32.13.3.rel1.win32_1.0.0.202411081344/tools/bin/../lib/gcc/arm-none-eabi/13.3.1/../../../../arm-none-eabi/lib/thumb/v7e-m+fp/hard\libc_nano.a(libc_a-lock.o)
                0x08008044                __retarget_lock_release_recursive
 *fill*         0x08008046        0x2 
 .text._free_r  0x08008048       0x94 C:/Program Files/ST/STM32CubeIDE_1.19.0/STM32CubeIDE/plugins/com.st.stm32cube.ide.mcu.externaltools.gnu-tools-for-stm32.13.3.rel1.win32_1.0.0.202411081344/tools/bin/../lib/gcc/arm-none-eabi/13.3.1/../../../../arm-none-eabi/lib/thumb/v7e-m+fp/hard\libc_nano.a(libc_a-freer.o)
                0x08008048                _free_r
 .text.sbrk_aligned
                0x080080dc       0x44 C:/Program Files/ST/STM32CubeIDE_1.19.0/STM32CubeIDE/plugins/com.st.stm32cube.ide.mcu.externaltools.gnu-tools-for-stm32.13.3.rel1.win32_1.0.0.202411081344/tools/bin/../lib/gcc/arm-none-eabi/13.3.1/../../../../arm-none-eabi/lib/thumb/v7e-m+fp/hard\libc_nano.a(libc_a-mallocr.o)
 .text._malloc_r
                0x08008120      0x100 C:/Program Files/ST/STM32CubeIDE_1.19.0/STM32CubeIDE/plugins/com.st.stm32cube.ide.mcu.externaltools.gnu-tools-for-stm32.13.3.rel1.win32_1.0.0.202411081344/tools/bin/../lib/gcc/arm-none-eabi/13.3.1/../../../../arm-none-eabi/lib/thumb/v7e-m+fp/hard\libc_nano.a(libc_a-mallocr.o)
                0x08008120                _malloc_r
 .text.__malloc_lock
                0x08008220        0xc C:/Program Files/ST/STM32CubeIDE_1.19.0/STM32CubeIDE/plugins/com.st.stm32cube.ide.mcu.externaltools.gnu-tools-for-stm32.13.3.rel1.win32_1.0.0.202411081344/tools/bin/../lib/gcc/arm-none-eabi/13.3.1/../../../../arm-none-eabi/lib/thumb/v7e-m+fp/hard\libc_nano.a(libc_a-mlock.o)
                0x08008220                __malloc_lock
 .text.__malloc_unlock
                0x0800822c        0xc C:/Program Files/ST/STM32CubeIDE_1.19.0/STM32CubeIDE/plugins/com.st.stm32cube.ide.mcu.externaltools.gnu-tools-for-stm32.13.3.rel1.win32_1.0.0.202411081344/tools/bin/../lib/gcc/arm-none-eabi/13.3.1/../../../../arm-none-eabi/lib/thumb/v7e-m+fp/hard\libc_nano.a(libc_a-mlock.o)
                0x0800822c                __malloc_unlock
 .text.__ssputs_r
                0x08008238       0xb6 C:/Program Files/ST/STM32CubeIDE_1.19.0/STM32CubeIDE/plugins/com.st.stm32cube.ide.mcu.externaltools.gnu-tools-for-stm32.13.3.rel1.win32_1.0.0.202411081344/tools/bin/../lib/gcc/arm-none-eabi/13.3.1/../../../../arm-none-eabi/lib/thumb/v7e-m+fp/hard\libc_nano.a(libc_a-nano-svfprintf.o)
                0x08008238                __ssputs_r
 *fill*         0x080082ee        0x2 
 .text._svfprintf_r
                0x080082f0      0x1f8 C:/Program Files/ST/STM32CubeIDE_1.19.0/STM32CubeIDE/plugins/com.st.stm32cube.ide.mcu.externaltools.gnu-tools-for-stm32.13.3.rel1.win32_1.0.0.202411081344/tools/bin/../lib/gcc/arm-none-eabi/13.3.1/../../../../arm-none-eabi/lib/thumb/v7e-m+fp/hard\libc_nano.a(libc_a-nano-svfprintf.o)
                0x080082f0                _svfiprintf_r
                0x080082f0                _svfprintf_r
 .text.__sfputc_r
                0x080084e8       0x2e C:/Program Files/ST/STM32CubeIDE_1.19.0/STM32CubeIDE/plugins/com.st.stm32cube.ide.mcu.externaltools.gnu-tools-for-stm32.13.3.rel1.win32_1.0.0.202411081344/tools/bin/../lib/gcc/arm-none-eabi/13.3.1/../../../../arm-none-eabi/lib/thumb/v7e-m+fp/hard\libc_nano.a(libc_a-nano-vfprintf.o)
 .text.__sfputs_r
                0x08008516       0x24 C:/Program Files/ST/STM32CubeIDE_1.19.0/STM32CubeIDE/plugins/com.st.stm32cube.ide.mcu.externaltools.gnu-tools-for-stm32.13.3.rel1.win32_1.0.0.202411081344/tools/bin/../lib/gcc/arm-none-eabi/13.3.1/../../../../arm-none-eabi/lib/thumb/v7e-m+fp/hard\libc_nano.a(libc_a-nano-vfprintf.o)
                0x08008516                __sfputs_r
 *fill*         0x0800853a        0x2 
 .text._vfprintf_r
                0x0800853c      0x230 C:/Program Files/ST/STM32CubeIDE_1.19.0/STM32CubeIDE/plugins/com.st.stm32cube.ide.mcu.externaltools.gnu-tools-for-stm32.13.3.rel1.win32_1.0.0.202411081344/tools/bin/../lib/gcc/arm-none-eabi/13.3.1/../../../../arm-none-eabi/lib/thumb/v7e-m+fp/hard\libc_nano.a(libc_a-nano-vfprintf.o)
                0x0800853c                _vfprintf_r
                0x0800853c                _vfiprintf_r
 .text._printf_common
                0x0800876c       0xda C:/Program Files/ST/STM32CubeIDE_1.19.0/STM32CubeIDE/plugins/com.st.stm32cube.ide.mcu.externaltools.gnu-tools-for-stm32.13.3.rel1.win32_1.0.0.202411081344/tools/bin/../lib/gcc/arm-none-eabi/13.3.1/../../../../arm-none-eabi/lib/thumb/v7e-m+fp/hard\libc_nano.a(libc_a-nano-vfprintf_i.o)
                0x0800876c                _printf_common
 *fill*         0x08008846        0x2 
 .text._printf_i
                0x08008848      0x23c C:/Program Files/ST/STM32CubeIDE_1.19.0/STM32CubeIDE/plugins/com.st.stm32cube.ide.mcu.externaltools.gnu-tools-for-stm32.13.3.rel1.win32_1.0.0.202411081344/tools/bin/../lib/gcc/arm-none-eabi/13.3.1/../../../../arm-none-eabi/lib/thumb/v7e-m+fp/hard\libc_nano.a(libc_a-nano-vfprintf_i.o)
                0x08008848                _printf_i
 .text.__sflush_r
                0x08008a84      0x108 C:/Program Files/ST/STM32CubeIDE_1.19.0/STM32CubeIDE/plugins/com.st.stm32cube.ide.mcu.externaltools.gnu-tools-for-stm32.13.3.rel1.win32_1.0.0.202411081344/tools/bin/../lib/gcc/arm-none-eabi/13.3.1/../../../../arm-none-eabi/lib/thumb/v7e-m+fp/hard\libc_nano.a(libc_a-fflush.o)
                0x08008a84                __sflush_r
 .text._fflush_r
                0x08008b8c       0x50 C:/Program Files/ST/STM32CubeIDE_1.19.0/STM32CubeIDE/plugins/com.st.stm32cube.ide.mcu.externaltools.gnu-tools-for-stm32.13.3.rel1.win32_1.0.0.202411081344/tools/bin/../lib/gcc/arm-none-eabi/13.3.1/../../../../arm-none-eabi/lib/thumb/v7e-m+fp/hard\libc_nano.a(libc_a-fflush.o)
                0x08008b8c                _fflush_r
 .text.__swhatbuf_r
                0x08008bdc       0x4c C:/Program Files/ST/STM32CubeIDE_1.19.0/STM32CubeIDE/plugins/com.st.stm32cube.ide.mcu.externaltools.gnu-tools-for-stm32.13.3.rel1.win32_1.0.0.202411081344/tools/bin/../lib/gcc/arm-none-eabi/13.3.1/../../../../arm-none-eabi/lib/thumb/v7e-m+fp/hard\libc_nano.a(libc_a-makebuf.o)
                0x08008bdc                __swhatbuf_r
 .text.__smakebuf_r
                0x08008c28       0x78 C:/Program Files/ST/STM32CubeIDE_1.19.0/STM32CubeIDE/plugins/com.st.stm32cube.ide.mcu.externaltools.gnu-tools-for-stm32.13.3.rel1.win32_1.0.0.202411081344/tools/bin/../lib/gcc/arm-none-eabi/13.3.1/../../../../arm-none-eabi/lib/thumb/v7e-m+fp/hard\libc_nano.a(libc_a-makebuf.o)
                0x08008c28                __smakebuf_r
 .text.memmove  0x08008ca0       0x34 C:/Program Files/ST/STM32CubeIDE_1.19.0/STM32CubeIDE/plugins/com.st.stm32cube.ide.mcu.externaltools.gnu-tools-for-stm32.13.3.rel1.win32_1.0.0.202411081344/tools/bin/../lib/gcc/arm-none-eabi/13.3.1/../../../../arm-none-eabi/lib/thumb/v7e-m+fp/hard\libc_nano.a(libc_a-memmove.o)
                0x08008ca0                memmove
 .text._fstat_r
                0x08008cd4       0x24 C:/Program Files/ST/STM32CubeIDE_1.19.0/STM32CubeIDE/plugins/com.st.stm32cube.ide.mcu.externaltools.gnu-tools-for-stm32.13.3.rel1.win32_1.0.0.202411081344/tools/bin/../lib/gcc/arm-none-eabi/13.3.1/../../../../arm-none-eabi/lib/thumb/v7e-m+fp/hard\libc_nano.a(libc_a-fstatr.o)
                0x08008cd4                _fstat_r
 .text._isatty_r
                0x08008cf8       0x20 C:/Program Files/ST/STM32CubeIDE_1.19.0/STM32CubeIDE/plugins/com.st.stm32cube.ide.mcu.externaltools.gnu-tools-for-stm32.13.3.rel1.win32_1.0.0.202411081344/tools/bin/../lib/gcc/arm-none-eabi/13.3.1/../../../../arm-none-eabi/lib/thumb/v7e-m+fp/hard\libc_nano.a(libc_a-isattyr.o)
                0x08008cf8                _isatty_r
 .text._sbrk_r  0x08008d18       0x20 C:/Program Files/ST/STM32CubeIDE_1.19.0/STM32CubeIDE/plugins/com.st.stm32cube.ide.mcu.externaltools.gnu-tools-for-stm32.13.3.rel1.win32_1.0.0.202411081344/tools/bin/../lib/gcc/arm-none-eabi/13.3.1/../../../../arm-none-eabi/lib/thumb/v7e-m+fp/hard\libc_nano.a(libc_a-sbrkr.o)
                0x08008d18                _sbrk_r
 .text.memcpy   0x08008d38       0x1c C:/Program Files/ST/STM32CubeIDE_1.19.0/STM32CubeIDE/plugins/com.st.stm32cube.ide.mcu.externaltools.gnu-tools-for-stm32.13.3.rel1.win32_1.0.0.202411081344/tools/bin/../lib/gcc/arm-none-eabi/13.3.1/../../../../arm-none-eabi/lib/thumb/v7e-m+fp/hard\libc_nano.a(libc_a-memcpy-stub.o)
                0x08008d38                memcpy
 .text._realloc_r
                0x08008d54       0x5c C:/Program Files/ST/STM32CubeIDE_1.19.0/STM32CubeIDE/plugins/com.st.stm32cube.ide.mcu.externaltools.gnu-tools-for-stm32.13.3.rel1.win32_1.0.0.202411081344/tools/bin/../lib/gcc/arm-none-eabi/13.3.1/../../../../arm-none-eabi/lib/thumb/v7e-m+fp/hard\libc_nano.a(libc_a-reallocr.o)
                0x08008d54                _realloc_r
 .text._malloc_usable_size_r
                0x08008db0       0x10 C:/Program Files/ST/STM32CubeIDE_1.19.0/STM32CubeIDE/plugins/com.st.stm32cube.ide.mcu.externaltools.gnu-tools-for-stm32.13.3.rel1.win32_1.0.0.202411081344/tools/bin/../lib/gcc/arm-none-eabi/13.3.1/../../../../arm-none-eabi/lib/thumb/v7e-m+fp/hard\libc_nano.a(libc_a-msizer.o)
                0x08008db0                _malloc_usable_size_r
 *(.glue_7)
 .glue_7        0x08008dc0        0x0 linker stubs
 *(.glue_7t)
 .glue_7t       0x08008dc0        0x0 linker stubs
 *(.eh_frame)
 .eh_frame      0x08008dc0        0x0 C:/Program Files/ST/STM32CubeIDE_1.19.0/STM32CubeIDE/plugins/com.st.stm32cube.ide.mcu.externaltools.gnu-tools-for-stm32.13.3.rel1.win32_1.0.0.202411081344/tools/bin/../lib/gcc/arm-none-eabi/13.3.1/thumb/v7e-m+fp/hard/crtbegin.o
 *(.init)
 .init          0x08008dc0        0x4 C:/Program Files/ST/STM32CubeIDE_1.19.0/STM32CubeIDE/plugins/com.st.stm32cube.ide.mcu.externaltools.gnu-tools-for-stm32.13.3.rel1.win32_1.0.0.202411081344/tools/bin/../lib/gcc/arm-none-eabi/13.3.1/thumb/v7e-m+fp/hard/crti.o
                0x08008dc0                _init
 .init          0x08008dc4        0x8 C:/Program Files/ST/STM32CubeIDE_1.19.0/STM32CubeIDE/plugins/com.st.stm32cube.ide.mcu.externaltools.gnu-tools-for-stm32.13.3.rel1.win32_1.0.0.202411081344/tools/bin/../lib/gcc/arm-none-eabi/13.3.1/thumb/v7e-m+fp/hard/crtn.o
 *(.fini)
 .fini          0x08008dcc        0x4 C:/Program Files/ST/STM32CubeIDE_1.19.0/STM32CubeIDE/plugins/com.st.stm32cube.ide.mcu.externaltools.gnu-tools-for-stm32.13.3.rel1.win32_1.0.0.202411081344/tools/bin/../lib/gcc/arm-none-eabi/13.3.1/thumb/v7e-m+fp/hard/crti.o
                0x08008dcc                _fini
 .fini          0x08008dd0        0x8 C:/Program Files/ST/STM32CubeIDE_1.19.0/STM32CubeIDE/plugins/com.st.stm32cube.ide.mcu.externaltools.gnu-tools-for-stm32.13.3.rel1.win32_1.0.0.202411081344/tools/bin/../lib/gcc/arm-none-eabi/13.3.1/thumb/v7e-m+fp/hard/crtn.o
                0x08008dd8                        . = ALIGN (0x4)
                0x08008dd8                        _etext = .

.vfp11_veneer   0x08008dd8        0x0
 .vfp11_veneer  0x08008dd8        0x0 linker stubs

.v4_bx          0x08008dd8        0x0
 .v4_bx         0x08008dd8        0x0 linker stubs

.iplt           0x08008dd8        0x0
 .iplt          0x08008dd8        0x0 C:/Program Files/ST/STM32CubeIDE_1.19.0/STM32CubeIDE/plugins/com.st.stm32cube.ide.mcu.externaltools.gnu-tools-for-stm32.13.3.rel1.win32_1.0.0.202411081344/tools/bin/../lib/gcc/arm-none-eabi/13.3.1/thumb/v7e-m+fp/hard/crtbegin.o

.rodata         0x08008dd8      0x568
                0x08008dd8                        . = ALIGN (0x4)
 *(.rodata)
 .rodata        0x08008dd8       0xfb ./Core/Src/bms_master_comm.o
 *fill*         0x08008ed3        0x1 
 .rodata        0x08008ed4       0x30 ./Core/Src/bms_relays.o
 .rodata        0x08008f04        0x9 ./Core/Src/bq796xx_bms.o
 *fill*         0x08008f0d        0x3 
 .rodata        0x08008f10       0xfe ./Core/Src/bq796xx_bms_monitor.o
 *fill*         0x0800900e        0x2 
 .rodata        0x08009010      0x233 ./Core/Src/main_bms_app.o
 *(.rodata*)
 *fill*         0x08009243        0x1 
 .rodata.g_ntc_table
                0x08009244       0x54 ./Core/Src/bq796xx_bms_monitor.o
 .rodata.g_soc_table
                0x08009298       0x54 ./Core/Src/bq796xx_bms_monitor.o
 .rodata.AHBPrescTable
                0x080092ec       0x10 ./Core/Src/system_stm32f4xx.o
                0x080092ec                AHBPrescTable
 .rodata.APBPrescTable
                0x080092fc        0x8 ./Core/Src/system_stm32f4xx.o
                0x080092fc                APBPrescTable
 .rodata.flagBitshiftOffset.0
                0x08009304        0x8 ./Drivers/STM32F4xx_HAL_Driver/Src/stm32f4xx_hal_dma.o
 .rodata._svfprintf_r.str1.1
                0x0800930c       0x33 C:/Program Files/ST/STM32CubeIDE_1.19.0/STM32CubeIDE/plugins/com.st.stm32cube.ide.mcu.externaltools.gnu-tools-for-stm32.13.3.rel1.win32_1.0.0.202411081344/tools/bin/../lib/gcc/arm-none-eabi/13.3.1/../../../../arm-none-eabi/lib/thumb/v7e-m+fp/hard\libc_nano.a(libc_a-nano-svfprintf.o)
                                 0x11 (size before relaxing)
 .rodata._vfprintf_r.str1.1
                0x0800933f       0x11 C:/Program Files/ST/STM32CubeIDE_1.19.0/STM32CubeIDE/plugins/com.st.stm32cube.ide.mcu.externaltools.gnu-tools-for-stm32.13.3.rel1.win32_1.0.0.202411081344/tools/bin/../lib/gcc/arm-none-eabi/13.3.1/../../../../arm-none-eabi/lib/thumb/v7e-m+fp/hard\libc_nano.a(libc_a-nano-vfprintf.o)
 .rodata._printf_i.str1.1
                0x0800933f       0x22 C:/Program Files/ST/STM32CubeIDE_1.19.0/STM32CubeIDE/plugins/com.st.stm32cube.ide.mcu.externaltools.gnu-tools-for-stm32.13.3.rel1.win32_1.0.0.202411081344/tools/bin/../lib/gcc/arm-none-eabi/13.3.1/../../../../arm-none-eabi/lib/thumb/v7e-m+fp/hard\libc_nano.a(libc_a-nano-vfprintf_i.o)
                0x08009364                        . = ALIGN (0x4)
 *fill*         0x0800933f        0x1 

.ARM.extab      0x08009340        0x0
                0x08009340                        . = ALIGN (0x4)
 *(.ARM.extab* .gnu.linkonce.armextab.*)
                0x08009340                        . = ALIGN (0x4)

.ARM            0x08009340        0x8
                0x08009340                        . = ALIGN (0x4)
                0x08009340                        __exidx_start = .
 *(.ARM.exidx*)
 .ARM.exidx     0x08009340        0x8 C:/Program Files/ST/STM32CubeIDE_1.19.0/STM32CubeIDE/plugins/com.st.stm32cube.ide.mcu.externaltools.gnu-tools-for-stm32.13.3.rel1.win32_1.0.0.202411081344/tools/bin/../lib/gcc/arm-none-eabi/13.3.1/../../../../arm-none-eabi/lib/thumb/v7e-m+fp/hard\libc_nano.a(libc_a-memchr.o)
 .ARM.exidx     0x08009348        0x0 C:/Program Files/ST/STM32CubeIDE_1.19.0/STM32CubeIDE/plugins/com.st.stm32cube.ide.mcu.externaltools.gnu-tools-for-stm32.13.3.rel1.win32_1.0.0.202411081344/tools/bin/../lib/gcc/arm-none-eabi/13.3.1/thumb/v7e-m+fp/hard\libgcc.a(_udivmoddi4.o)
                                  0x8 (size before relaxing)
                0x08009348                        __exidx_end = .
                0x08009348                        . = ALIGN (0x4)

.preinit_array  0x08009348        0x0
                0x08009348                        . = ALIGN (0x4)
                0x08009348                        PROVIDE (__preinit_array_start = .)
 *(.preinit_array*)
                0x08009348                        PROVIDE (__preinit_array_end = .)
                0x08009348                        . = ALIGN (0x4)

.init_array     0x08009348        0x4
                0x08009348                        . = ALIGN (0x4)
                0x08009348                        PROVIDE (__init_array_start = .)
 *(SORT_BY_NAME(.init_array.*))
 *(.init_array*)
 .init_array    0x08009348        0x4 C:/Program Files/ST/STM32CubeIDE_1.19.0/STM32CubeIDE/plugins/com.st.stm32cube.ide.mcu.externaltools.gnu-tools-for-stm32.13.3.rel1.win32_1.0.0.202411081344/tools/bin/../lib/gcc/arm-none-eabi/13.3.1/thumb/v7e-m+fp/hard/crtbegin.o
                0x0800934c                        PROVIDE (__init_array_end = .)
                0x0800934c                        . = ALIGN (0x4)

.fini_array     0x0800934c        0x4
                0x0800934c                        . = ALIGN (0x4)
                [!provide]                        PROVIDE (__fini_array_start = .)
 *(SORT_BY_NAME(.fini_array.*))
 *(.fini_array*)
 .fini_array    0x0800934c        0x4 C:/Program Files/ST/STM32CubeIDE_1.19.0/STM32CubeIDE/plugins/com.st.stm32cube.ide.mcu.externaltools.gnu-tools-for-stm32.13.3.rel1.win32_1.0.0.202411081344/tools/bin/../lib/gcc/arm-none-eabi/13.3.1/thumb/v7e-m+fp/hard/crtbegin.o
                [!provide]                        PROVIDE (__fini_array_end = .)
                0x08009350                        . = ALIGN (0x4)
                0x08009350                        _sidata = LOADADDR (.data)

.rel.dyn        0x08009350        0x0
 .rel.iplt      0x08009350        0x0 C:/Program Files/ST/STM32CubeIDE_1.19.0/STM32CubeIDE/plugins/com.st.stm32cube.ide.mcu.externaltools.gnu-tools-for-stm32.13.3.rel1.win32_1.0.0.202411081344/tools/bin/../lib/gcc/arm-none-eabi/13.3.1/thumb/v7e-m+fp/hard/crtbegin.o

.data           0x20000000       0x68 load address 0x08009350
                0x20000000                        . = ALIGN (0x4)
                0x20000000                        _sdata = .
 *(.data)
 *(.data*)
 .data.SystemCoreClock
                0x20000000        0x4 ./Core/Src/system_stm32f4xx.o
                0x20000000                SystemCoreClock
 .data.uwTickPrio
                0x20000004        0x4 ./Drivers/STM32F4xx_HAL_Driver/Src/stm32f4xx_hal.o
                0x20000004                uwTickPrio
 .data.uwTickFreq
                0x20000008        0x1 ./Drivers/STM32F4xx_HAL_Driver/Src/stm32f4xx_hal.o
                0x20000008                uwTickFreq
 *fill*         0x20000009        0x3 
 .data.__sglue  0x2000000c        0xc C:/Program Files/ST/STM32CubeIDE_1.19.0/STM32CubeIDE/plugins/com.st.stm32cube.ide.mcu.externaltools.gnu-tools-for-stm32.13.3.rel1.win32_1.0.0.202411081344/tools/bin/../lib/gcc/arm-none-eabi/13.3.1/../../../../arm-none-eabi/lib/thumb/v7e-m+fp/hard\libc_nano.a(libc_a-findfp.o)
                0x2000000c                __sglue
 .data._impure_ptr
                0x20000018        0x4 C:/Program Files/ST/STM32CubeIDE_1.19.0/STM32CubeIDE/plugins/com.st.stm32cube.ide.mcu.externaltools.gnu-tools-for-stm32.13.3.rel1.win32_1.0.0.202411081344/tools/bin/../lib/gcc/arm-none-eabi/13.3.1/../../../../arm-none-eabi/lib/thumb/v7e-m+fp/hard\libc_nano.a(libc_a-impure.o)
                0x20000018                _impure_ptr
 .data._impure_data
                0x2000001c       0x4c C:/Program Files/ST/STM32CubeIDE_1.19.0/STM32CubeIDE/plugins/com.st.stm32cube.ide.mcu.externaltools.gnu-tools-for-stm32.13.3.rel1.win32_1.0.0.202411081344/tools/bin/../lib/gcc/arm-none-eabi/13.3.1/../../../../arm-none-eabi/lib/thumb/v7e-m+fp/hard\libc_nano.a(libc_a-impure.o)
                0x2000001c                _impure_data
 *(.RamFunc)
 *(.RamFunc*)
                0x20000068                        . = ALIGN (0x4)
                0x20000068                        _edata = .

.igot.plt       0x20000068        0x0 load address 0x080093b8
 .igot.plt      0x20000068        0x0 C:/Program Files/ST/STM32CubeIDE_1.19.0/STM32CubeIDE/plugins/com.st.stm32cube.ide.mcu.externaltools.gnu-tools-for-stm32.13.3.rel1.win32_1.0.0.202411081344/tools/bin/../lib/gcc/arm-none-eabi/13.3.1/thumb/v7e-m+fp/hard/crtbegin.o
                0x20000068                        . = ALIGN (0x4)

.bss            0x20000068      0x59c load address 0x080093b8
                0x20000068                        _sbss = .
                0x20000068                        __bss_start__ = _sbss
 *(.bss)
 .bss           0x20000068       0x1c C:/Program Files/ST/STM32CubeIDE_1.19.0/STM32CubeIDE/plugins/com.st.stm32cube.ide.mcu.externaltools.gnu-tools-for-stm32.13.3.rel1.win32_1.0.0.202411081344/tools/bin/../lib/gcc/arm-none-eabi/13.3.1/thumb/v7e-m+fp/hard/crtbegin.o
 *(.bss*)
 .bss.s_state   0x20000084        0x1 ./Core/Src/bms_relays.o
 .bss.s_state_change
                0x20000085        0x1 ./Core/Src/bms_relays.o
 .bss.s_pre_charge_enable
                0x20000086        0x1 ./Core/Src/bms_relays.o
 .bss.s_dis_charge_enable
                0x20000087        0x1 ./Core/Src/bms_relays.o
 .bss.s_charger_relay_enable
                0x20000088        0x1 ./Core/Src/bms_relays.o
 .bss.s_bms_relay_open_latched
                0x20000089        0x1 ./Core/Src/bms_relays.o
 *fill*         0x2000008a        0x2 
 .bss.s_engaged_tick
                0x2000008c        0x4 ./Core/Src/bms_relays.o
 .bss.s_mon     0x20000090       0x3c ./Core/Src/bms_relays.o
 .bss.g_hbms_irq
                0x200000cc        0x4 ./Core/Src/bq796xx_bms.o
 .bss.hiwdg     0x200000d0        0xc ./Core/Src/main.o
                0x200000d0                hiwdg
 .bss.htim2     0x200000dc       0x48 ./Core/Src/main.o
                0x200000dc                htim2
 .bss.huart4    0x20000124       0x48 ./Core/Src/main.o
                0x20000124                huart4
 .bss.huart2    0x2000016c       0x48 ./Core/Src/main.o
                0x2000016c                huart2
 .bss.hdma_uart4_rx
                0x200001b4       0x60 ./Core/Src/main.o
                0x200001b4                hdma_uart4_rx
 .bss.hdma_uart4_tx
                0x20000214       0x60 ./Core/Src/main.o
                0x20000214                hdma_uart4_tx
 .bss.g_bms     0x20000274      0x1ec ./Core/Src/main_bms_app.o
 .bss.g_master_comm
                0x20000460        0x8 ./Core/Src/main_bms_app.o
                0x20000460                g_master_comm
 .bss.htim6     0x20000468       0x48 ./Core/Src/stm32f4xx_hal_timebase_tim.o
                0x20000468                htim6
 .bss.__sbrk_heap_end
                0x200004b0        0x4 ./Core/Src/sysmem.o
 .bss.uwTick    0x200004b4        0x4 ./Drivers/STM32F4xx_HAL_Driver/Src/stm32f4xx_hal.o
                0x200004b4                uwTick
 .bss.__sf      0x200004b8      0x138 C:/Program Files/ST/STM32CubeIDE_1.19.0/STM32CubeIDE/plugins/com.st.stm32cube.ide.mcu.externaltools.gnu-tools-for-stm32.13.3.rel1.win32_1.0.0.202411081344/tools/bin/../lib/gcc/arm-none-eabi/13.3.1/../../../../arm-none-eabi/lib/thumb/v7e-m+fp/hard\libc_nano.a(libc_a-findfp.o)
                0x200004b8                __sf
 .bss.__stdio_exit_handler
                0x200005f0        0x4 C:/Program Files/ST/STM32CubeIDE_1.19.0/STM32CubeIDE/plugins/com.st.stm32cube.ide.mcu.externaltools.gnu-tools-for-stm32.13.3.rel1.win32_1.0.0.202411081344/tools/bin/../lib/gcc/arm-none-eabi/13.3.1/../../../../arm-none-eabi/lib/thumb/v7e-m+fp/hard\libc_nano.a(libc_a-findfp.o)
                0x200005f0                __stdio_exit_handler
 .bss.errno     0x200005f4        0x4 C:/Program Files/ST/STM32CubeIDE_1.19.0/STM32CubeIDE/plugins/com.st.stm32cube.ide.mcu.externaltools.gnu-tools-for-stm32.13.3.rel1.win32_1.0.0.202411081344/tools/bin/../lib/gcc/arm-none-eabi/13.3.1/../../../../arm-none-eabi/lib/thumb/v7e-m+fp/hard\libc_nano.a(libc_a-reent.o)
                0x200005f4                errno
 .bss.__lock___malloc_recursive_mutex
                0x200005f8        0x1 C:/Program Files/ST/STM32CubeIDE_1.19.0/STM32CubeIDE/plugins/com.st.stm32cube.ide.mcu.externaltools.gnu-tools-for-stm32.13.3.rel1.win32_1.0.0.202411081344/tools/bin/../lib/gcc/arm-none-eabi/13.3.1/../../../../arm-none-eabi/lib/thumb/v7e-m+fp/hard\libc_nano.a(libc_a-lock.o)
                0x200005f8                __lock___malloc_recursive_mutex
 .bss.__lock___sfp_recursive_mutex
                0x200005f9        0x1 C:/Program Files/ST/STM32CubeIDE_1.19.0/STM32CubeIDE/plugins/com.st.stm32cube.ide.mcu.externaltools.gnu-tools-for-stm32.13.3.rel1.win32_1.0.0.202411081344/tools/bin/../lib/gcc/arm-none-eabi/13.3.1/../../../../arm-none-eabi/lib/thumb/v7e-m+fp/hard\libc_nano.a(libc_a-lock.o)
                0x200005f9                __lock___sfp_recursive_mutex
 *fill*         0x200005fa        0x2 
 .bss.__malloc_sbrk_start
                0x200005fc        0x4 C:/Program Files/ST/STM32CubeIDE_1.19.0/STM32CubeIDE/plugins/com.st.stm32cube.ide.mcu.externaltools.gnu-tools-for-stm32.13.3.rel1.win32_1.0.0.202411081344/tools/bin/../lib/gcc/arm-none-eabi/13.3.1/../../../../arm-none-eabi/lib/thumb/v7e-m+fp/hard\libc_nano.a(libc_a-mallocr.o)
                0x200005fc                __malloc_sbrk_start
 .bss.__malloc_free_list
                0x20000600        0x4 C:/Program Files/ST/STM32CubeIDE_1.19.0/STM32CubeIDE/plugins/com.st.stm32cube.ide.mcu.externaltools.gnu-tools-for-stm32.13.3.rel1.win32_1.0.0.202411081344/tools/bin/../lib/gcc/arm-none-eabi/13.3.1/../../../../arm-none-eabi/lib/thumb/v7e-m+fp/hard\libc_nano.a(libc_a-mallocr.o)
                0x20000600                __malloc_free_list
 *(COMMON)
                0x20000604                        . = ALIGN (0x4)
                0x20000604                        _ebss = .
                0x20000604                        __bss_end__ = _ebss

._user_heap_stack
                0x20000604      0x604 load address 0x080093b8
                0x20000608                        . = ALIGN (0x8)
 *fill*         0x20000604        0x4 
                [!provide]                        PROVIDE (end = .)
                0x20000608                        PROVIDE (_end = .)
                0x20000808                        . = (. + _Min_Heap_Size)
 *fill*         0x20000608      0x200 
                0x20000c08                        . = (. + _Min_Stack_Size)
 *fill*         0x20000808      0x400 
                0x20000c08                        . = ALIGN (0x8)

/DISCARD/
 libc.a(*)
 libm.a(*)
 libgcc.a(*)

.ARM.attributes
                0x00000000       0x30
 *(.ARM.attributes)
 .ARM.attributes
                0x00000000       0x22 C:/Program Files/ST/STM32CubeIDE_1.19.0/STM32CubeIDE/plugins/com.st.stm32cube.ide.mcu.externaltools.gnu-tools-for-stm32.13.3.rel1.win32_1.0.0.202411081344/tools/bin/../lib/gcc/arm-none-eabi/13.3.1/thumb/v7e-m+fp/hard/crti.o
 .ARM.attributes
                0x00000022       0x34 C:/Program Files/ST/STM32CubeIDE_1.19.0/STM32CubeIDE/plugins/com.st.stm32cube.ide.mcu.externaltools.gnu-tools-for-stm32.13.3.rel1.win32_1.0.0.202411081344/tools/bin/../lib/gcc/arm-none-eabi/13.3.1/thumb/v7e-m+fp/hard/crtbegin.o
 .ARM.attributes
                0x00000056       0x34 ./Core/Src/bms_master_comm.o
 .ARM.attributes
                0x0000008a       0x34 ./Core/Src/bms_relays.o
 .ARM.attributes
                0x000000be       0x34 ./Core/Src/bq796xx_bms.o
 .ARM.attributes
                0x000000f2       0x34 ./Core/Src/bq796xx_bms_monitor.o
 .ARM.attributes
                0x00000126       0x34 ./Core/Src/main.o
 .ARM.attributes
                0x0000015a       0x34 ./Core/Src/main_bms_app.o
 .ARM.attributes
                0x0000018e       0x34 ./Core/Src/stm32f4xx_hal_msp.o
 .ARM.attributes
                0x000001c2       0x34 ./Core/Src/stm32f4xx_hal_timebase_tim.o
 .ARM.attributes
                0x000001f6       0x34 ./Core/Src/stm32f4xx_it.o
 .ARM.attributes
                0x0000022a       0x34 ./Core/Src/syscalls.o
 .ARM.attributes
                0x0000025e       0x34 ./Core/Src/sysmem.o
 .ARM.attributes
                0x00000292       0x34 ./Core/Src/system_stm32f4xx.o
 .ARM.attributes
                0x000002c6       0x21 ./Core/Startup/startup_stm32f446retx.o
 .ARM.attributes
                0x000002e7       0x34 ./Drivers/STM32F4xx_HAL_Driver/Src/stm32f4xx_hal.o
 .ARM.attributes
                0x0000031b       0x34 ./Drivers/STM32F4xx_HAL_Driver/Src/stm32f4xx_hal_cortex.o
 .ARM.attributes
                0x0000034f       0x34 ./Drivers/STM32F4xx_HAL_Driver/Src/stm32f4xx_hal_dma.o
 .ARM.attributes
                0x00000383       0x34 ./Drivers/STM32F4xx_HAL_Driver/Src/stm32f4xx_hal_gpio.o
 .ARM.attributes
                0x000003b7       0x34 ./Drivers/STM32F4xx_HAL_Driver/Src/stm32f4xx_hal_iwdg.o
 .ARM.attributes
                0x000003eb       0x34 ./Drivers/STM32F4xx_HAL_Driver/Src/stm32f4xx_hal_rcc.o
 .ARM.attributes
                0x0000041f       0x34 ./Drivers/STM32F4xx_HAL_Driver/Src/stm32f4xx_hal_rcc_ex.o
 .ARM.attributes
                0x00000453       0x34 ./Drivers/STM32F4xx_HAL_Driver/Src/stm32f4xx_hal_tim.o
 .ARM.attributes
                0x00000487       0x34 ./Drivers/STM32F4xx_HAL_Driver/Src/stm32f4xx_hal_tim_ex.o
 .ARM.attributes
                0x000004bb       0x34 ./Drivers/STM32F4xx_HAL_Driver/Src/stm32f4xx_hal_uart.o
 .ARM.attributes
                0x000004ef       0x34 C:/Program Files/ST/STM32CubeIDE_1.19.0/STM32CubeIDE/plugins/com.st.stm32cube.ide.mcu.externaltools.gnu-tools-for-stm32.13.3.rel1.win32_1.0.0.202411081344/tools/bin/../lib/gcc/arm-none-eabi/13.3.1/../../../../arm-none-eabi/lib/thumb/v7e-m+fp/hard\libc_nano.a(libc_a-findfp.o)
 .ARM.attributes
                0x00000523       0x34 C:/Program Files/ST/STM32CubeIDE_1.19.0/STM32CubeIDE/plugins/com.st.stm32cube.ide.mcu.externaltools.gnu-tools-for-stm32.13.3.rel1.win32_1.0.0.202411081344/tools/bin/../lib/gcc/arm-none-eabi/13.3.1/../../../../arm-none-eabi/lib/thumb/v7e-m+fp/hard\libc_nano.a(libc_a-fwalk.o)
 .ARM.attributes
                0x00000557       0x34 C:/Program Files/ST/STM32CubeIDE_1.19.0/STM32CubeIDE/plugins/com.st.stm32cube.ide.mcu.externaltools.gnu-tools-for-stm32.13.3.rel1.win32_1.0.0.202411081344/tools/bin/../lib/gcc/arm-none-eabi/13.3.1/../../../../arm-none-eabi/lib/thumb/v7e-m+fp/hard\libc_nano.a(libc_a-printf.o)
 .ARM.attributes
                0x0000058b       0x34 C:/Program Files/ST/STM32CubeIDE_1.19.0/STM32CubeIDE/plugins/com.st.stm32cube.ide.mcu.externaltools.gnu-tools-for-stm32.13.3.rel1.win32_1.0.0.202411081344/tools/bin/../lib/gcc/arm-none-eabi/13.3.1/../../../../arm-none-eabi/lib/thumb/v7e-m+fp/hard\libc_nano.a(libc_a-puts.o)
 .ARM.attributes
                0x000005bf       0x34 C:/Program Files/ST/STM32CubeIDE_1.19.0/STM32CubeIDE/plugins/com.st.stm32cube.ide.mcu.externaltools.gnu-tools-for-stm32.13.3.rel1.win32_1.0.0.202411081344/tools/bin/../lib/gcc/arm-none-eabi/13.3.1/../../../../arm-none-eabi/lib/thumb/v7e-m+fp/hard\libc_nano.a(libc_a-snprintf.o)
 .ARM.attributes
                0x000005f3       0x34 C:/Program Files/ST/STM32CubeIDE_1.19.0/STM32CubeIDE/plugins/com.st.stm32cube.ide.mcu.externaltools.gnu-tools-for-stm32.13.3.rel1.win32_1.0.0.202411081344/tools/bin/../lib/gcc/arm-none-eabi/13.3.1/../../../../arm-none-eabi/lib/thumb/v7e-m+fp/hard\libc_nano.a(libc_a-stdio.o)
 .ARM.attributes
                0x00000627       0x34 C:/Program Files/ST/STM32CubeIDE_1.19.0/STM32CubeIDE/plugins/com.st.stm32cube.ide.mcu.externaltools.gnu-tools-for-stm32.13.3.rel1.win32_1.0.0.202411081344/tools/bin/../lib/gcc/arm-none-eabi/13.3.1/../../../../arm-none-eabi/lib/thumb/v7e-m+fp/hard\libc_nano.a(libc_a-wbuf.o)
 .ARM.attributes
                0x0000065b       0x34 C:/Program Files/ST/STM32CubeIDE_1.19.0/STM32CubeIDE/plugins/com.st.stm32cube.ide.mcu.externaltools.gnu-tools-for-stm32.13.3.rel1.win32_1.0.0.202411081344/tools/bin/../lib/gcc/arm-none-eabi/13.3.1/../../../../arm-none-eabi/lib/thumb/v7e-m+fp/hard\libc_nano.a(libc_a-wsetup.o)
 .ARM.attributes
                0x0000068f       0x34 C:/Program Files/ST/STM32CubeIDE_1.19.0/STM32CubeIDE/plugins/com.st.stm32cube.ide.mcu.externaltools.gnu-tools-for-stm32.13.3.rel1.win32_1.0.0.202411081344/tools/bin/../lib/gcc/arm-none-eabi/13.3.1/../../../../arm-none-eabi/lib/thumb/v7e-m+fp/hard\libc_nano.a(libc_a-memset.o)
 .ARM.attributes
                0x000006c3       0x34 C:/Program Files/ST/STM32CubeIDE_1.19.0/STM32CubeIDE/plugins/com.st.stm32cube.ide.mcu.externaltools.gnu-tools-for-stm32.13.3.rel1.win32_1.0.0.202411081344/tools/bin/../lib/gcc/arm-none-eabi/13.3.1/../../../../arm-none-eabi/lib/thumb/v7e-m+fp/hard\libc_nano.a(libc_a-closer.o)
 .ARM.attributes
                0x000006f7       0x34 C:/Program Files/ST/STM32CubeIDE_1.19.0/STM32CubeIDE/plugins/com.st.stm32cube.ide.mcu.externaltools.gnu-tools-for-stm32.13.3.rel1.win32_1.0.0.202411081344/tools/bin/../lib/gcc/arm-none-eabi/13.3.1/../../../../arm-none-eabi/lib/thumb/v7e-m+fp/hard\libc_nano.a(libc_a-reent.o)
 .ARM.attributes
                0x0000072b       0x34 C:/Program Files/ST/STM32CubeIDE_1.19.0/STM32CubeIDE/plugins/com.st.stm32cube.ide.mcu.externaltools.gnu-tools-for-stm32.13.3.rel1.win32_1.0.0.202411081344/tools/bin/../lib/gcc/arm-none-eabi/13.3.1/../../../../arm-none-eabi/lib/thumb/v7e-m+fp/hard\libc_nano.a(libc_a-impure.o)
 .ARM.attributes
                0x0000075f       0x34 C:/Program Files/ST/STM32CubeIDE_1.19.0/STM32CubeIDE/plugins/com.st.stm32cube.ide.mcu.externaltools.gnu-tools-for-stm32.13.3.rel1.win32_1.0.0.202411081344/tools/bin/../lib/gcc/arm-none-eabi/13.3.1/../../../../arm-none-eabi/lib/thumb/v7e-m+fp/hard\libc_nano.a(libc_a-lseekr.o)
 .ARM.attributes
                0x00000793       0x34 C:/Program Files/ST/STM32CubeIDE_1.19.0/STM32CubeIDE/plugins/com.st.stm32cube.ide.mcu.externaltools.gnu-tools-for-stm32.13.3.rel1.win32_1.0.0.202411081344/tools/bin/../lib/gcc/arm-none-eabi/13.3.1/../../../../arm-none-eabi/lib/thumb/v7e-m+fp/hard\libc_nano.a(libc_a-readr.o)
 .ARM.attributes
                0x000007c7       0x34 C:/Program Files/ST/STM32CubeIDE_1.19.0/STM32CubeIDE/plugins/com.st.stm32cube.ide.mcu.externaltools.gnu-tools-for-stm32.13.3.rel1.win32_1.0.0.202411081344/tools/bin/../lib/gcc/arm-none-eabi/13.3.1/../../../../arm-none-eabi/lib/thumb/v7e-m+fp/hard\libc_nano.a(libc_a-writer.o)
 .ARM.attributes
                0x000007fb       0x34 C:/Program Files/ST/STM32CubeIDE_1.19.0/STM32CubeIDE/plugins/com.st.stm32cube.ide.mcu.externaltools.gnu-tools-for-stm32.13.3.rel1.win32_1.0.0.202411081344/tools/bin/../lib/gcc/arm-none-eabi/13.3.1/../../../../arm-none-eabi/lib/thumb/v7e-m+fp/hard\libc_nano.a(libc_a-errno.o)
 .ARM.attributes
                0x0000082f       0x34 C:/Program Files/ST/STM32CubeIDE_1.19.0/STM32CubeIDE/plugins/com.st.stm32cube.ide.mcu.externaltools.gnu-tools-for-stm32.13.3.rel1.win32_1.0.0.202411081344/tools/bin/../lib/gcc/arm-none-eabi/13.3.1/../../../../arm-none-eabi/lib/thumb/v7e-m+fp/hard\libc_nano.a(libc_a-init.o)
 .ARM.attributes
                0x00000863       0x34 C:/Program Files/ST/STM32CubeIDE_1.19.0/STM32CubeIDE/plugins/com.st.stm32cube.ide.mcu.externaltools.gnu-tools-for-stm32.13.3.rel1.win32_1.0.0.202411081344/tools/bin/../lib/gcc/arm-none-eabi/13.3.1/../../../../arm-none-eabi/lib/thumb/v7e-m+fp/hard\libc_nano.a(libc_a-lock.o)
 .ARM.attributes
                0x00000897       0x34 C:/Program Files/ST/STM32CubeIDE_1.19.0/STM32CubeIDE/plugins/com.st.stm32cube.ide.mcu.externaltools.gnu-tools-for-stm32.13.3.rel1.win32_1.0.0.202411081344/tools/bin/../lib/gcc/arm-none-eabi/13.3.1/../../../../arm-none-eabi/lib/thumb/v7e-m+fp/hard\libc_nano.a(libc_a-freer.o)
 .ARM.attributes
                0x000008cb       0x34 C:/Program Files/ST/STM32CubeIDE_1.19.0/STM32CubeIDE/plugins/com.st.stm32cube.ide.mcu.externaltools.gnu-tools-for-stm32.13.3.rel1.win32_1.0.0.202411081344/tools/bin/../lib/gcc/arm-none-eabi/13.3.1/../../../../arm-none-eabi/lib/thumb/v7e-m+fp/hard\libc_nano.a(libc_a-mallocr.o)
 .ARM.attributes
                0x000008ff       0x34 C:/Program Files/ST/STM32CubeIDE_1.19.0/STM32CubeIDE/plugins/com.st.stm32cube.ide.mcu.externaltools.gnu-tools-for-stm32.13.3.rel1.win32_1.0.0.202411081344/tools/bin/../lib/gcc/arm-none-eabi/13.3.1/../../../../arm-none-eabi/lib/thumb/v7e-m+fp/hard\libc_nano.a(libc_a-mlock.o)
 .ARM.attributes
                0x00000933       0x34 C:/Program Files/ST/STM32CubeIDE_1.19.0/STM32CubeIDE/plugins/com.st.stm32cube.ide.mcu.externaltools.gnu-tools-for-stm32.13.3.rel1.win32_1.0.0.202411081344/tools/bin/../lib/gcc/arm-none-eabi/13.3.1/../../../../arm-none-eabi/lib/thumb/v7e-m+fp/hard\libc_nano.a(libc_a-nano-svfprintf.o)
 .ARM.attributes
                0x00000967       0x34 C:/Program Files/ST/STM32CubeIDE_1.19.0/STM32CubeIDE/plugins/com.st.stm32cube.ide.mcu.externaltools.gnu-tools-for-stm32.13.3.rel1.win32_1.0.0.202411081344/tools/bin/../lib/gcc/arm-none-eabi/13.3.1/../../../../arm-none-eabi/lib/thumb/v7e-m+fp/hard\libc_nano.a(libc_a-nano-vfprintf.o)
 .ARM.attributes
                0x0000099b       0x34 C:/Program Files/ST/STM32CubeIDE_1.19.0/STM32CubeIDE/plugins/com.st.stm32cube.ide.mcu.externaltools.gnu-tools-for-stm32.13.3.rel1.win32_1.0.0.202411081344/tools/bin/../lib/gcc/arm-none-eabi/13.3.1/../../../../arm-none-eabi/lib/thumb/v7e-m+fp/hard\libc_nano.a(libc_a-nano-vfprintf_i.o)
 .ARM.attributes
                0x000009cf       0x34 C:/Program Files/ST/STM32CubeIDE_1.19.0/STM32CubeIDE/plugins/com.st.stm32cube.ide.mcu.externaltools.gnu-tools-for-stm32.13.3.rel1.win32_1.0.0.202411081344/tools/bin/../lib/gcc/arm-none-eabi/13.3.1/../../../../arm-none-eabi/lib/thumb/v7e-m+fp/hard\libc_nano.a(libc_a-fflush.o)
 .ARM.attributes
                0x00000a03       0x34 C:/Program Files/ST/STM32CubeIDE_1.19.0/STM32CubeIDE/plugins/com.st.stm32cube.ide.mcu.externaltools.gnu-tools-for-stm32.13.3.rel1.win32_1.0.0.202411081344/tools/bin/../lib/gcc/arm-none-eabi/13.3.1/../../../../arm-none-eabi/lib/thumb/v7e-m+fp/hard\libc_nano.a(libc_a-makebuf.o)
 .ARM.attributes
                0x00000a37       0x34 C:/Program Files/ST/STM32CubeIDE_1.19.0/STM32CubeIDE/plugins/com.st.stm32cube.ide.mcu.externaltools.gnu-tools-for-stm32.13.3.rel1.win32_1.0.0.202411081344/tools/bin/../lib/gcc/arm-none-eabi/13.3.1/../../../../arm-none-eabi/lib/thumb/v7e-m+fp/hard\libc_nano.a(libc_a-memmove.o)
 .ARM.attributes
                0x00000a6b       0x34 C:/Program Files/ST/STM32CubeIDE_1.19.0/STM32CubeIDE/plugins/com.st.stm32cube.ide.mcu.externaltools.gnu-tools-for-stm32.13.3.rel1.win32_1.0.0.202411081344/tools/bin/../lib/gcc/arm-none-eabi/13.3.1/../../../../arm-none-eabi/lib/thumb/v7e-m+fp/hard\libc_nano.a(libc_a-fstatr.o)
 .ARM.attributes
                0x00000a9f       0x34 C:/Program Files/ST/STM32CubeIDE_1.19.0/STM32CubeIDE/plugins/com.st.stm32cube.ide.mcu.externaltools.gnu-tools-for-stm32.13.3.rel1.win32_1.0.0.202411081344/tools/bin/../lib/gcc/arm-none-eabi/13.3.1/../../../../arm-none-eabi/lib/thumb/v7e-m+fp/hard\libc_nano.a(libc_a-isattyr.o)
 .ARM.attributes
                0x00000ad3       0x34 C:/Program Files/ST/STM32CubeIDE_1.19.0/STM32CubeIDE/plugins/com.st.stm32cube.ide.mcu.externaltools.gnu-tools-for-stm32.13.3.rel1.win32_1.0.0.202411081344/tools/bin/../lib/gcc/arm-none-eabi/13.3.1/../../../../arm-none-eabi/lib/thumb/v7e-m+fp/hard\libc_nano.a(libc_a-sbrkr.o)
 .ARM.attributes
                0x00000b07       0x1c C:/Program Files/ST/STM32CubeIDE_1.19.0/STM32CubeIDE/plugins/com.st.stm32cube.ide.mcu.externaltools.gnu-tools-for-stm32.13.3.rel1.win32_1.0.0.202411081344/tools/bin/../lib/gcc/arm-none-eabi/13.3.1/../../../../arm-none-eabi/lib/thumb/v7e-m+fp/hard\libc_nano.a(libc_a-memchr.o)
 .ARM.attributes
                0x00000b23       0x34 C:/Program Files/ST/STM32CubeIDE_1.19.0/STM32CubeIDE/plugins/com.st.stm32cube.ide.mcu.externaltools.gnu-tools-for-stm32.13.3.rel1.win32_1.0.0.202411081344/tools/bin/../lib/gcc/arm-none-eabi/13.3.1/../../../../arm-none-eabi/lib/thumb/v7e-m+fp/hard\libc_nano.a(libc_a-memcpy-stub.o)
 .ARM.attributes
                0x00000b57       0x34 C:/Program Files/ST/STM32CubeIDE_1.19.0/STM32CubeIDE/plugins/com.st.stm32cube.ide.mcu.externaltools.gnu-tools-for-stm32.13.3.rel1.win32_1.0.0.202411081344/tools/bin/../lib/gcc/arm-none-eabi/13.3.1/../../../../arm-none-eabi/lib/thumb/v7e-m+fp/hard\libc_nano.a(libc_a-reallocr.o)
 .ARM.attributes
                0x00000b8b       0x34 C:/Program Files/ST/STM32CubeIDE_1.19.0/STM32CubeIDE/plugins/com.st.stm32cube.ide.mcu.externaltools.gnu-tools-for-stm32.13.3.rel1.win32_1.0.0.202411081344/tools/bin/../lib/gcc/arm-none-eabi/13.3.1/../../../../arm-none-eabi/lib/thumb/v7e-m+fp/hard\libc_nano.a(libc_a-msizer.o)
 .ARM.attributes
                0x00000bbf       0x22 C:/Program Files/ST/STM32CubeIDE_1.19.0/STM32CubeIDE/plugins/com.st.stm32cube.ide.mcu.externaltools.gnu-tools-for-stm32.13.3.rel1.win32_1.0.0.202411081344/tools/bin/../lib/gcc/arm-none-eabi/13.3.1/thumb/v7e-m+fp/hard\libgcc.a(_aeabi_uldivmod.o)
 .ARM.attributes
                0x00000be1       0x34 C:/Program Files/ST/STM32CubeIDE_1.19.0/STM32CubeIDE/plugins/com.st.stm32cube.ide.mcu.externaltools.gnu-tools-for-stm32.13.3.rel1.win32_1.0.0.202411081344/tools/bin/../lib/gcc/arm-none-eabi/13.3.1/thumb/v7e-m+fp/hard\libgcc.a(_udivmoddi4.o)
 .ARM.attributes
                0x00000c15       0x22 C:/Program Files/ST/STM32CubeIDE_1.19.0/STM32CubeIDE/plugins/com.st.stm32cube.ide.mcu.externaltools.gnu-tools-for-stm32.13.3.rel1.win32_1.0.0.202411081344/tools/bin/../lib/gcc/arm-none-eabi/13.3.1/thumb/v7e-m+fp/hard\libgcc.a(_dvmd_tls.o)
 .ARM.attributes
                0x00000c37       0x22 C:/Program Files/ST/STM32CubeIDE_1.19.0/STM32CubeIDE/plugins/com.st.stm32cube.ide.mcu.externaltools.gnu-tools-for-stm32.13.3.rel1.win32_1.0.0.202411081344/tools/bin/../lib/gcc/arm-none-eabi/13.3.1/thumb/v7e-m+fp/hard/crtn.o
OUTPUT(BMS.elf elf32-littlearm)
LOAD linker stubs
LOAD C:/Program Files/ST/STM32CubeIDE_1.19.0/STM32CubeIDE/plugins/com.st.stm32cube.ide.mcu.externaltools.gnu-tools-for-stm32.13.3.rel1.win32_1.0.0.202411081344/tools/bin/../lib/gcc/arm-none-eabi/13.3.1/../../../../arm-none-eabi/lib/thumb/v7e-m+fp/hard\libc.a
LOAD C:/Program Files/ST/STM32CubeIDE_1.19.0/STM32CubeIDE/plugins/com.st.stm32cube.ide.mcu.externaltools.gnu-tools-for-stm32.13.3.rel1.win32_1.0.0.202411081344/tools/bin/../lib/gcc/arm-none-eabi/13.3.1/../../../../arm-none-eabi/lib/thumb/v7e-m+fp/hard\libm.a
LOAD C:/Program Files/ST/STM32CubeIDE_1.19.0/STM32CubeIDE/plugins/com.st.stm32cube.ide.mcu.externaltools.gnu-tools-for-stm32.13.3.rel1.win32_1.0.0.202411081344/tools/bin/../lib/gcc/arm-none-eabi/13.3.1/thumb/v7e-m+fp/hard\libgcc.a

.debug_info     0x00000000    0x15201
 .debug_info    0x00000000      0xe4f ./Core/Src/bms_master_comm.o
 .debug_info    0x00000e4f     0x141b ./Core/Src/bms_relays.o
 .debug_info    0x0000226a     0x19d6 ./Core/Src/bq796xx_bms.o
 .debug_info    0x00003c40     0x187d ./Core/Src/bq796xx_bms_monitor.o
 .debug_info    0x000054bd     0x14c3 ./Core/Src/main.o
 .debug_info    0x00006980     0x1090 ./Core/Src/main_bms_app.o
 .debug_info    0x00007a10      0xd9c ./Core/Src/stm32f4xx_hal_msp.o
 .debug_info    0x000087ac      0xc44 ./Core/Src/stm32f4xx_hal_timebase_tim.o
 .debug_info    0x000093f0      0x758 ./Core/Src/stm32f4xx_it.o
 .debug_info    0x00009b48      0x6a3 ./Core/Src/syscalls.o
 .debug_info    0x0000a1eb      0x168 ./Core/Src/sysmem.o
 .debug_info    0x0000a353      0x54a ./Core/Src/system_stm32f4xx.o
 .debug_info    0x0000a89d       0x30 ./Core/Startup/startup_stm32f446retx.o
 .debug_info    0x0000a8cd      0x99a ./Drivers/STM32F4xx_HAL_Driver/Src/stm32f4xx_hal.o
 .debug_info    0x0000b267      0xdaa ./Drivers/STM32F4xx_HAL_Driver/Src/stm32f4xx_hal_cortex.o
 .debug_info    0x0000c011      0x8e7 ./Drivers/STM32F4xx_HAL_Driver/Src/stm32f4xx_hal_dma.o
 .debug_info    0x0000c8f8      0x70b ./Drivers/STM32F4xx_HAL_Driver/Src/stm32f4xx_hal_gpio.o
 .debug_info    0x0000d003      0x1d8 ./Drivers/STM32F4xx_HAL_Driver/Src/stm32f4xx_hal_iwdg.o
 .debug_info    0x0000d1db      0x8ff ./Drivers/STM32F4xx_HAL_Driver/Src/stm32f4xx_hal_rcc.o
 .debug_info    0x0000dada      0x960 ./Drivers/STM32F4xx_HAL_Driver/Src/stm32f4xx_hal_rcc_ex.o
 .debug_info    0x0000e43a     0x299d ./Drivers/STM32F4xx_HAL_Driver/Src/stm32f4xx_hal_tim.o
 .debug_info    0x00010dd7     0x14db ./Drivers/STM32F4xx_HAL_Driver/Src/stm32f4xx_hal_tim_ex.o
 .debug_info    0x000122b2     0x2f4f ./Drivers/STM32F4xx_HAL_Driver/Src/stm32f4xx_hal_uart.o

.debug_abbrev   0x00000000     0x3188
 .debug_abbrev  0x00000000      0x201 ./Core/Src/bms_master_comm.o
 .debug_abbrev  0x00000201      0x29b ./Core/Src/bms_relays.o
 .debug_abbrev  0x0000049c      0x324 ./Core/Src/bq796xx_bms.o
 .debug_abbrev  0x000007c0      0x304 ./Core/Src/bq796xx_bms_monitor.o
 .debug_abbrev  0x00000ac4      0x355 ./Core/Src/main.o
 .debug_abbrev  0x00000e19      0x2b2 ./Core/Src/main_bms_app.o
 .debug_abbrev  0x000010cb      0x21d ./Core/Src/stm32f4xx_hal_msp.o
 .debug_abbrev  0x000012e8      0x1f4 ./Core/Src/stm32f4xx_hal_timebase_tim.o
 .debug_abbrev  0x000014dc      0x196 ./Core/Src/stm32f4xx_it.o
 .debug_abbrev  0x00001672      0x1b6 ./Core/Src/syscalls.o
 .debug_abbrev  0x00001828       0xbc ./Core/Src/sysmem.o
 .debug_abbrev  0x000018e4      0x11a ./Core/Src/system_stm32f4xx.o
 .debug_abbrev  0x000019fe       0x24 ./Core/Startup/startup_stm32f446retx.o
 .debug_abbrev  0x00001a22      0x214 ./Drivers/STM32F4xx_HAL_Driver/Src/stm32f4xx_hal.o
 .debug_abbrev  0x00001c36      0x31d ./Drivers/STM32F4xx_HAL_Driver/Src/stm32f4xx_hal_cortex.o
 .debug_abbrev  0x00001f53      0x264 ./Drivers/STM32F4xx_HAL_Driver/Src/stm32f4xx_hal_dma.o
 .debug_abbrev  0x000021b7      0x1d4 ./Drivers/STM32F4xx_HAL_Driver/Src/stm32f4xx_hal_gpio.o
 .debug_abbrev  0x0000238b      0x12c ./Drivers/STM32F4xx_HAL_Driver/Src/stm32f4xx_hal_iwdg.o
 .debug_abbrev  0x000024b7      0x2b7 ./Drivers/STM32F4xx_HAL_Driver/Src/stm32f4xx_hal_rcc.o
 .debug_abbrev  0x0000276e      0x211 ./Drivers/STM32F4xx_HAL_Driver/Src/stm32f4xx_hal_rcc_ex.o
 .debug_abbrev  0x0000297f      0x278 ./Drivers/STM32F4xx_HAL_Driver/Src/stm32f4xx_hal_tim.o
 .debug_abbrev  0x00002bf7      0x283 ./Drivers/STM32F4xx_HAL_Driver/Src/stm32f4xx_hal_tim_ex.o
 .debug_abbrev  0x00002e7a      0x30e ./Drivers/STM32F4xx_HAL_Driver/Src/stm32f4xx_hal_uart.o

.debug_aranges  0x00000000     0x1020
 .debug_aranges
                0x00000000       0x28 ./Core/Src/bms_master_comm.o
 .debug_aranges
                0x00000028       0x50 ./Core/Src/bms_relays.o
 .debug_aranges
                0x00000078       0xc0 ./Core/Src/bq796xx_bms.o
 .debug_aranges
                0x00000138       0xc8 ./Core/Src/bq796xx_bms_monitor.o
 .debug_aranges
                0x00000200       0x70 ./Core/Src/main.o
 .debug_aranges
                0x00000270       0x38 ./Core/Src/main_bms_app.o
 .debug_aranges
                0x000002a8       0x40 ./Core/Src/stm32f4xx_hal_msp.o
 .debug_aranges
                0x000002e8       0x30 ./Core/Src/stm32f4xx_hal_timebase_tim.o
 .debug_aranges
                0x00000318       0x80 ./Core/Src/stm32f4xx_it.o
 .debug_aranges
                0x00000398       0xa8 ./Core/Src/syscalls.o
 .debug_aranges
                0x00000440       0x20 ./Core/Src/sysmem.o
 .debug_aranges
                0x00000460       0x28 ./Core/Src/system_stm32f4xx.o
 .debug_aranges
                0x00000488       0x28 ./Core/Startup/startup_stm32f446retx.o
 .debug_aranges
                0x000004b0       0xf0 ./Drivers/STM32F4xx_HAL_Driver/Src/stm32f4xx_hal.o
 .debug_aranges
                0x000005a0      0x130 ./Drivers/STM32F4xx_HAL_Driver/Src/stm32f4xx_hal_cortex.o
 .debug_aranges
                0x000006d0       0x90 ./Drivers/STM32F4xx_HAL_Driver/Src/stm32f4xx_hal_dma.o
 .debug_aranges