../CANopenNode/301/CO_PDO.h:350:1:CO_TPDOsendRequest	16	static
../Core/Src/main.c:213:5:main	120	static
../Core/Src/main.c:906:6:SystemClock_Config	88	static
../Core/Src/main.c:954:13:MX_CAN1_Init	8	static
../Core/Src/main.c:991:13:MX_TIM2_Init	64	static
../Core/Src/main.c:1050:13:MX_TIM4_Init	32	static
../Core/Src/main.c:1095:13:MX_TIM6_Init	16	static
../Core/Src/main.c:1133:13:MX_TIM7_Init	16	static
../Core/Src/main.c:1171:13:MX_UART4_Init	8	static
../Core/Src/main.c:1204:13:MX_USART2_UART_Init	8	static
../Core/Src/main.c:1235:13:MX_DMA_Init	16	static
../Core/Src/main.c:1256:13:MX_GPIO_Init	40	static
../Core/Src/main.c:1341:6:HAL_GPIO_EXTI_Callback	16	static
../Core/Src/main.c:1376:6:HAL_TIM_PeriodElapsedCallback	16	static
../Core/Src/main.c:1393:6:HAL_UARTEx_RxEventCallback	16	static
../Core/Src/main.c:1410:6:Error_Handler	4	static,ignoring_inline_asm
