Archive member included to satisfy reference by file (symbol)

/Applications/STM32CubeIDE.app/Contents/Eclipse/plugins/com.st.stm32cube.ide.mcu.externaltools.gnu-tools-for-stm32.13.3.rel1.macos64_1.0.0.202411102158/tools/bin/../lib/gcc/arm-none-eabi/13.3.1/../../../../arm-none-eabi/lib/thumb/v7e-m+fp/hard/libc_nano.a(libc_a-calloc.o)
                              ./CANopenNode/CANopen.o (calloc)
/Applications/STM32CubeIDE.app/Contents/Eclipse/plugins/com.st.stm32cube.ide.mcu.externaltools.gnu-tools-for-stm32.13.3.rel1.macos64_1.0.0.202411102158/tools/bin/../lib/gcc/arm-none-eabi/13.3.1/../../../../arm-none-eabi/lib/thumb/v7e-m+fp/hard/libc_nano.a(libc_a-callocr.o)
                              /Applications/STM32CubeIDE.app/Contents/Eclipse/plugins/com.st.stm32cube.ide.mcu.externaltools.gnu-tools-for-stm32.13.3.rel1.macos64_1.0.0.202411102158/tools/bin/../lib/gcc/arm-none-eabi/13.3.1/../../../../arm-none-eabi/lib/thumb/v7e-m+fp/hard/libc_nano.a(libc_a-calloc.o) (_calloc_r)
/Applications/STM32CubeIDE.app/Contents/Eclipse/plugins/com.st.stm32cube.ide.mcu.externaltools.gnu-tools-for-stm32.13.3.rel1.macos64_1.0.0.202411102158/tools/bin/../lib/gcc/arm-none-eabi/13.3.1/../../../../arm-none-eabi/lib/thumb/v7e-m+fp/hard/libc_nano.a(libc_a-exit.o)
                              /Applications/STM32CubeIDE.app/Contents/Eclipse/plugins/com.st.stm32cube.ide.mcu.externaltools.gnu-tools-for-stm32.13.3.rel1.macos64_1.0.0.202411102158/tools/bin/../lib/gcc/arm-none-eabi/13.3.1/../../../../arm-none-eabi/lib/thumb/v7e-m+fp/hard/crt0.o (exit)
/Applications/STM32CubeIDE.app/Contents/Eclipse/plugins/com.st.stm32cube.ide.mcu.externaltools.gnu-tools-for-stm32.13.3.rel1.macos64_1.0.0.202411102158/tools/bin/../lib/gcc/arm-none-eabi/13.3.1/../../../../arm-none-eabi/lib/thumb/v7e-m+fp/hard/libc_nano.a(libc_a-nano-vfprintf_float.o)
                              (_printf_float)
/Applications/STM32CubeIDE.app/Contents/Eclipse/plugins/com.st.stm32cube.ide.mcu.externaltools.gnu-tools-for-stm32.13.3.rel1.macos64_1.0.0.202411102158/tools/bin/../lib/gcc/arm-none-eabi/13.3.1/../../../../arm-none-eabi/lib/thumb/v7e-m+fp/hard/libc_nano.a(libc_a-malloc.o)
                              ./Core/Src/pl455.o (malloc)
/Applications/STM32CubeIDE.app/Contents/Eclipse/plugins/com.st.stm32cube.ide.mcu.externaltools.gnu-tools-for-stm32.13.3.rel1.macos64_1.0.0.202411102158/tools/bin/../lib/gcc/arm-none-eabi/13.3.1/../../../../arm-none-eabi/lib/thumb/v7e-m+fp/hard/libc_nano.a(libc_a-mallocr.o)
                              /Applications/STM32CubeIDE.app/Contents/Eclipse/plugins/com.st.stm32cube.ide.mcu.externaltools.gnu-tools-for-stm32.13.3.rel1.macos64_1.0.0.202411102158/tools/bin/../lib/gcc/arm-none-eabi/13.3.1/../../../../arm-none-eabi/lib/thumb/v7e-m+fp/hard/libc_nano.a(libc_a-callocr.o) (_malloc_r)
/Applications/STM32CubeIDE.app/Contents/Eclipse/plugins/com.st.stm32cube.ide.mcu.externaltools.gnu-tools-for-stm32.13.3.rel1.macos64_1.0.0.202411102158/tools/bin/../lib/gcc/arm-none-eabi/13.3.1/../../../../arm-none-eabi/lib/thumb/v7e-m+fp/hard/libc_nano.a(libc_a-nano-vfprintf_i.o)
                              /Applications/STM32CubeIDE.app/Contents/Eclipse/plugins/com.st.stm32cube.ide.mcu.externaltools.gnu-tools-for-stm32.13.3.rel1.macos64_1.0.0.202411102158/tools/bin/../lib/gcc/arm-none-eabi/13.3.1/../../../../arm-none-eabi/lib/thumb/v7e-m+fp/hard/libc_nano.a(libc_a-nano-vfprintf_float.o) (_printf_common)
/Applications/STM32CubeIDE.app/Contents/Eclipse/plugins/com.st.stm32cube.ide.mcu.externaltools.gnu-tools-for-stm32.13.3.rel1.macos64_1.0.0.202411102158/tools/bin/../lib/gcc/arm-none-eabi/13.3.1/../../../../arm-none-eabi/lib/thumb/v7e-m+fp/hard/libc_nano.a(libc_a-nano-vfscanf_float.o)
                              (_scanf_float)
/Applications/STM32CubeIDE.app/Contents/Eclipse/plugins/com.st.stm32cube.ide.mcu.externaltools.gnu-tools-for-stm32.13.3.rel1.macos64_1.0.0.202411102158/tools/bin/../lib/gcc/arm-none-eabi/13.3.1/../../../../arm-none-eabi/lib/thumb/v7e-m+fp/hard/libc_nano.a(libc_a-fflush.o)
                              ./CANopenNode_STM32/CO_app_STM32.o (fflush)
/Applications/STM32CubeIDE.app/Contents/Eclipse/plugins/com.st.stm32cube.ide.mcu.externaltools.gnu-tools-for-stm32.13.3.rel1.macos64_1.0.0.202411102158/tools/bin/../lib/gcc/arm-none-eabi/13.3.1/../../../../arm-none-eabi/lib/thumb/v7e-m+fp/hard/libc_nano.a(libc_a-mlock.o)
                              /Applications/STM32CubeIDE.app/Contents/Eclipse/plugins/com.st.stm32cube.ide.mcu.externaltools.gnu-tools-for-stm32.13.3.rel1.macos64_1.0.0.202411102158/tools/bin/../lib/gcc/arm-none-eabi/13.3.1/../../../../arm-none-eabi/lib/thumb/v7e-m+fp/hard/libc_nano.a(libc_a-mallocr.o) (__malloc_lock)
/Applications/STM32CubeIDE.app/Contents/Eclipse/plugins/com.st.stm32cube.ide.mcu.externaltools.gnu-tools-for-stm32.13.3.rel1.macos64_1.0.0.202411102158/tools/bin/../lib/gcc/arm-none-eabi/13.3.1/../../../../arm-none-eabi/lib/thumb/v7e-m+fp/hard/libc_nano.a(libc_a-sprintf.o)
[...]
Memory Configuration

Name             Origin             Length             Attributes
RAM              0x20000000         0x00020000         xrw
FLASH            0x08000000         0x00080000         xr
*default*        0x00000000         0xffffffff

Linker script and memory map

LOAD /Applications/STM32CubeIDE.app/Contents/Eclipse/plugins/com.st.stm32cube.ide.mcu.externaltools.gnu-tools-for-stm32.13.3.rel1.macos64_1.0.0.202411102158/tools/bin/../lib/gcc/arm-none-eabi/13.3.1/thumb/v7e-m+fp/hard/crti.o
LOAD /Applications/STM32CubeIDE.app/Contents/Eclipse/plugins/com.st.stm32cube.ide.mcu.externaltools.gnu-tools-for-stm32.13.3.rel1.macos64_1.0.0.202411102158/tools/bin/../lib/gcc/arm-none-eabi/13.3.1/thumb/v7e-m+fp/hard/crtbegin.o
LOAD /Applications/STM32CubeIDE.app/Contents/Eclipse/plugins/com.st.stm32cube.ide.mcu.externaltools.gnu-tools-for-stm32.13.3.rel1.macos64_1.0.0.202411102158/tools/bin/../lib/gcc/arm-none-eabi/13.3.1/../../../../arm-none-eabi/lib/thumb/v7e-m+fp/hard/crt0.o
LOAD ./CANopenNode/301/CO_Emergency.o
LOAD ./CANopenNode/301/CO_HBconsumer.o
LOAD ./CANopenNode/301/CO_NMT_Heartbeat.o
LOAD ./CANopenNode/301/CO_Node_Guarding.o
LOAD ./CANopenNode/301/CO_ODinterface.o
LOAD ./CANopenNode/301/CO_PDO.o
LOAD ./CANopenNode/301/CO_SDOclient.o
LOAD ./CANopenNode/301/CO_SDOserver.o
LOAD ./CANopenNode/301/CO_SYNC.o
LOAD ./CANopenNode/301/CO_TIME.o
LOAD ./CANopenNode/301/CO_fifo.o
LOAD ./CANopenNode/301/crc16-ccitt.o
LOAD ./CANopenNode/303/CO_LEDs.o
LOAD ./CANopenNode/304/CO_GFC.o
LOAD ./CANopenNode/304/CO_SRDO.o
LOAD ./CANopenNode/305/CO_LSSmaster.o
LOAD ./CANopenNode/305/CO_LSSslave.o
LOAD ./CANopenNode/309/CO_gateway_ascii.o
LOAD ./CANopenNode/CANopen.o
LOAD ./CANopenNode/extra/CO_trace.o
LOAD ./CANopenNode/storage/CO_storage.o
LOAD ./CANopenNode/storage/CO_storageEeprom.o
LOAD ./CANopenNode_STM32/CO_app_STM32.o
LOAD ./CANopenNode_STM32/CO_driver_STM32.o
LOAD ./CANopenNode_STM32/CO_storageBlank.o
LOAD ./CANopenNode_STM32/OD.o
LOAD ./Core/Src/main.o
LOAD ./Core/Src/pl455.o
LOAD ./Core/Src/stm32f4xx_hal_msp.o
LOAD ./Core/Src/stm32f4xx_it.o
LOAD ./Core/Src/syscalls.o
LOAD ./Core/Src/sysmem.o
LOAD ./Core/Src/system_stm32f4xx.o
LOAD ./Core/Startup/startup_stm32f446retx.o
LOAD ./Drivers/STM32F4xx_HAL_Driver/Src/stm32f4xx_hal.o
LOAD ./Drivers/STM32F4xx_HAL_Driver/Src/stm32f4xx_hal_can.o
LOAD ./Drivers/STM32F4xx_HAL_Driver/Src/stm32f4xx_hal_cortex.o
LOAD ./Drivers/STM32F4xx_HAL_Driver/Src/stm32f4xx_hal_dma.o
LOAD ./Drivers/STM32F4xx_HAL_Driver/Src/stm32f4xx_hal_dma_ex.o
LOAD ./Drivers/STM32F4xx_HAL_Driver/Src/stm32f4xx_hal_exti.o
LOAD ./Drivers/STM32F4xx_HAL_Driver/Src/stm32f4xx_hal_flash.o
LOAD ./Drivers/STM32F4xx_HAL_Driver/Src/stm32f4xx_hal_flash_ex.o
LOAD ./Drivers/STM32F4xx_HAL_Driver/Src/stm32f4xx_hal_flash_ramfunc.o
LOAD ./Drivers/STM32F4xx_HAL_Driver/Src/stm32f4xx_hal_gpio.o
LOAD ./Drivers/STM32F4xx_HAL_Driver/Src/stm32f4xx_hal_pwr.o
LOAD ./Drivers/STM32F4xx_HAL_Driver/Src/stm32f4xx_hal_pwr_ex.o
LOAD ./Drivers/STM32F4xx_HAL_Driver/Src/stm32f4xx_hal_rcc.o
LOAD ./Drivers/STM32F4xx_HAL_Driver/Src/stm32f4xx_hal_rcc_ex.o
LOAD ./Drivers/STM32F4xx_HAL_Driver/Src/stm32f4xx_hal_tim.o
LOAD ./Drivers/STM32F4xx_HAL_Driver/Src/stm32f4xx_hal_tim_ex.o
LOAD ./Drivers/STM32F4xx_HAL_Driver/Src/stm32f4xx_hal_uart.o
START GROUP
LOAD /Applications/STM32CubeIDE.app/Contents/Eclipse/plugins/com.st.stm32cube.ide.mcu.externaltools.gnu-tools-for-stm32.13.3.rel1.macos64_1.0.0.202411102158/tools/bin/../lib/gcc/arm-none-eabi/13.3.1/../../../../arm-none-eabi/lib/thumb/v7e-m+fp/hard/libc_nano.a
LOAD /Applications/STM32CubeIDE.app/Contents/Eclipse/plugins/com.st.stm32cube.ide.mcu.externaltools.gnu-tools-for-stm32.13.3.rel1.macos64_1.0.0.202411102158/tools/bin/../lib/gcc/arm-none-eabi/13.3.1/../../../../arm-none-eabi/lib/thumb/v7e-m+fp/hard/libm.a
END GROUP
START GROUP
LOAD /Applications/STM32CubeIDE.app/Contents/Eclipse/plugins/com.st.stm32cube.ide.mcu.externaltools.gnu-tools-for-stm32.13.3.rel1.macos64_1.0.0.202411102158/tools/bin/../lib/gcc/arm-none-eabi/13.3.1/thumb/v7e-m+fp/hard/libgcc.a
LOAD /Applications/STM32CubeIDE.app/Contents/Eclipse/plugins/com.st.stm32cube.ide.mcu.externaltools.gnu-tools-for-stm32.13.3.rel1.macos64_1.0.0.202411102158/tools/bin/../lib/gcc/arm-none-eabi/13.3.1/../../../../arm-none-eabi/lib/thumb/v7e-m+fp/hard/libc_nano.a
END GROUP
START GROUP
LOAD /Applications/STM32CubeIDE.app/Contents/Eclipse/plugins/com.st.stm32cube.ide.mcu.externaltools.gnu-tools-for-stm32.13.3.rel1.macos64_1.0.0.202411102158/tools/bin/../lib/gcc/arm-none-eabi/13.3.1/thumb/v7e-m+fp/hard/libgcc.a
LOAD /Applications/STM32CubeIDE.app/Contents/Eclipse/plugins/com.st.stm32cube.ide.mcu.externaltools.gnu-tools-for-stm32.13.3.rel1.macos64_1.0.0.202411102158/tools/bin/../lib/gcc/arm-none-eabi/13.3.1/../../../../arm-none-eabi/lib/thumb/v7e-m+fp/hard/libc_nano.a
LOAD /Applications/STM32CubeIDE.app/Contents/Eclipse/plugins/com.st.stm32cube.ide.mcu.externaltools.gnu-tools-for-stm32.13.3.rel1.macos64_1.0.0.202411102158/tools/bin/../lib/gcc/arm-none-eabi/13.3.1/../../../../arm-none-eabi/lib/thumb/v7e-m+fp/hard/libnosys.a
END GROUP
START GROUP
LOAD /Applications/STM32CubeIDE.app/Contents/Eclipse/plugins/com.st.stm32cube.ide.mcu.externaltools.gnu-tools-for-stm32.13.3.rel1.macos64_1.0.0.202411102158/tools/bin/../lib/gcc/arm-none-eabi/13.3.1/thumb/v7e-m+fp/hard/libgcc.a
LOAD /Applications/STM32CubeIDE.app/Contents/Eclipse/plugins/com.st.stm32cube.ide.mcu.externaltools.gnu-tools-for-stm32.13.3.rel1.macos64_1.0.0.202411102158/tools/bin/../lib/gcc/arm-none-eabi/13.3.1/../../../../arm-none-eabi/lib/thumb/v7e-m+fp/hard/libc_nano.a
LOAD /Applications/STM32CubeIDE.app/Contents/Eclipse/plugins/com.st.stm32cube.ide.mcu.externaltools.gnu-tools-for-stm32.13.3.rel1.macos64_1.0.0.202411102158/tools/bin/../lib/gcc/arm-none-eabi/13.3.1/../../../../arm-none-eabi/lib/thumb/v7e-m+fp/hard/libnosys.a
END GROUP
LOAD /Applications/STM32CubeIDE.app/Contents/Eclipse/plugins/com.st.stm32cube.ide.mcu.externaltools.gnu-tools-for-stm32.13.3.rel1.macos64_1.0.0.202411102158/tools/bin/../lib/gcc/arm-none-eabi/13.3.1/thumb/v7e-m+fp/hard/crtend.o
LOAD /Applications/STM32CubeIDE.app/Contents/Eclipse/plugins/com.st.stm32cube.ide.mcu.externaltools.gnu-tools-for-stm32.13.3.rel1.macos64_1.0.0.202411102158/tools/bin/../lib/gcc/arm-none-eabi/13.3.1/thumb/v7e-m+fp/hard/crtn.o
                0x20020000                        _estack = (ORIGIN (RAM) + LENGTH (RAM))
                0x00000200                        _Min_Heap_Size = 0x200
                0x00000400                        _Min_Stack_Size = 0x400

.isr_vector     0x08000000      0x1c4
                0x08000000                        . = ALIGN (0x4)
 *(.isr_vector)
 .isr_vector    0x08000000      0x1c4 ./Core/Startup/startup_stm32f446retx.o
                0x08000000                g_pfnVectors
                0x080001c4                        . = ALIGN (0x4)

.text           0x080001d0    0x15738
                0x080001d0                        . = ALIGN (0x4)
 *(.text)
 .text          0x080001d0       0x40 /Applications/STM32CubeIDE.app/Contents/Eclipse/plugins/com.st.stm32cube.ide.mcu.externaltools.gnu-tools-for-stm32.13.3.rel1.macos64_1.0.0.202411102158/tools/bin/../lib/gcc/arm-none-eabi/13.3.1/thumb/v7e-m+fp/hard/crtbegin.o
 .text          0x08000210       0xa0 /Applications/STM32CubeIDE.app/Contents/Eclipse/plugins/com.st.stm32cube.ide.mcu.externaltools.gnu-tools-for-stm32.13.3.rel1.macos64_1.0.0.202411102158/tools/bin/../lib/gcc/arm-none-eabi/13.3.1/../../../../arm-none-eabi/lib/thumb/v7e-m+fp/hard/libc_nano.a(libc_a-memchr.o)
                0x08000210                memchr
 .text          0x080002b0       0x10 /Applications/STM32CubeIDE.app/Contents/Eclipse/plugins/com.st.stm32cube.ide.mcu.externaltools.gnu-tools-for-stm32.13.3.rel1.macos64_1.0.0.202411102158/tools/bin/../lib/gcc/arm-none-eabi/13.3.1/../../../../arm-none-eabi/lib/thumb/v7e-m+fp/hard/libc_nano.a(libc_a-strlen.o)
                0x080002b0                strlen
 .text          0x080002c0      0x378 /Applications/STM32CubeIDE.app/Contents/Eclipse/plugins/com.st.stm32cube.ide.mcu.externaltools.gnu-tools-for-stm32.13.3.rel1.macos64_1.0.0.202411102158/tools/bin/../lib/gcc/arm-none-eabi/13.3.1/thumb/v7e-m+fp/hard/libgcc.a(_arm_addsubdf3.o)
                0x080002c0                __aeabi_drsub
                0x080002c8                __subdf3
                0x080002c8                __aeabi_dsub
                0x080002cc                __aeabi_dadd
                0x080002cc                __adddf3
                0x08000544                __aeabi_ui2d
                0x08000544                __floatunsidf
                0x08000564                __floatsidf
                0x08000564                __aeabi_i2d
                0x08000588                __extendsfdf2
                0x08000588                __aeabi_f2d
                0x080005cc                __aeabi_ul2d
                0x080005cc                __floatundidf
                0x080005dc                __aeabi_l2d
                0x080005dc                __floatdidf
 .text          0x08000638      0x424 /Applications/STM32CubeIDE.app/Contents/Eclipse/plugins/com.st.stm32cube.ide.mcu.externaltools.gnu-tools-for-stm32.13.3.rel1.macos64_1.0.0.202411102158/tools/bin/../lib/gcc/arm-none-eabi/13.3.1/thumb/v7e-m+fp/hard/libgcc.a(_arm_muldivdf3.o)
                0x08000638                __aeabi_dmul
                0x08000638                __muldf3
                0x0800088c                __aeabi_ddiv
                0x0800088c                __divdf3
 .text          0x08000a5c      0x110 /Applications/STM32CubeIDE.app/Contents/Eclipse/plugins/com.st.stm32cube.ide.mcu.externaltools.gnu-tools-for-stm32.13.3.rel1.macos64_1.0.0.202411102158/tools/bin/../lib/gcc/arm-none-eabi/13.3.1/thumb/v7e-m+fp/hard/libgcc.a(_arm_cmpdf2.o)
                0x08000a5c                __gedf2
                0x08000a5c                __gtdf2
                0x08000a64                __ledf2
                0x08000a64                __ltdf2
                0x08000a6c                __cmpdf2
                0x08000a6c                __eqdf2
                0x08000a6c                __nedf2
                0x08000ae8                __aeabi_cdrcmple
                0x08000af8                __aeabi_cdcmple
                0x08000af8                __aeabi_cdcmpeq
                0x08000b08                __aeabi_dcmpeq
                0x08000b1c                __aeabi_dcmplt
                0x08000b30                __aeabi_dcmple
                0x08000b44                __aeabi_dcmpge
                0x08000b58                __aeabi_dcmpgt
 .text          0x08000b6c       0x2c /Applications/STM32CubeIDE.app/Contents/Eclipse/plugins/com.st.stm32cube.ide.mcu.externaltools.gnu-tools-for-stm32.13.3.rel1.macos64_1.0.0.202411102158/tools/bin/../lib/gcc/arm-none-eabi/13.3.1/thumb/v7e-m+fp/hard/libgcc.a(_arm_unorddf2.o)
                0x08000b6c                __aeabi_dcmpun
                0x08000b6c                __unorddf2
 .text          0x08000b98       0x50 /Applications/STM32CubeIDE.app/Contents/Eclipse/plugins/com.st.stm32cube.ide.mcu.externaltools.gnu-tools-for-stm32.13.3.rel1.macos64_1.0.0.202411102158/tools/bin/../lib/gcc/arm-none-eabi/13.3.1/thumb/v7e-m+fp/hard/libgcc.a(_arm_fixdfsi.o)
                0x08000b98                __fixdfsi
                0x08000b98                __aeabi_d2iz
 .text          0x08000be8       0x40 /Applications/STM32CubeIDE.app/Contents/Eclipse/plugins/com.st.stm32cube.ide.mcu.externaltools.gnu-tools-for-stm32.13.3.rel1.macos64_1.0.0.202411102158/tools/bin/../lib/gcc/arm-none-eabi/13.3.1/thumb/v7e-m+fp/hard/libgcc.a(_arm_fixunsdfsi.o)
                0x08000be8                __fixunsdfsi
                0x08000be8                __aeabi_d2uiz
 .text          0x08000c28       0xa0 /Applications/STM32CubeIDE.app/Contents/Eclipse/plugins/com.st.stm32cube.ide.mcu.externaltools.gnu-tools-for-stm32.13.3.rel1.macos64_1.0.0.202411102158/tools/bin/../lib/gcc/arm-none-eabi/13.3.1/thumb/v7e-m+fp/hard/libgcc.a(_arm_truncdfsf2.o)
                0x08000c28                __aeabi_d2f
                0x08000c28                __truncdfsf2
 .text          0x08000cc8       0x30 /Applications/STM32CubeIDE.app/Contents/Eclipse/plugins/com.st.stm32cube.ide.mcu.externaltools.gnu-tools-for-stm32.13.3.rel1.macos64_1.0.0.202411102158/tools/bin/../lib/gcc/arm-none-eabi/13.3.1/thumb/v7e-m+fp/hard/libgcc.a(_aeabi_uldivmod.o)
                0x08000cc8                __aeabi_uldivmod
 .text          0x08000cf8       0x30 /Applications/STM32CubeIDE.app/Contents/Eclipse/plugins/com.st.stm32cube.ide.mcu.externaltools.gnu-tools-for-stm32.13.3.rel1.macos64_1.0.0.202411102158/tools/bin/../lib/gcc/arm-none-eabi/13.3.1/thumb/v7e-m+fp/hard/libgcc.a(_fixdfdi.o)
                0x08000cf8                __aeabi_d2lz
                0x08000cf8                __fixdfdi
 .text          0x08000d28       0x3c /Applications/STM32CubeIDE.app/Contents/Eclipse/plugins/com.st.stm32cube.ide.mcu.externaltools.gnu-tools-for-stm32.13.3.rel1.macos64_1.0.0.202411102158/tools/bin/../lib/gcc/arm-none-eabi/13.3.1/thumb/v7e-m+fp/hard/libgcc.a(_fixunsdfdi.o)
                0x08000d28                __aeabi_d2ulz
                0x08000d28                __fixunsdfdi
 .text          0x08000d64      0x2f8 /Applications/STM32CubeIDE.app/Contents/Eclipse/plugins/com.st.stm32cube.ide.mcu.externaltools.gnu-tools-for-stm32.13.3.rel1.macos64_1.0.0.202411102158/tools/bin/../lib/gcc/arm-none-eabi/13.3.1/thumb/v7e-m+fp/hard/libgcc.a(_udivmoddi4.o)
                0x08000d64                __udivmoddi4
 .text          0x0800105c        0x4 /Applications/STM32CubeIDE.app/Contents/Eclipse/plugins/com.st.stm32cube.ide.mcu.externaltools.gnu-tools-for-stm32.13.3.rel1.macos64_1.0.0.202411102158/tools/bin/../lib/gcc/arm-none-eabi/13.3.1/thumb/v7e-m+fp/hard/libgcc.a(_dvmd_tls.o)
                0x0800105c                __aeabi_ldiv0
                0x0800105c                __aeabi_idiv0
 *(.text*)
 .text.CO_getUint8
                0x08001060       0x1c ./CANopenNode/301/CO_Emergency.o
 .text.CO_setUint8
                0x0800107c       0x20 ./CANopenNode/301/CO_Emergency.o
 .text.CO_setUint32
                0x0800109c       0x1e ./CANopenNode/301/CO_Emergency.o
 .text.OD_getIndex
                0x080010ba       0x22 ./CANopenNode/301/CO_Emergency.o
 .text.OD_extension_init
                0x080010dc       0x28 ./CANopenNode/301/CO_Emergency.o
 .text.OD_get_u32
                0x08001104       0x2a ./CANopenNode/301/CO_Emergency.o
 .text.OD_read_1014_default
                0x0800112e       0x70 ./CANopenNode/301/CO_Emergency.o
 .text.OD_read_1003
                0x0800119e       0xda ./CANopenNode/301/CO_Emergency.o
 .text.OD_write_1003
                0x08001278       0x60 ./CANopenNode/301/CO_Emergency.o
 .text.CO_EM_init
                0x080012d8      0x1c0 ./CANopenNode/301/CO_Emergency.o
                0x080012d8                CO_EM_init
 .text.CO_EM_process
                0x08001498      0x296 ./CANopenNode/301/CO_Emergency.o
                0x08001498                CO_EM_process
 .text.CO_error
                0x0800172e      0x17a ./CANopenNode/301/CO_Emergency.o
                0x0800172e                CO_error
 .text.CO_getUint32
                0x080018a8       0x1c ./CANopenNode/301/CO_HBconsumer.o
 .text.OD_getIndex
                0x080018c4       0x22 ./CANopenNode/301/CO_HBconsumer.o
 .text.OD_extension_init
                0x080018e6       0x28 ./CANopenNode/301/CO_HBconsumer.o
 .text.OD_get_u32
                0x0800190e       0x2a ./CANopenNode/301/CO_HBconsumer.o
 .text.CO_HBcons_receive
                0x08001938       0x3c ./CANopenNode/301/CO_HBconsumer.o
 .text.OD_write_1016
                0x08001974       0x8e ./CANopenNode/301/CO_HBconsumer.o
 *fill*         0x08001a02        0x2 
 .text.CO_HBconsumer_init
                0x08001a04      0x154 ./CANopenNode/301/CO_HBconsumer.o
                0x08001a04                CO_HBconsumer_init
 .text.CO_HBconsumer_initEntry
                0x08001b58      0x12c ./CANopenNode/301/CO_HBconsumer.o
 .text.CO_HBconsumer_process
                0x08001c84      0x1aa ./CANopenNode/301/CO_HBconsumer.o
                0x08001c84                CO_HBconsumer_process
 .text.CO_getUint16
                0x08001e2e       0x1e ./CANopenNode/301/CO_NMT_Heartbeat.o
 .text.OD_getIndex
                0x08001e4c       0x22 ./CANopenNode/301/CO_NMT_Heartbeat.o
 .text.OD_extension_init
                0x08001e6e       0x28 ./CANopenNode/301/CO_NMT_Heartbeat.o
 .text.OD_get_u16
                0x08001e96       0x2a ./CANopenNode/301/CO_NMT_Heartbeat.o
 .text.CO_isError
                0x08001ec0       0x4e ./CANopenNode/301/CO_NMT_Heartbeat.o
 .text.CO_getErrorRegister
                0x08001f0e       0x2c ./CANopenNode/301/CO_NMT_Heartbeat.o
 .text.CO_NMT_receive
                0x08001f3a       0x50 ./CANopenNode/301/CO_NMT_Heartbeat.o
 .text.OD_write_1017
                0x08001f8a       0x6a ./CANopenNode/301/CO_NMT_Heartbeat.o
 .text.CO_NMT_init
                0x08001ff4      0x17c ./CANopenNode/301/CO_NMT_Heartbeat.o
                0x08001ff4                CO_NMT_init
 .text.CO_NMT_process
                0x08002170      0x22e ./CANopenNode/301/CO_NMT_Heartbeat.o
                0x08002170                CO_NMT_process
 .text.OD_readOriginal
                0x0800239e       0xb0 ./CANopenNode/301/CO_ODinterface.o
                0x0800239e                OD_readOriginal
 .text.OD_writeOriginal
                0x0800244e       0xda ./CANopenNode/301/CO_ODinterface.o
                0x0800244e                OD_writeOriginal
 .text.OD_readDisabled
                0x08002528       0x1c ./CANopenNode/301/CO_ODinterface.o
 .text.OD_writeDisabled
                0x08002544       0x1c ./CANopenNode/301/CO_ODinterface.o
 .text.OD_find  0x08002560       0xb8 ./CANopenNode/301/CO_ODinterface.o
                0x08002560                OD_find
 .text.OD_getSub
                0x08002618      0x210 ./CANopenNode/301/CO_ODinterface.o
                0x08002618                OD_getSub
 .text.OD_getSDOabCode
                0x08002828       0x3c ./CANopenNode/301/CO_ODinterface.o
                0x08002828                OD_getSDOabCode
 .text.OD_get_value
                0x08002864       0x7a ./CANopenNode/301/CO_ODinterface.o
                0x08002864                OD_get_value
 .text.OD_set_value
                0x080028de       0x7a ./CANopenNode/301/CO_ODinterface.o
                0x080028de                OD_set_value
 .text.OD_getPtr
                0x08002958       0x86 ./CANopenNode/301/CO_ODinterface.o
                0x08002958                OD_getPtr
 .text.CO_getUint8
                0x080029de       0x1c ./CANopenNode/301/CO_PDO.o
 .text.CO_getUint16
                0x080029fa       0x1e ./CANopenNode/301/CO_PDO.o
 .text.CO_getUint32
                0x08002a18       0x1c ./CANopenNode/301/CO_PDO.o
 .text.CO_setUint32
                0x08002a34       0x1e ./CANopenNode/301/CO_PDO.o
 .text.OD_getIndex
                0x08002a52       0x22 ./CANopenNode/301/CO_PDO.o
 .text.OD_extension_init
                0x08002a74       0x28 ./CANopenNode/301/CO_PDO.o
 .text.OD_get_u8
                0x08002a9c       0x2a ./CANopenNode/301/CO_PDO.o
 .text.OD_get_u16
                0x08002ac6       0x2a ./CANopenNode/301/CO_PDO.o
 .text.OD_get_u32
                0x08002af0       0x2a ./CANopenNode/301/CO_PDO.o
 .text.OD_write_dummy
                0x08002b1a       0x28 ./CANopenNode/301/CO_PDO.o
 .text.OD_read_dummy
                0x08002b42       0x4e ./CANopenNode/301/CO_PDO.o
 .text.PDOconfigMap
                0x08002b90      0x17c ./CANopenNode/301/CO_PDO.o
 .text.PDO_initMapping
                0x08002d0c      0x154 ./CANopenNode/301/CO_PDO.o
 .text.OD_write_PDO_mapping
                0x08002e60      0x132 ./CANopenNode/301/CO_PDO.o
 .text.OD_read_PDO_commParam
                0x08002f92       0x9c ./CANopenNode/301/CO_PDO.o
 *fill*         0x0800302e        0x2 
 .text.OD_write_18xx
                0x08003030      0x2a4 ./CANopenNode/301/CO_PDO.o
 .text.CO_TPDO_init
                0x080032d4      0x2e0 ./CANopenNode/301/CO_PDO.o
                0x080032d4                CO_TPDO_init
 .text.CO_TPDOsend
                0x080035b4      0x188 ./CANopenNode/301/CO_PDO.o
 .text.CO_TPDO_process
                0x0800373c      0x200 ./CANopenNode/301/CO_PDO.o
                0x0800373c                CO_TPDO_process
 .text.CO_getUint8
                0x0800393c       0x1c ./CANopenNode/301/CO_SDOserver.o
 .text.CO_getUint32
                0x08003958       0x1c ./CANopenNode/301/CO_SDOserver.o
 .text.OD_getIndex
                0x08003974       0x22 ./CANopenNode/301/CO_SDOserver.o
 .text.OD_extension_init
                0x08003996       0x28 ./CANopenNode/301/CO_SDOserver.o
 .text.OD_get_u8
                0x080039be       0x2a ./CANopenNode/301/CO_SDOserver.o
 .text.OD_get_u32
                0x080039e8       0x2a ./CANopenNode/301/CO_SDOserver.o
 .text.OD_set_u32
                0x08003a12       0x2a ./CANopenNode/301/CO_SDOserver.o
 .text.CO_SDO_receive
                0x08003a3c       0x54 ./CANopenNode/301/CO_SDOserver.o
 .text.CO_SDOserver_init_canRxTx
                0x08003a90       0xd8 ./CANopenNode/301/CO_SDOserver.o
 .text.OD_write_1201_additional
                0x08003b68      0x224 ./CANopenNode/301/CO_SDOserver.o
 .text.CO_SDOserver_init
                0x08003d8c      0x228 ./CANopenNode/301/CO_SDOserver.o
                0x08003d8c                CO_SDOserver_init
 .text.validateAndWriteToOD
                0x08003fb4      0x220 ./CANopenNode/301/CO_SDOserver.o
 .text.readFromOd
                0x080041d4      0x18c ./CANopenNode/301/CO_SDOserver.o
 .text.CO_SDOserver_process
                0x08004360      0xa34 ./CANopenNode/301/CO_SDOserver.o
                0x08004360                CO_SDOserver_process
 .text.CO_getUint8
                0x08004d94       0x1c ./CANopenNode/301/CO_SYNC.o
 .text.CO_getUint32
                0x08004db0       0x1c ./CANopenNode/301/CO_SYNC.o
 .text.OD_getIndex
                0x08004dcc       0x22 ./CANopenNode/301/CO_SYNC.o
 .text.OD_extension_init
                0x08004dee       0x28 ./CANopenNode/301/CO_SYNC.o
 .text.OD_get_u8
                0x08004e16       0x2a ./CANopenNode/301/CO_SYNC.o
 .text.OD_get_u32
                0x08004e40       0x2a ./CANopenNode/301/CO_SYNC.o
 .text.CO_SYNCsend
                0x08004e6a       0x64 ./CANopenNode/301/CO_SYNC.o
 .text.CO_SYNC_receive
                0x08004ece       0x8c ./CANopenNode/301/CO_SYNC.o
 *fill*         0x08004f5a        0x2 
 .text.OD_write_1005
                0x08004f5c      0x188 ./CANopenNode/301/CO_SYNC.o
 .text.OD_write_1019
                0x080050e4       0xbc ./CANopenNode/301/CO_SYNC.o
 .text.CO_SYNC_init
                0x080051a0      0x24c ./CANopenNode/301/CO_SYNC.o
                0x080051a0                CO_SYNC_init
 .text.CO_SYNC_process
                0x080053ec      0x172 ./CANopenNode/301/CO_SYNC.o
                0x080053ec                CO_SYNC_process
 .text.CO_getUint16
                0x0800555e       0x1e ./CANopenNode/301/CO_TIME.o
 .text.CO_getUint32
                0x0800557c       0x1c ./CANopenNode/301/CO_TIME.o
 .text.OD_getIndex
                0x08005598       0x22 ./CANopenNode/301/CO_TIME.o
 .text.OD_extension_init
                0x080055ba       0x28 ./CANopenNode/301/CO_TIME.o
 .text.OD_get_u32
                0x080055e2       0x2a ./CANopenNode/301/CO_TIME.o
 .text.CO_TIME_receive
                0x0800560c       0x3a ./CANopenNode/301/CO_TIME.o
 *fill*         0x08005646        0x2 
 .text.OD_write_1012
                0x08005648       0xe4 ./CANopenNode/301/CO_TIME.o
 .text.CO_TIME_init
                0x0800572c      0x100 ./CANopenNode/301/CO_TIME.o
                0x0800572c                CO_TIME_init
 .text.CO_TIME_process
                0x0800582c       0xec ./CANopenNode/301/CO_TIME.o
                0x0800582c                CO_TIME_process
 .text.CO_LEDs_init
                0x08005918       0x2e ./CANopenNode/303/CO_LEDs.o
                0x08005918                CO_LEDs_init
 *fill*         0x08005946        0x2 
 .text.CO_LEDs_process
                0x08005948      0x360 ./CANopenNode/303/CO_LEDs.o
                0x08005948                CO_LEDs_process
 .text.CO_LSSslave_receive
                0x08005ca8      0x2c8 ./CANopenNode/305/CO_LSSslave.o
 .text.CO_LSSslave_init
                0x08005f70       0xec ./CANopenNode/305/CO_LSSslave.o
                0x08005f70                CO_LSSslave_init
 .text.CO_LSSslave_process
                0x0800605c      0x428 ./CANopenNode/305/CO_LSSslave.o
                0x0800605c                CO_LSSslave_process
 .text.CO_isError
                0x08006484       0x4e ./CANopenNode/CANopen.o
 .text.CO_getErrorRegister
                0x080064d2       0x2c ./CANopenNode/CANopen.o
 .text.CO_NMT_getInternalState
                0x080064fe       0x24 ./CANopenNode/CANopen.o
 .text.CO_LSSslave_getState
                0x08006522       0x22 ./CANopenNode/CANopen.o
 .text.CO_new   0x08006544      0x22a ./CANopenNode/CANopen.o
                0x08006544                CO_new
 .text.CO_delete
                0x0800676e       0xbe ./CANopenNode/CANopen.o
                0x0800676e                CO_delete
 .text.CO_CANinit
                0x0800682c       0x58 ./CANopenNode/CANopen.o
                0x0800682c                CO_CANinit
 .text.CO_LSSinit
                0x08006884       0x58 ./CANopenNode/CANopen.o
                0x08006884                CO_LSSinit
 .text.CO_CANopenInit
                0x080068dc      0x288 ./CANopenNode/CANopen.o
                0x080068dc                CO_CANopenInit
 .text.CO_CANopenInitPDO
                0x08006b64       0xf0 ./CANopenNode/CANopen.o
                0x08006b64                CO_CANopenInitPDO
 .text.CO_process
                0x08006c54      0x1f0 ./CANopenNode/CANopen.o
                0x08006c54                CO_process
 .text.CO_process_SYNC
                0x08006e44       0x86 ./CANopenNode/CANopen.o
                0x08006e44                CO_process_SYNC
 .text.CO_process_RPDO
                0x08006eca       0x3c ./CANopenNode/CANopen.o
                0x08006eca                CO_process_RPDO
 .text.CO_process_TPDO
                0x08006f06       0x68 ./CANopenNode/CANopen.o
                0x08006f06                CO_process_TPDO
 *fill*         0x08006f6e        0x2 
 .text.canopen_app_init
                0x08006f70       0x68 ./CANopenNode_STM32/CO_app_STM32.o
                0x08006f70                canopen_app_init
 .text.canopen_app_resetCommunication
                0x08006fd8      0x23c ./CANopenNode_STM32/CO_app_STM32.o
                0x08006fd8                canopen_app_resetCommunication
 .text.canopen_app_process
                0x08007214       0xd8 ./CANopenNode_STM32/CO_app_STM32.o
                0x08007214                canopen_app_process
 .text.canopen_app_interrupt
                0x080072ec       0x84 ./CANopenNode_STM32/CO_app_STM32.o
                0x080072ec                canopen_app_interrupt
 .text.CO_CANsetConfigurationMode
                0x08007370       0x20 ./CANopenNode_STM32/CO_driver_STM32.o
                0x08007370                CO_CANsetConfigurationMode
 .text.CO_CANsetNormalMode
                0x08007390       0x30 ./CANopenNode_STM32/CO_driver_STM32.o
                0x08007390                CO_CANsetNormalMode
 .text.CO_CANmodule_init
                0x080073c0      0x190 ./CANopenNode_STM32/CO_driver_STM32.o
                0x080073c0                CO_CANmodule_init
 .text.CO_CANmodule_disable
                0x08007550       0x2a ./CANopenNode_STM32/CO_driver_STM32.o
                0x08007550                CO_CANmodule_disable
 *fill*         0x0800757a        0x2 
 .text.CO_CANrxBufferInit
                0x0800757c       0xbc ./CANopenNode_STM32/CO_driver_STM32.o
                0x0800757c                CO_CANrxBufferInit
 .text.CO_CANtxBufferInit
                0x08007638       0x74 ./CANopenNode_STM32/CO_driver_STM32.o
                0x08007638                CO_CANtxBufferInit
 .text.prv_send_can_message
                0x080076ac       0x80 ./CANopenNode_STM32/CO_driver_STM32.o
 .text.CO_CANsend
                0x0800772c       0x86 ./CANopenNode_STM32/CO_driver_STM32.o
                0x0800772c                CO_CANsend
 .text.CO_CANclearPendingSyncPDOs
                0x080077b2       0xcc ./CANopenNode_STM32/CO_driver_STM32.o
                0x080077b2                CO_CANclearPendingSyncPDOs
 .text.CO_CANmodule_process
                0x0800787e       0x90 ./CANopenNode_STM32/CO_driver_STM32.o
                0x0800787e                CO_CANmodule_process
 *fill*         0x0800790e        0x2 
 .text.prv_read_can_received_msg
                0x08007910       0xd8 ./CANopenNode_STM32/CO_driver_STM32.o
 .text.HAL_CAN_RxFifo0MsgPendingCallback
                0x080079e8       0x1a ./CANopenNode_STM32/CO_driver_STM32.o
                0x080079e8                HAL_CAN_RxFifo0MsgPendingCallback
 .text.HAL_CAN_RxFifo1MsgPendingCallback
                0x08007a02       0x1a ./CANopenNode_STM32/CO_driver_STM32.o
                0x08007a02                HAL_CAN_RxFifo1MsgPendingCallback
 .text.CO_CANinterrupt_TX
                0x08007a1c       0xe4 ./CANopenNode_STM32/CO_driver_STM32.o
                0x08007a1c                CO_CANinterrupt_TX
 .text.HAL_CAN_TxMailbox0CompleteCallback
                0x08007b00       0x20 ./CANopenNode_STM32/CO_driver_STM32.o
                0x08007b00                HAL_CAN_TxMailbox0CompleteCallback
 .text.HAL_CAN_TxMailbox1CompleteCallback
                0x08007b20       0x20 ./CANopenNode_STM32/CO_driver_STM32.o
                0x08007b20                HAL_CAN_TxMailbox1CompleteCallback
 .text.HAL_CAN_TxMailbox2CompleteCallback
                0x08007b40       0x20 ./CANopenNode_STM32/CO_driver_STM32.o
                0x08007b40                HAL_CAN_TxMailbox2CompleteCallback
 .text.CO_TPDOsendRequest
                0x08007b60       0x22 ./Core/Src/main.o
 *fill*         0x08007b82        0x6 
 .text.main     0x08007b88     0x1198 ./Core/Src/main.o
                0x08007b88                main
 .text.SystemClock_Config
                0x08008d20       0xdc ./Core/Src/main.o
                0x08008d20                SystemClock_Config
 .text.MX_CAN1_Init
                0x08008dfc       0x6c ./Core/Src/main.o
 .text.MX_TIM2_Init
                0x08008e68       0xec ./Core/Src/main.o
 .text.MX_TIM4_Init
                0x08008f54       0x9c ./Core/Src/main.o
 .text.MX_TIM6_Init
                0x08008ff0       0x6c ./Core/Src/main.o
 .text.MX_TIM7_Init
                0x0800905c       0x6c ./Core/Src/main.o
 .text.MX_UART4_Init
                0x080090c8       0x54 ./Core/Src/main.o
 .text.MX_USART2_UART_Init
                0x0800911c       0x54 ./Core/Src/main.o
 .text.MX_DMA_Init
                0x08009170       0x50 ./Core/Src/main.o
 .text.MX_GPIO_Init
                0x080091c0      0x198 ./Core/Src/main.o
 .text.HAL_GPIO_EXTI_Callback
                0x08009358       0x2c ./Core/Src/main.o
                0x08009358                HAL_GPIO_EXTI_Callback
 .text.HAL_TIM_PeriodElapsedCallback
                0x08009384       0x54 ./Core/Src/main.o
                0x08009384                HAL_TIM_PeriodElapsedCallback
 .text.HAL_UARTEx_RxEventCallback
                0x080093d8       0x5c ./Core/Src/main.o
                0x080093d8                HAL_UARTEx_RxEventCallback
 .text.Error_Handler
                0x08009434        0xc ./Core/Src/main.o
                0x08009434                Error_Handler
 .text.wakeUp   0x08009440       0x28 ./Core/Src/pl455.o
                0x08009440                wakeUp
 .text.WriteReg
                0x08009468       0x94 ./Core/Src/pl455.o
                0x08009468                WriteReg
 .text.WriteFrame
                0x080094fc      0x18c ./Core/Src/pl455.o
                0x080094fc                WriteFrame
 .text.CRC16    0x08009688       0x5c ./Core/Src/pl455.o
                0x08009688                CRC16
 *fill*         0x080096e4        0x4 
 .text.setupSlave
                0x080096e8      0x858 ./Core/Src/pl455.o
                0x080096e8                setupSlave
 .text.dataSlave
                0x08009f40      0x6d0 ./Core/Src/pl455.o
                0x08009f40                dataSlave
 .text.dataSlave_auxiliar
                0x0800a610      0x114 ./Core/Src/pl455.o
                0x0800a610                dataSlave_auxiliar
 .text.balancing_setup
                0x0800a724       0x24 ./Core/Src/pl455.o
                0x0800a724                balancing_setup
 .text.hexToFloat
                0x0800a748       0x34 ./Core/Src/pl455.o
                0x0800a748                hexToFloat
 .text.HAL_MspInit
                0x0800a77c       0x50 ./Core/Src/stm32f4xx_hal_msp.o
                0x0800a77c                HAL_MspInit
 .text.HAL_CAN_MspInit
                0x0800a7cc       0xb0 ./Core/Src/stm32f4xx_hal_msp.o
                0x0800a7cc                HAL_CAN_MspInit
 .text.HAL_TIM_Base_MspInit
                0x0800a87c      0x168 ./Core/Src/stm32f4xx_hal_msp.o
                0x0800a87c                HAL_TIM_Base_MspInit
 .text.HAL_TIM_MspPostInit
                0x0800a9e4       0x70 ./Core/Src/stm32f4xx_hal_msp.o
                0x0800a9e4                HAL_TIM_MspPostInit
 .text.HAL_UART_MspInit
                0x0800aa54      0x16c ./Core/Src/stm32f4xx_hal_msp.o
                0x0800aa54                HAL_UART_MspInit
 .text.NMI_Handler
                0x0800abc0        0x8 ./Core/Src/stm32f4xx_it.o
                0x0800abc0                NMI_Handler
 .text.HardFault_Handler
                0x0800abc8        0x8 ./Core/Src/stm32f4xx_it.o
                0x0800abc8                HardFault_Handler
 .text.MemManage_Handler
                0x0800abd0        0x8 ./Core/Src/stm32f4xx_it.o
                0x0800abd0                MemManage_Handler
 .text.BusFault_Handler
                0x0800abd8        0x8 ./Core/Src/stm32f4xx_it.o
                0x0800abd8                BusFault_Handler
 .text.UsageFault_Handler
                0x0800abe0        0x8 ./Core/Src/stm32f4xx_it.o
                0x0800abe0                UsageFault_Handler
 .text.SVC_Handler
                0x0800abe8        0xe ./Core/Src/stm32f4xx_it.o
                0x0800abe8                SVC_Handler
 .text.DebugMon_Handler
                0x0800abf6        0xe ./Core/Src/stm32f4xx_it.o
                0x0800abf6                DebugMon_Handler
 .text.PendSV_Handler
                0x0800ac04        0xe ./Core/Src/stm32f4xx_it.o
                0x0800ac04                PendSV_Handler
 .text.SysTick_Handler
                0x0800ac12        0xc ./Core/Src/stm32f4xx_it.o
                0x0800ac12                SysTick_Handler
 .text.EXTI0_IRQHandler
                0x0800ac1e        0xe ./Core/Src/stm32f4xx_it.o
                0x0800ac1e                EXTI0_IRQHandler
 .text.DMA1_Stream1_IRQHandler
                0x0800ac2c       0x14 ./Core/Src/stm32f4xx_it.o
                0x0800ac2c                DMA1_Stream1_IRQHandler
 .text.DMA1_Stream2_IRQHandler
                0x0800ac40       0x14 ./Core/Src/stm32f4xx_it.o
                0x0800ac40                DMA1_Stream2_IRQHandler
 .text.CAN1_RX0_IRQHandler
                0x0800ac54       0x14 ./Core/Src/stm32f4xx_it.o
                0x0800ac54                CAN1_RX0_IRQHandler
 .text.CAN1_RX1_IRQHandler
                0x0800ac68       0x14 ./Core/Src/stm32f4xx_it.o
                0x0800ac68                CAN1_RX1_IRQHandler
 .text.EXTI9_5_IRQHandler
                0x0800ac7c       0x14 ./Core/Src/stm32f4xx_it.o
                0x0800ac7c                EXTI9_5_IRQHandler
 .text.TIM2_IRQHandler
                0x0800ac90       0x14 ./Core/Src/stm32f4xx_it.o
                0x0800ac90                TIM2_IRQHandler
 .text.TIM4_IRQHandler
                0x0800aca4       0x14 ./Core/Src/stm32f4xx_it.o
                0x0800aca4                TIM4_IRQHandler
 .text.EXTI15_10_IRQHandler
                0x0800acb8       0x18 ./Core/Src/stm32f4xx_it.o
                0x0800acb8                EXTI15_10_IRQHandler
 .text.UART4_IRQHandler
                0x0800acd0       0x14 ./Core/Src/stm32f4xx_it.o
                0x0800acd0                UART4_IRQHandler
 .text.TIM6_DAC_IRQHandler
                0x0800ace4       0x14 ./Core/Src/stm32f4xx_it.o
                0x0800ace4                TIM6_DAC_IRQHandler
 .text.TIM7_IRQHandler
                0x0800acf8       0x14 ./Core/Src/stm32f4xx_it.o
                0x0800acf8                TIM7_IRQHandler
 .text._getpid  0x0800ad0c       0x10 ./Core/Src/syscalls.o
                0x0800ad0c                _getpid
 .text._kill    0x0800ad1c       0x20 ./Core/Src/syscalls.o
                0x0800ad1c                _kill
 .text._exit    0x0800ad3c       0x16 ./Core/Src/syscalls.o
                0x0800ad3c                _exit
 .text._read    0x0800ad52       0x3a ./Core/Src/syscalls.o
                0x0800ad52                _read
 .text._write   0x0800ad8c       0x38 ./Core/Src/syscalls.o
                0x0800ad8c                _write
 .text._close   0x0800adc4       0x18 ./Core/Src/syscalls.o
                0x0800adc4                _close
 .text._fstat   0x0800addc       0x20 ./Core/Src/syscalls.o
                0x0800addc                _fstat
 .text._isatty  0x0800adfc       0x16 ./Core/Src/syscalls.o
                0x0800adfc                _isatty
 .text._lseek   0x0800ae12       0x1a ./Core/Src/syscalls.o
                0x0800ae12                _lseek
 .text._sbrk    0x0800ae2c       0x6c ./Core/Src/sysmem.o
                0x0800ae2c                _sbrk
 .text.SystemInit
                0x0800ae98       0x24 ./Core/Src/system_stm32f4xx.o
                0x0800ae98                SystemInit
 .text.Reset_Handler
                0x0800aebc       0x50 ./Core/Startup/startup_stm32f446retx.o
                0x0800aebc                Reset_Handler
 .text.Default_Handler
                0x0800af0c        0x2 ./Core/Startup/startup_stm32f446retx.o
                0x0800af0c                DMA1_Stream3_IRQHandler
                0x0800af0c                EXTI2_IRQHandler
                0x0800af0c                TIM8_CC_IRQHandler
                0x0800af0c                FMPI2C1_EV_IRQHandler
                0x0800af0c                SPI4_IRQHandler
                0x0800af0c                TIM1_CC_IRQHandler
                0x0800af0c                DMA2_Stream5_IRQHandler
                0x0800af0c                DMA1_Stream5_IRQHandler
                0x0800af0c                PVD_IRQHandler
                0x0800af0c                SDIO_IRQHandler
                0x0800af0c                TAMP_STAMP_IRQHandler
                0x0800af0c                CAN2_RX1_IRQHandler
                0x0800af0c                EXTI3_IRQHandler
                0x0800af0c                TIM8_TRG_COM_TIM14_IRQHandler
                0x0800af0c                TIM1_UP_TIM10_IRQHandler
                0x0800af0c                TIM8_UP_TIM13_IRQHandler
                0x0800af0c                I2C3_ER_IRQHandler
                0x0800af0c                I2C2_EV_IRQHandler
                0x0800af0c                FPU_IRQHandler
                0x0800af0c                OTG_HS_WKUP_IRQHandler
                0x0800af0c                CAN2_SCE_IRQHandler
                0x0800af0c                DMA2_Stream2_IRQHandler
                0x0800af0c                SPI1_IRQHandler
                0x0800af0c                TIM1_BRK_TIM9_IRQHandler
                0x0800af0c                DCMI_IRQHandler
                0x0800af0c                CAN2_RX0_IRQHandler
                0x0800af0c                DMA2_Stream3_IRQHandler
                0x0800af0c                SAI2_IRQHandler
                0x0800af0c                USART6_IRQHandler
                0x0800af0c                USART3_IRQHandler
                0x0800af0c                UART5_IRQHandler
                0x0800af0c                DMA2_Stream0_IRQHandler
                0x0800af0c                QUADSPI_IRQHandler
                0x0800af0c                I2C1_EV_IRQHandler
                0x0800af0c                DMA1_Stream6_IRQHandler
                0x0800af0c                TIM3_IRQHandler
                0x0800af0c                RCC_IRQHandler
                0x0800af0c                TIM8_BRK_TIM12_IRQHandler
                0x0800af0c                Default_Handler
                0x0800af0c                CEC_IRQHandler
                0x0800af0c                ADC_IRQHandler
                0x0800af0c                DMA1_Stream7_IRQHandler
                0x0800af0c                CAN2_TX_IRQHandler
                0x0800af0c                TIM5_IRQHandler
                0x0800af0c                DMA2_Stream7_IRQHandler
                0x0800af0c                I2C3_EV_IRQHandler
                0x0800af0c                RTC_WKUP_IRQHandler
                0x0800af0c                SPDIF_RX_IRQHandler
                0x0800af0c                SPI2_IRQHandler
                0x0800af0c                OTG_HS_EP1_IN_IRQHandler
                0x0800af0c                DMA1_Stream0_IRQHandler
                0x0800af0c                CAN1_TX_IRQHandler
                0x0800af0c                FMPI2C1_ER_IRQHandler
                0x0800af0c                EXTI4_IRQHandler
                0x0800af0c                OTG_HS_EP1_OUT_IRQHandler
                0x0800af0c                WWDG_IRQHandler
                0x0800af0c                OTG_FS_WKUP_IRQHandler
                0x0800af0c                TIM1_TRG_COM_TIM11_IRQHandler
                0x0800af0c                OTG_HS_IRQHandler
                0x0800af0c                EXTI1_IRQHandler
                0x0800af0c                USART2_IRQHandler
                0x0800af0c                I2C2_ER_IRQHandler
                0x0800af0c                DMA2_Stream1_IRQHandler
                0x0800af0c                CAN1_SCE_IRQHandler
                0x0800af0c                FLASH_IRQHandler
                0x0800af0c                DMA2_Stream4_IRQHandler
                0x0800af0c                USART1_IRQHandler
                0x0800af0c                OTG_FS_IRQHandler
                0x0800af0c                SPI3_IRQHandler
                0x0800af0c                DMA1_Stream4_IRQHandler
                0x0800af0c                I2C1_ER_IRQHandler
                0x0800af0c                FMC_IRQHandler
                0x0800af0c                DMA2_Stream6_IRQHandler
                0x0800af0c                SAI1_IRQHandler
                0x0800af0c                RTC_Alarm_IRQHandler
 *fill*         0x0800af0e        0x2 
 .text.HAL_Init
                0x0800af10       0x44 ./Drivers/STM32F4xx_HAL_Driver/Src/stm32f4xx_hal.o
                0x0800af10                HAL_Init
 .text.HAL_InitTick
                0x0800af54       0x60 ./Drivers/STM32F4xx_HAL_Driver/Src/stm32f4xx_hal.o
                0x0800af54                HAL_InitTick
 .text.HAL_IncTick
                0x0800afb4       0x28 ./Drivers/STM32F4xx_HAL_Driver/Src/stm32f4xx_hal.o
                0x0800afb4                HAL_IncTick
 .text.HAL_GetTick
                0x0800afdc       0x18 ./Drivers/STM32F4xx_HAL_Driver/Src/stm32f4xx_hal.o
                0x0800afdc                HAL_GetTick
 .text.HAL_Delay
                0x0800aff4       0x48 ./Drivers/STM32F4xx_HAL_Driver/Src/stm32f4xx_hal.o
                0x0800aff4                HAL_Delay
 .text.HAL_CAN_Init
                0x0800b03c      0x1f6 ./Drivers/STM32F4xx_HAL_Driver/Src/stm32f4xx_hal_can.o
                0x0800b03c                HAL_CAN_Init
 *fill*         0x0800b232        0x2 
 .text.HAL_CAN_ConfigFilter
                0x0800b234      0x1bc ./Drivers/STM32F4xx_HAL_Driver/Src/stm32f4xx_hal_can.o
                0x0800b234                HAL_CAN_ConfigFilter
 .text.HAL_CAN_Start
                0x0800b3f0       0x88 ./Drivers/STM32F4xx_HAL_Driver/Src/stm32f4xx_hal_can.o
                0x0800b3f0                HAL_CAN_Start
 .text.HAL_CAN_Stop
                0x0800b478       0x92 ./Drivers/STM32F4xx_HAL_Driver/Src/stm32f4xx_hal_can.o
                0x0800b478                HAL_CAN_Stop
 .text.HAL_CAN_AddTxMessage
                0x0800b50a      0x1a0 ./Drivers/STM32F4xx_HAL_Driver/Src/stm32f4xx_hal_can.o
                0x0800b50a                HAL_CAN_AddTxMessage
 .text.HAL_CAN_GetTxMailboxesFreeLevel
                0x0800b6aa       0x6a ./Drivers/STM32F4xx_HAL_Driver/Src/stm32f4xx_hal_can.o
                0x0800b6aa                HAL_CAN_GetTxMailboxesFreeLevel
 .text.HAL_CAN_GetRxMessage
                0x0800b714      0x244 ./Drivers/STM32F4xx_HAL_Driver/Src/stm32f4xx_hal_can.o
                0x0800b714                HAL_CAN_GetRxMessage
 .text.HAL_CAN_ActivateNotification
                0x0800b958       0x4c ./Drivers/STM32F4xx_HAL_Driver/Src/stm32f4xx_hal_can.o
                0x0800b958                HAL_CAN_ActivateNotification
 .text.HAL_CAN_IRQHandler
                0x0800b9a4      0x36e ./Drivers/STM32F4xx_HAL_Driver/Src/stm32f4xx_hal_can.o
                0x0800b9a4                HAL_CAN_IRQHandler
 .text.HAL_CAN_TxMailbox0AbortCallback
                0x0800bd12       0x14 ./Drivers/STM32F4xx_HAL_Driver/Src/stm32f4xx_hal_can.o
                0x0800bd12                HAL_CAN_TxMailbox0AbortCallback
 .text.HAL_CAN_TxMailbox1AbortCallback
                0x0800bd26       0x14 ./Drivers/STM32F4xx_HAL_Driver/Src/stm32f4xx_hal_can.o
                0x0800bd26                HAL_CAN_TxMailbox1AbortCallback
 .text.HAL_CAN_TxMailbox2AbortCallback
                0x0800bd3a       0x14 ./Drivers/STM32F4xx_HAL_Driver/Src/stm32f4xx_hal_can.o
                0x0800bd3a                HAL_CAN_TxMailbox2AbortCallback
 .text.HAL_CAN_RxFifo0FullCallback
                0x0800bd4e       0x14 ./Drivers/STM32F4xx_HAL_Driver/Src/stm32f4xx_hal_can.o
                0x0800bd4e                HAL_CAN_RxFifo0FullCallback
 .text.HAL_CAN_RxFifo1FullCallback
                0x0800bd62       0x14 ./Drivers/STM32F4xx_HAL_Driver/Src/stm32f4xx_hal_can.o
                0x0800bd62                HAL_CAN_RxFifo1FullCallback
 .text.HAL_CAN_SleepCallback
                0x0800bd76       0x14 ./Drivers/STM32F4xx_HAL_Driver/Src/stm32f4xx_hal_can.o
                0x0800bd76                HAL_CAN_SleepCallback
 .text.HAL_CAN_WakeUpFromRxMsgCallback
                0x0800bd8a       0x14 ./Drivers/STM32F4xx_HAL_Driver/Src/stm32f4xx_hal_can.o
                0x0800bd8a                HAL_CAN_WakeUpFromRxMsgCallback
 .text.HAL_CAN_ErrorCallback
                0x0800bd9e       0x14 ./Drivers/STM32F4xx_HAL_Driver/Src/stm32f4xx_hal_can.o
                0x0800bd9e                HAL_CAN_ErrorCallback
 *fill*         0x0800bdb2        0x2 
 .text.__NVIC_SetPriorityGrouping
                0x0800bdb4       0x48 ./Drivers/STM32F4xx_HAL_Driver/Src/stm32f4xx_hal_cortex.o
 .text.__NVIC_GetPriorityGrouping
                0x0800bdfc       0x1c ./Drivers/STM32F4xx_HAL_Driver/Src/stm32f4xx_hal_cortex.o
 .text.__NVIC_EnableIRQ
                0x0800be18       0x3c ./Drivers/STM32F4xx_HAL_Driver/Src/stm32f4xx_hal_cortex.o
 .text.__NVIC_SetPriority
                0x0800be54       0x54 ./Drivers/STM32F4xx_HAL_Driver/Src/stm32f4xx_hal_cortex.o
 .text.NVIC_EncodePriority
                0x0800bea8       0x66 ./Drivers/STM32F4xx_HAL_Driver/Src/stm32f4xx_hal_cortex.o
 *fill*         0x0800bf0e        0x2 
 .text.__NVIC_SystemReset
                0x0800bf10       0x2c ./Drivers/STM32F4xx_HAL_Driver/Src/stm32f4xx_hal_cortex.o
 .text.SysTick_Config
                0x0800bf3c       0x44 ./Drivers/STM32F4xx_HAL_Driver/Src/stm32f4xx_hal_cortex.o
 .text.HAL_NVIC_SetPriorityGrouping
                0x0800bf80       0x16 ./Drivers/STM32F4xx_HAL_Driver/Src/stm32f4xx_hal_cortex.o
                0x0800bf80                HAL_NVIC_SetPriorityGrouping
 .text.HAL_NVIC_SetPriority
                0x0800bf96       0x38 ./Drivers/STM32F4xx_HAL_Driver/Src/stm32f4xx_hal_cortex.o
                0x0800bf96                HAL_NVIC_SetPriority
 .text.HAL_NVIC_EnableIRQ
                0x0800bfce       0x1c ./Drivers/STM32F4xx_HAL_Driver/Src/stm32f4xx_hal_cortex.o
                0x0800bfce                HAL_NVIC_EnableIRQ
 .text.HAL_NVIC_SystemReset
                0x0800bfea        0x8 ./Drivers/STM32F4xx_HAL_Driver/Src/stm32f4xx_hal_cortex.o
                0x0800bfea                HAL_NVIC_SystemReset
 .text.HAL_SYSTICK_Config
                0x0800bff2       0x18 ./Drivers/STM32F4xx_HAL_Driver/Src/stm32f4xx_hal_cortex.o
                0x0800bff2                HAL_SYSTICK_Config
 *fill*         0x0800c00a        0x2 
 .text.HAL_DMA_Init
                0x0800c00c      0x15c ./Drivers/STM32F4xx_HAL_Driver/Src/stm32f4xx_hal_dma.o
                0x0800c00c                HAL_DMA_Init
 .text.HAL_DMA_Start
                0x0800c168       0x76 ./Drivers/STM32F4xx_HAL_Driver/Src/stm32f4xx_hal_dma.o
                0x0800c168                HAL_DMA_Start
 .text.HAL_DMA_Start_IT
                0x0800c1de       0xb0 ./Drivers/STM32F4xx_HAL_Driver/Src/stm32f4xx_hal_dma.o
                0x0800c1de                HAL_DMA_Start_IT
 .text.HAL_DMA_Abort
                0x0800c28e       0xe0 ./Drivers/STM32F4xx_HAL_Driver/Src/stm32f4xx_hal_dma.o
                0x0800c28e                HAL_DMA_Abort
 .text.HAL_DMA_Abort_IT
                0x0800c36e       0x44 ./Drivers/STM32F4xx_HAL_Driver/Src/stm32f4xx_hal_dma.o
                0x0800c36e                HAL_DMA_Abort_IT
 *fill*         0x0800c3b2        0x2 
 .text.HAL_DMA_IRQHandler
                0x0800c3b4      0x314 ./Drivers/STM32F4xx_HAL_Driver/Src/stm32f4xx_hal_dma.o
                0x0800c3b4                HAL_DMA_IRQHandler
 .text.DMA_SetConfig
                0x0800c6c8       0x5c ./Drivers/STM32F4xx_HAL_Driver/Src/stm32f4xx_hal_dma.o
 .text.DMA_CalcBaseAndBitshift
                0x0800c724       0x6c ./Drivers/STM32F4xx_HAL_Driver/Src/stm32f4xx_hal_dma.o
 .text.DMA_CheckFifoParam
                0x0800c790       0xf8 ./Drivers/STM32F4xx_HAL_Driver/Src/stm32f4xx_hal_dma.o
 .text.HAL_GPIO_Init
                0x0800c888      0x328 ./Drivers/STM32F4xx_HAL_Driver/Src/stm32f4xx_hal_gpio.o
                0x0800c888                HAL_GPIO_Init
 .text.HAL_GPIO_ReadPin
                0x0800cbb0       0x30 ./Drivers/STM32F4xx_HAL_Driver/Src/stm32f4xx_hal_gpio.o
                0x0800cbb0                HAL_GPIO_ReadPin
 .text.HAL_GPIO_WritePin
                0x0800cbe0       0x32 ./Drivers/STM32F4xx_HAL_Driver/Src/stm32f4xx_hal_gpio.o
                0x0800cbe0                HAL_GPIO_WritePin
 *fill*         0x0800cc12        0x2 
 .text.HAL_GPIO_EXTI_IRQHandler
                0x0800cc14       0x30 ./Drivers/STM32F4xx_HAL_Driver/Src/stm32f4xx_hal_gpio.o
                0x0800cc14                HAL_GPIO_EXTI_IRQHandler
 .text.HAL_RCC_ClockConfig
                0x0800cc44      0x1cc ./Drivers/STM32F4xx_HAL_Driver/Src/stm32f4xx_hal_rcc.o
                0x0800cc44                HAL_RCC_ClockConfig
 .text.HAL_RCC_GetHCLKFreq
                0x0800ce10       0x18 ./Drivers/STM32F4xx_HAL_Driver/Src/stm32f4xx_hal_rcc.o
                0x0800ce10                HAL_RCC_GetHCLKFreq
 .text.HAL_RCC_GetPCLK1Freq
                0x0800ce28       0x28 ./Drivers/STM32F4xx_HAL_Driver/Src/stm32f4xx_hal_rcc.o
                0x0800ce28                HAL_RCC_GetPCLK1Freq
 .text.HAL_RCC_GetPCLK2Freq
                0x0800ce50       0x28 ./Drivers/STM32F4xx_HAL_Driver/Src/stm32f4xx_hal_rcc.o
                0x0800ce50                HAL_RCC_GetPCLK2Freq
 .text.HAL_RCC_GetSysClockFreq
                0x0800ce78      0x354 ./Drivers/STM32F4xx_HAL_Driver/Src/stm32f4xx_hal_rcc_ex.o
                0x0800ce78                HAL_RCC_GetSysClockFreq
 .text.HAL_RCC_OscConfig
                0x0800d1cc      0x53c ./Drivers/STM32F4xx_HAL_Driver/Src/stm32f4xx_hal_rcc_ex.o
                0x0800d1cc                HAL_RCC_OscConfig
 .text.HAL_TIM_Base_Init
                0x0800d708       0x9e ./Drivers/STM32F4xx_HAL_Driver/Src/stm32f4xx_hal_tim.o
                0x0800d708                HAL_TIM_Base_Init
 *fill*         0x0800d7a6        0x2 
 .text.HAL_TIM_Base_Start_IT
                0x0800d7a8       0xe0 ./Drivers/STM32F4xx_HAL_Driver/Src/stm32f4xx_hal_tim.o
                0x0800d7a8                HAL_TIM_Base_Start_IT
 .text.HAL_TIM_Base_Stop_IT
                0x0800d888       0x5e ./Drivers/STM32F4xx_HAL_Driver/Src/stm32f4xx_hal_tim.o
                0x0800d888                HAL_TIM_Base_Stop_IT
 .text.HAL_TIM_PWM_Init
                0x0800d8e6       0x9e ./Drivers/STM32F4xx_HAL_Driver/Src/stm32f4xx_hal_tim.o
                0x0800d8e6                HAL_TIM_PWM_Init
 .text.HAL_TIM_PWM_MspInit
                0x0800d984       0x14 ./Drivers/STM32F4xx_HAL_Driver/Src/stm32f4xx_hal_tim.o
                0x0800d984                HAL_TIM_PWM_MspInit
 .text.HAL_TIM_PWM_Start
                0x0800d998      0x190 ./Drivers/STM32F4xx_HAL_Driver/Src/stm32f4xx_hal_tim.o
                0x0800d998                HAL_TIM_PWM_Start
 .text.HAL_TIM_IRQHandler
                0x0800db28      0x1e0 ./Drivers/STM32F4xx_HAL_Driver/Src/stm32f4xx_hal_tim.o
                0x0800db28                HAL_TIM_IRQHandler
 .text.HAL_TIM_PWM_ConfigChannel
                0x0800dd08      0x184 ./Drivers/STM32F4xx_HAL_Driver/Src/stm32f4xx_hal_tim.o
                0x0800dd08                HAL_TIM_PWM_ConfigChannel
 .text.HAL_TIM_ConfigClockSource
                0x0800de8c      0x18e ./Drivers/STM32F4xx_HAL_Driver/Src/stm32f4xx_hal_tim.o
                0x0800de8c                HAL_TIM_ConfigClockSource
 .text.HAL_TIM_OC_DelayElapsedCallback
                0x0800e01a       0x14 ./Drivers/STM32F4xx_HAL_Driver/Src/stm32f4xx_hal_tim.o
                0x0800e01a                HAL_TIM_OC_DelayElapsedCallback
 .text.HAL_TIM_IC_CaptureCallback
                0x0800e02e       0x14 ./Drivers/STM32F4xx_HAL_Driver/Src/stm32f4xx_hal_tim.o
                0x0800e02e                HAL_TIM_IC_CaptureCallback
 .text.HAL_TIM_PWM_PulseFinishedCallback
                0x0800e042       0x14 ./Drivers/STM32F4xx_HAL_Driver/Src/stm32f4xx_hal_tim.o
                0x0800e042                HAL_TIM_PWM_PulseFinishedCallback
 .text.HAL_TIM_TriggerCallback
                0x0800e056       0x14 ./Drivers/STM32F4xx_HAL_Driver/Src/stm32f4xx_hal_tim.o
                0x0800e056                HAL_TIM_TriggerCallback
 *fill*         0x0800e06a        0x2 
 .text.TIM_Base_SetConfig
                0x0800e06c      0x14c ./Drivers/STM32F4xx_HAL_Driver/Src/stm32f4xx_hal_tim.o
                0x0800e06c                TIM_Base_SetConfig
 .text.TIM_OC1_SetConfig
                0x0800e1b8       0xe0 ./Drivers/STM32F4xx_HAL_Driver/Src/stm32f4xx_hal_tim.o
 .text.TIM_OC2_SetConfig
                0x0800e298       0xec ./Drivers/STM32F4xx_HAL_Driver/Src/stm32f4xx_hal_tim.o
                0x0800e298                TIM_OC2_SetConfig
 .text.TIM_OC3_SetConfig
                0x0800e384       0xe8 ./Drivers/STM32F4xx_HAL_Driver/Src/stm32f4xx_hal_tim.o
 .text.TIM_OC4_SetConfig
                0x0800e46c       0xac ./Drivers/STM32F4xx_HAL_Driver/Src/stm32f4xx_hal_tim.o
 .text.TIM_TI1_ConfigInputStage
                0x0800e518       0x5e ./Drivers/STM32F4xx_HAL_Driver/Src/stm32f4xx_hal_tim.o
 .text.TIM_TI2_ConfigInputStage
                0x0800e576       0x60 ./Drivers/STM32F4xx_HAL_Driver/Src/stm32f4xx_hal_tim.o
 .text.TIM_ITRx_SetConfig
                0x0800e5d6       0x36 ./Drivers/STM32F4xx_HAL_Driver/Src/stm32f4xx_hal_tim.o
 .text.TIM_ETR_SetConfig
                0x0800e60c       0x40 ./Drivers/STM32F4xx_HAL_Driver/Src/stm32f4xx_hal_tim.o
                0x0800e60c                TIM_ETR_SetConfig
 .text.TIM_CCxChannelCmd
                0x0800e64c       0x4a ./Drivers/STM32F4xx_HAL_Driver/Src/stm32f4xx_hal_tim.o
                0x0800e64c                TIM_CCxChannelCmd
 *fill*         0x0800e696        0x2 
 .text.HAL_TIMEx_MasterConfigSynchronization
                0x0800e698       0xf8 ./Drivers/STM32F4xx_HAL_Driver/Src/stm32f4xx_hal_tim_ex.o
                0x0800e698                HAL_TIMEx_MasterConfigSynchronization
 .text.HAL_TIMEx_CommutCallback
                0x0800e790       0x14 ./Drivers/STM32F4xx_HAL_Driver/Src/stm32f4xx_hal_tim_ex.o
                0x0800e790                HAL_TIMEx_CommutCallback
 .text.HAL_TIMEx_BreakCallback
                0x0800e7a4       0x14 ./Drivers/STM32F4xx_HAL_Driver/Src/stm32f4xx_hal_tim_ex.o
                0x0800e7a4                HAL_TIMEx_BreakCallback
 .text.HAL_UART_Init
                0x0800e7b8       0xa0 ./Drivers/STM32F4xx_HAL_Driver/Src/stm32f4xx_hal_uart.o
                0x0800e7b8                HAL_UART_Init
 .text.HAL_UART_Transmit
                0x0800e858      0x116 ./Drivers/STM32F4xx_HAL_Driver/Src/stm32f4xx_hal_uart.o
                0x0800e858                HAL_UART_Transmit
 .text.HAL_UARTEx_ReceiveToIdle
                0x0800e96e      0x1a8 ./Drivers/STM32F4xx_HAL_Driver/Src/stm32f4xx_hal_uart.o
                0x0800e96e                HAL_UARTEx_ReceiveToIdle
 .text.HAL_UARTEx_ReceiveToIdle_DMA
                0x0800eb16       0xb2 ./Drivers/STM32F4xx_HAL_Driver/Src/stm32f4xx_hal_uart.o
                0x0800eb16                HAL_UARTEx_ReceiveToIdle_DMA
 .text.HAL_UART_IRQHandler
                0x0800ebc8      0x554 ./Drivers/STM32F4xx_HAL_Driver/Src/stm32f4xx_hal_uart.o
                0x0800ebc8                HAL_UART_IRQHandler
 .text.HAL_UART_TxCpltCallback
                0x0800f11c       0x14 ./Drivers/STM32F4xx_HAL_Driver/Src/stm32f4xx_hal_uart.o
                0x0800f11c                HAL_UART_TxCpltCallback
 .text.HAL_UART_RxCpltCallback
                0x0800f130       0x14 ./Drivers/STM32F4xx_HAL_Driver/Src/stm32f4xx_hal_uart.o
                0x0800f130                HAL_UART_RxCpltCallback
 .text.HAL_UART_RxHalfCpltCallback
                0x0800f144       0x14 ./Drivers/STM32F4xx_HAL_Driver/Src/stm32f4xx_hal_uart.o
                0x0800f144                HAL_UART_RxHalfCpltCallback
 .text.HAL_UART_ErrorCallback
                0x0800f158       0x14 ./Drivers/STM32F4xx_HAL_Driver/Src/stm32f4xx_hal_uart.o
                0x0800f158                HAL_UART_ErrorCallback
 .text.UART_DMAReceiveCplt
                0x0800f16c      0x12c ./Drivers/STM32F4xx_HAL_Driver/Src/stm32f4xx_hal_uart.o
 .text.UART_DMARxHalfCplt
                0x0800f298       0x3c ./Drivers/STM32F4xx_HAL_Driver/Src/stm32f4xx_hal_uart.o
 .text.UART_DMAError
                0x0800f2d4       0x94 ./Drivers/STM32F4xx_HAL_Driver/Src/stm32f4xx_hal_uart.o
 .text.UART_WaitOnFlagUntilTimeout
                0x0800f368       0xb2 ./Drivers/STM32F4xx_HAL_Driver/Src/stm32f4xx_hal_uart.o
 *fill*         0x0800f41a        0x2 
 .text.UART_Start_Receive_DMA
                0x0800f41c      0x14c ./Drivers/STM32F4xx_HAL_Driver/Src/stm32f4xx_hal_uart.o
                0x0800f41c                UART_Start_Receive_DMA
 .text.UART_EndTxTransfer
                0x0800f568       0x50 ./Drivers/STM32F4xx_HAL_Driver/Src/stm32f4xx_hal_uart.o
 .text.UART_EndRxTransfer
                0x0800f5b8       0xc6 ./Drivers/STM32F4xx_HAL_Driver/Src/stm32f4xx_hal_uart.o
 .text.UART_DMAAbortOnError
                0x0800f67e       0x22 ./Drivers/STM32F4xx_HAL_Driver/Src/stm32f4xx_hal_uart.o
 .text.UART_Transmit_IT
                0x0800f6a0       0xa0 ./Drivers/STM32F4xx_HAL_Driver/Src/stm32f4xx_hal_uart.o
 .text.UART_EndTransmit_IT
                0x0800f740       0x30 ./Drivers/STM32F4xx_HAL_Driver/Src/stm32f4xx_hal_uart.o
 .text.UART_Receive_IT
                0x0800f770      0x17c ./Drivers/STM32F4xx_HAL_Driver/Src/stm32f4xx_hal_uart.o
 .text.UART_SetConfig
                0x0800f8ec      0x4e8 ./Drivers/STM32F4xx_HAL_Driver/Src/stm32f4xx_hal_uart.o
 .text.calloc   0x0800fdd4       0x10 /Applications/STM32CubeIDE.app/Contents/Eclipse/plugins/com.st.stm32cube.ide.mcu.externaltools.gnu-tools-for-stm32.13.3.rel1.macos64_1.0.0.202411102158/tools/bin/../lib/gcc/arm-none-eabi/13.3.1/../../../../arm-none-eabi/lib/thumb/v7e-m+fp/hard/libc_nano.a(libc_a-calloc.o)
                0x0800fdd4                calloc
 .text._calloc_r
                0x0800fde4       0x28 /Applications/STM32CubeIDE.app/Contents/Eclipse/plugins/com.st.stm32cube.ide.mcu.externaltools.gnu-tools-for-stm32.13.3.rel1.macos64_1.0.0.202411102158/tools/bin/../lib/gcc/arm-none-eabi/13.3.1/../../../../arm-none-eabi/lib/thumb/v7e-m+fp/hard/libc_nano.a(libc_a-callocr.o)
                0x0800fde4                _calloc_r
 .text.__cvt    0x0800fe0c       0xca /Applications/STM32CubeIDE.app/Contents/Eclipse/plugins/com.st.stm32cube.ide.mcu.externaltools.gnu-tools-for-stm32.13.3.rel1.macos64_1.0.0.202411102158/tools/bin/../lib/gcc/arm-none-eabi/13.3.1/../../../../arm-none-eabi/lib/thumb/v7e-m+fp/hard/libc_nano.a(libc_a-nano-vfprintf_float.o)
                0x0800fe0c                __cvt
 .text.__exponent
                0x0800fed6       0x74 /Applications/STM32CubeIDE.app/Contents/Eclipse/plugins/com.st.stm32cube.ide.mcu.externaltools.gnu-tools-for-stm32.13.3.rel1.macos64_1.0.0.202411102158/tools/bin/../lib/gcc/arm-none-eabi/13.3.1/../../../../arm-none-eabi/lib/thumb/v7e-m+fp/hard/libc_nano.a(libc_a-nano-vfprintf_float.o)
                0x0800fed6                __exponent
 *fill*         0x0800ff4a        0x2 
 .text._printf_float
                0x0800ff4c      0x454 /Applications/STM32CubeIDE.app/Contents/Eclipse/plugins/com.st.stm32cube.ide.mcu.externaltools.gnu-tools-for-stm32.13.3.rel1.macos64_1.0.0.202411102158/tools/bin/../lib/gcc/arm-none-eabi/13.3.1/../../../../arm-none-eabi/lib/thumb/v7e-m+fp/hard/libc_nano.a(libc_a-nano-vfprintf_float.o)
                0x0800ff4c                _printf_float
 .text.malloc   0x080103a0       0x10 /Applications/STM32CubeIDE.app/Contents/Eclipse/plugins/com.st.stm32cube.ide.mcu.externaltools.gnu-tools-for-stm32.13.3.rel1.macos64_1.0.0.202411102158/tools/bin/../lib/gcc/arm-none-eabi/13.3.1/../../../../arm-none-eabi/lib/thumb/v7e-m+fp/hard/libc_nano.a(libc_a-malloc.o)
                0x080103a0                malloc
 .text.free     0x080103b0       0x10 /Applications/STM32CubeIDE.app/Contents/Eclipse/plugins/com.st.stm32cube.ide.mcu.externaltools.gnu-tools-for-stm32.13.3.rel1.macos64_1.0.0.202411102158/tools/bin/../lib/gcc/arm-none-eabi/13.3.1/../../../../arm-none-eabi/lib/thumb/v7e-m+fp/hard/libc_nano.a(libc_a-malloc.o)
                0x080103b0                free
 .text.sbrk_aligned
                0x080103c0       0x44 /Applications/STM32CubeIDE.app/Contents/Eclipse/plugins/com.st.stm32cube.ide.mcu.externaltools.gnu-tools-for-stm32.13.3.rel1.macos64_1.0.0.202411102158/tools/bin/../lib/gcc/arm-none-eabi/13.3.1/../../../../arm-none-eabi/lib/thumb/v7e-m+fp/hard/libc_nano.a(libc_a-mallocr.o)
 .text._malloc_r
                0x08010404      0x100 /Applications/STM32CubeIDE.app/Contents/Eclipse/plugins/com.st.stm32cube.ide.mcu.externaltools.gnu-tools-for-stm32.13.3.rel1.macos64_1.0.0.202411102158/tools/bin/../lib/gcc/arm-none-eabi/13.3.1/../../../../arm-none-eabi/lib/thumb/v7e-m+fp/hard/libc_nano.a(libc_a-mallocr.o)
                0x08010404                _malloc_r
 .text._printf_common
                0x08010504       0xda /Applications/STM32CubeIDE.app/Contents/Eclipse/plugins/com.st.stm32cube.ide.mcu.externaltools.gnu-tools-for-stm32.13.3.rel1.macos64_1.0.0.202411102158/tools/bin/../lib/gcc/arm-none-eabi/13.3.1/../../../../arm-none-eabi/lib/thumb/v7e-m+fp/hard/libc_nano.a(libc_a-nano-vfprintf_i.o)
                0x08010504                _printf_common
 *fill*         0x080105de        0x2 
 .text._printf_i
                0x080105e0      0x23c /Applications/STM32CubeIDE.app/Contents/Eclipse/plugins/com.st.stm32cube.ide.mcu.externaltools.gnu-tools-for-stm32.13.3.rel1.macos64_1.0.0.202411102158/tools/bin/../lib/gcc/arm-none-eabi/13.3.1/../../../../arm-none-eabi/lib/thumb/v7e-m+fp/hard/libc_nano.a(libc_a-nano-vfprintf_i.o)
                0x080105e0                _printf_i
 .text._scanf_float
                0x0801081c      0x41c /Applications/STM32CubeIDE.app/Contents/Eclipse/plugins/com.st.stm32cube.ide.mcu.externaltools.gnu-tools-for-stm32.13.3.rel1.macos64_1.0.0.202411102158/tools/bin/../lib/gcc/arm-none-eabi/13.3.1/../../../../arm-none-eabi/lib/thumb/v7e-m+fp/hard/libc_nano.a(libc_a-nano-vfscanf_float.o)
                0x0801081c                _scanf_float
 .text.__sflush_r
                0x08010c38      0x108 /Applications/STM32CubeIDE.app/Contents/Eclipse/plugins/com.st.stm32cube.ide.mcu.externaltools.gnu-tools-for-stm32.13.3.rel1.macos64_1.0.0.202411102158/tools/bin/../lib/gcc/arm-none-eabi/13.3.1/../../../../arm-none-eabi/lib/thumb/v7e-m+fp/hard/libc_nano.a(libc_a-fflush.o)
                0x08010c38                __sflush_r
 .text._fflush_r
                0x08010d40       0x50 /Applications/STM32CubeIDE.app/Contents/Eclipse/plugins/com.st.stm32cube.ide.mcu.externaltools.gnu-tools-for-stm32.13.3.rel1.macos64_1.0.0.202411102158/tools/bin/../lib/gcc/arm-none-eabi/13.3.1/../../../../arm-none-eabi/lib/thumb/v7e-m+fp/hard/libc_nano.a(libc_a-fflush.o)
                0x08010d40                _fflush_r
 .text.fflush   0x08010d90       0x28 /Applications/STM32CubeIDE.app/Contents/Eclipse/plugins/com.st.stm32cube.ide.mcu.externaltools.gnu-tools-for-stm32.13.3.rel1.macos64_1.0.0.202411102158/tools/bin/../lib/gcc/arm-none-eabi/13.3.1/../../../../arm-none-eabi/lib/thumb/v7e-m+fp/hard/libc_nano.a(libc_a-fflush.o)
                0x08010d90                fflush
 .text.__malloc_lock
                0x08010db8        0xc /Applications/STM32CubeIDE.app/Contents/Eclipse/plugins/com.st.stm32cube.ide.mcu.externaltools.gnu-tools-for-stm32.13.3.rel1.macos64_1.0.0.202411102158/tools/bin/../lib/gcc/arm-none-eabi/13.3.1/../../../../arm-none-eabi/lib/thumb/v7e-m+fp/hard/libc_nano.a(libc_a-mlock.o)
                0x08010db8                __malloc_lock
 .text.__malloc_unlock
                0x08010dc4        0xc /Applications/STM32CubeIDE.app/Contents/Eclipse/plugins/com.st.stm32cube.ide.mcu.externaltools.gnu-tools-for-stm32.13.3.rel1.macos64_1.0.0.202411102158/tools/bin/../lib/gcc/arm-none-eabi/13.3.1/../../../../arm-none-eabi/lib/thumb/v7e-m+fp/hard/libc_nano.a(libc_a-mlock.o)
                0x08010dc4                __malloc_unlock
 .text.sprintf  0x08010dd0       0x44 /Applications/STM32CubeIDE.app/Contents/Eclipse/plugins/com.st.stm32cube.ide.mcu.externaltools.gnu-tools-for-stm32.13.3.rel1.macos64_1.0.0.202411102158/tools/bin/../lib/gcc/arm-none-eabi/13.3.1/../../../../arm-none-eabi/lib/thumb/v7e-m+fp/hard/libc_nano.a(libc_a-sprintf.o)
                0x08010dd0                sprintf
                0x08010dd0                siprintf
 .text.std      0x08010e14       0x6c /Applications/STM32CubeIDE.app/Contents/Eclipse/plugins/com.st.stm32cube.ide.mcu.externaltools.gnu-tools-for-stm32.13.3.rel1.macos64_1.0.0.202411102158/tools/bin/../lib/gcc/arm-none-eabi/13.3.1/../../../../arm-none-eabi/lib/thumb/v7e-m+fp/hard/libc_nano.a(libc_a-findfp.o)
 .text.stdio_exit_handler
                0x08010e80       0x18 /Applications/STM32CubeIDE.app/Contents/Eclipse/plugins/com.st.stm32cube.ide.mcu.externaltools.gnu-tools-for-stm32.13.3.rel1.macos64_1.0.0.202411102158/tools/bin/../lib/gcc/arm-none-eabi/13.3.1/../../../../arm-none-eabi/lib/thumb/v7e-m+fp/hard/libc_nano.a(libc_a-findfp.o)
 .text.cleanup_stdio
                0x08010e98       0x40 /Applications/STM32CubeIDE.app/Contents/Eclipse/plugins/com.st.stm32cube.ide.mcu.externaltools.gnu-tools-for-stm32.13.3.rel1.macos64_1.0.0.202411102158/tools/bin/../lib/gcc/arm-none-eabi/13.3.1/../../../../arm-none-eabi/lib/thumb/v7e-m+fp/hard/libc_nano.a(libc_a-findfp.o)
 .text.global_stdio_init.part.0
                0x08010ed8       0x3c /Applications/STM32CubeIDE.app/Contents/Eclipse/plugins/com.st.stm32cube.ide.mcu.externaltools.gnu-tools-for-stm32.13.3.rel1.macos64_1.0.0.202411102158/tools/bin/../lib/gcc/arm-none-eabi/13.3.1/../../../../arm-none-eabi/lib/thumb/v7e-m+fp/hard/libc_nano.a(libc_a-findfp.o)
 .text.__sfp_lock_acquire
                0x08010f14        0xc /Applications/STM32CubeIDE.app/Contents/Eclipse/plugins/com.st.stm32cube.ide.mcu.externaltools.gnu-tools-for-stm32.13.3.rel1.macos64_1.0.0.202411102158/tools/bin/../lib/gcc/arm-none-eabi/13.3.1/../../../../arm-none-eabi/lib/thumb/v7e-m+fp/hard/libc_nano.a(libc_a-findfp.o)
                0x08010f14                __sfp_lock_acquire
 .text.__sfp_lock_release
                0x08010f20        0xc /Applications/STM32CubeIDE.app/Contents/Eclipse/plugins/com.st.stm32cube.ide.mcu.externaltools.gnu-tools-for-stm32.13.3.rel1.macos64_1.0.0.202411102158/tools/bin/../lib/gcc/arm-none-eabi/13.3.1/../../../../arm-none-eabi/lib/thumb/v7e-m+fp/hard/libc_nano.a(libc_a-findfp.o)
                0x08010f20                __sfp_lock_release
 .text.__sinit  0x08010f2c       0x30 /Applications/STM32CubeIDE.app/Contents/Eclipse/plugins/com.st.stm32cube.ide.mcu.externaltools.gnu-tools-for-stm32.13.3.rel1.macos64_1.0.0.202411102158/tools/bin/../lib/gcc/arm-none-eabi/13.3.1/../../../../arm-none-eabi/lib/thumb/v7e-m+fp/hard/libc_nano.a(libc_a-findfp.o)
                0x08010f2c                __sinit
 .text.sulp     0x08010f5c       0x3c /Applications/STM32CubeIDE.app/Contents/Eclipse/plugins/com.st.stm32cube.ide.mcu.externaltools.gnu-tools-for-stm32.13.3.rel1.macos64_1.0.0.202411102158/tools/bin/../lib/gcc/arm-none-eabi/13.3.1/../../../../arm-none-eabi/lib/thumb/v7e-m+fp/hard/libc_nano.a(libc_a-strtod.o)
 .text._strtod_l
                0x08010f98      0xbc8 /Applications/STM32CubeIDE.app/Contents/Eclipse/plugins/com.st.stm32cube.ide.mcu.externaltools.gnu-tools-for-stm32.13.3.rel1.macos64_1.0.0.202411102158/tools/bin/../lib/gcc/arm-none-eabi/13.3.1/../../../../arm-none-eabi/lib/thumb/v7e-m+fp/hard/libc_nano.a(libc_a-strtod.o)
                0x08010f98                _strtod_l
 .text._strtod_r
                0x08011b60        0xc /Applications/STM32CubeIDE.app/Contents/Eclipse/plugins/com.st.stm32cube.ide.mcu.externaltools.gnu-tools-for-stm32.13.3.rel1.macos64_1.0.0.202411102158/tools/bin/../lib/gcc/arm-none-eabi/13.3.1/../../../../arm-none-eabi/lib/thumb/v7e-m+fp/hard/libc_nano.a(libc_a-strtod.o)
                0x08011b60                _strtod_r
 .text._strtol_l.isra.0
                0x08011b6c       0xf4 /Applications/STM32CubeIDE.app/Contents/Eclipse/plugins/com.st.stm32cube.ide.mcu.externaltools.gnu-tools-for-stm32.13.3.rel1.macos64_1.0.0.202411102158/tools/bin/../lib/gcc/arm-none-eabi/13.3.1/../../../../arm-none-eabi/lib/thumb/v7e-m+fp/hard/libc_nano.a(libc_a-strtol.o)
 .text._strtol_r
                0x08011c60        0x4 /Applications/STM32CubeIDE.app/Contents/Eclipse/plugins/com.st.stm32cube.ide.mcu.externaltools.gnu-tools-for-stm32.13.3.rel1.macos64_1.0.0.202411102158/tools/bin/../lib/gcc/arm-none-eabi/13.3.1/../../../../arm-none-eabi/lib/thumb/v7e-m+fp/hard/libc_nano.a(libc_a-strtol.o)
                0x08011c60                _strtol_r
 .text._fwalk_sglue
                0x08011c64       0x3c /Applications/STM32CubeIDE.app/Contents/Eclipse/plugins/com.st.stm32cube.ide.mcu.externaltools.gnu-tools-for-stm32.13.3.rel1.macos64_1.0.0.202411102158/tools/bin/../lib/gcc/arm-none-eabi/13.3.1/../../../../arm-none-eabi/lib/thumb/v7e-m+fp/hard/libc_nano.a(libc_a-fwalk.o)
                0x08011c64                _fwalk_sglue
 .text.printf   0x08011ca0       0x24 /Applications/STM32CubeIDE.app/Contents/Eclipse/plugins/com.st.stm32cube.ide.mcu.externaltools.gnu-tools-for-stm32.13.3.rel1.macos64_1.0.0.202411102158/tools/bin/../lib/gcc/arm-none-eabi/13.3.1/../../../../arm-none-eabi/lib/thumb/v7e-m+fp/hard/libc_nano.a(libc_a-printf.o)
                0x08011ca0                printf
                0x08011ca0                iprintf
 .text.putchar  0x08011cc4       0x10 /Applications/STM32CubeIDE.app/Contents/Eclipse/plugins/com.st.stm32cube.ide.mcu.externaltools.gnu-tools-for-stm32.13.3.rel1.macos64_1.0.0.202411102158/tools/bin/../lib/gcc/arm-none-eabi/13.3.1/../../../../arm-none-eabi/lib/thumb/v7e-m+fp/hard/libc_nano.a(libc_a-putchar.o)
                0x08011cc4                putchar
 .text._puts_r  0x08011cd4       0xaa /Applications/STM32CubeIDE.app/Contents/Eclipse/plugins/com.st.stm32cube.ide.mcu.externaltools.gnu-tools-for-stm32.13.3.rel1.macos64_1.0.0.202411102158/tools/bin/../lib/gcc/arm-none-eabi/13.3.1/../../../../arm-none-eabi/lib/thumb/v7e-m+fp/hard/libc_nano.a(libc_a-puts.o)
                0x08011cd4                _puts_r
 *fill*         0x08011d7e        0x2 
 .text.puts     0x08011d80       0x10 /Applications/STM32CubeIDE.app/Contents/Eclipse/plugins/com.st.stm32cube.ide.mcu.externaltools.gnu-tools-for-stm32.13.3.rel1.macos64_1.0.0.202411102158/tools/bin/../lib/gcc/arm-none-eabi/13.3.1/../../../../arm-none-eabi/lib/thumb/v7e-m+fp/hard/libc_nano.a(libc_a-puts.o)
                0x08011d80                puts
 .text.memmove  0x08011d90       0x34 /Applications/STM32CubeIDE.app/Contents/Eclipse/plugins/com.st.stm32cube.ide.mcu.externaltools.gnu-tools-for-stm32.13.3.rel1.macos64_1.0.0.202411102158/tools/bin/../lib/gcc/arm-none-eabi/13.3.1/../../../../arm-none-eabi/lib/thumb/v7e-m+fp/hard/libc_nano.a(libc_a-memmove.o)
                0x08011d90                memmove
 .text.memset   0x08011dc4       0x10 /Applications/STM32CubeIDE.app/Contents/Eclipse/plugins/com.st.stm32cube.ide.mcu.externaltools.gnu-tools-for-stm32.13.3.rel1.macos64_1.0.0.202411102158/tools/bin/../lib/gcc/arm-none-eabi/13.3.1/../../../../arm-none-eabi/lib/thumb/v7e-m+fp/hard/libc_nano.a(libc_a-memset.o)
                0x08011dc4                memset
 .text.strncmp  0x08011dd4       0x24 /Applications/STM32CubeIDE.app/Contents/Eclipse/plugins/com.st.stm32cube.ide.mcu.externaltools.gnu-tools-for-stm32.13.3.rel1.macos64_1.0.0.202411102158/tools/bin/../lib/gcc/arm-none-eabi/13.3.1/../../../../arm-none-eabi/lib/thumb/v7e-m+fp/hard/libc_nano.a(libc_a-strncmp.o)
                0x08011dd4                strncmp
 .text._sbrk_r  0x08011df8       0x20 /Applications/STM32CubeIDE.app/Contents/Eclipse/plugins/com.st.stm32cube.ide.mcu.externaltools.gnu-tools-for-stm32.13.3.rel1.macos64_1.0.0.202411102158/tools/bin/../lib/gcc/arm-none-eabi/13.3.1/../../../../arm-none-eabi/lib/thumb/v7e-m+fp/hard/libc_nano.a(libc_a-sbrkr.o)
                0x08011df8                _sbrk_r
 .text.__errno  0x08011e18        0xc /Applications/STM32CubeIDE.app/Contents/Eclipse/plugins/com.st.stm32cube.ide.mcu.externaltools.gnu-tools-for-stm32.13.3.rel1.macos64_1.0.0.202411102158/tools/bin/../lib/gcc/arm-none-eabi/13.3.1/../../../../arm-none-eabi/lib/thumb/v7e-m+fp/hard/libc_nano.a(libc_a-errno.o)
                0x08011e18                __errno
 .text.__libc_init_array
                0x08011e24       0x48 /Applications/STM32CubeIDE.app/Contents/Eclipse/plugins/com.st.stm32cube.ide.mcu.externaltools.gnu-tools-for-stm32.13.3.rel1.macos64_1.0.0.202411102158/tools/bin/../lib/gcc/arm-none-eabi/13.3.1/../../../../arm-none-eabi/lib/thumb/v7e-m+fp/hard/libc_nano.a(libc_a-init.o)
                0x08011e24                __libc_init_array
 .text.__retarget_lock_init_recursive
                0x08011e6c        0x2 /Applications/STM32CubeIDE.app/Contents/Eclipse/plugins/com.st.stm32cube.ide.mcu.externaltools.gnu-tools-for-stm32.13.3.rel1.macos64_1.0.0.202411102158/tools/bin/../lib/gcc/arm-none-eabi/13.3.1/../../../../arm-none-eabi/lib/thumb/v7e-m+fp/hard/libc_nano.a(libc_a-lock.o)
                0x08011e6c                __retarget_lock_init_recursive
 .text.__retarget_lock_acquire_recursive
                0x08011e6e        0x2 /Applications/STM32CubeIDE.app/Contents/Eclipse/plugins/com.st.stm32cube.ide.mcu.externaltools.gnu-tools-for-stm32.13.3.rel1.macos64_1.0.0.202411102158/tools/bin/../lib/gcc/arm-none-eabi/13.3.1/../../../../arm-none-eabi/lib/thumb/v7e-m+fp/hard/libc_nano.a(libc_a-lock.o)
                0x08011e6e                __retarget_lock_acquire_recursive
 .text.__retarget_lock_release_recursive
                0x08011e70        0x2 /Applications/STM32CubeIDE.app/Contents/Eclipse/plugins/com.st.stm32cube.ide.mcu.externaltools.gnu-tools-for-stm32.13.3.rel1.macos64_1.0.0.202411102158/tools/bin/../lib/gcc/arm-none-eabi/13.3.1/../../../../arm-none-eabi/lib/thumb/v7e-m+fp/hard/libc_nano.a(libc_a-lock.o)
                0x08011e70                __retarget_lock_release_recursive
 *fill*         0x08011e72        0x2 
 .text._localeconv_r
                0x08011e74        0x8 /Applications/STM32CubeIDE.app/Contents/Eclipse/plugins/com.st.stm32cube.ide.mcu.externaltools.gnu-tools-for-stm32.13.3.rel1.macos64_1.0.0.202411102158/tools/bin/../lib/gcc/arm-none-eabi/13.3.1/../../../../arm-none-eabi/lib/thumb/v7e-m+fp/hard/libc_nano.a(libc_a-localeconv.o)
                0x08011e74                _localeconv_r
 .text.memcpy   0x08011e7c       0x1c /Applications/STM32CubeIDE.app/Contents/Eclipse/plugins/com.st.stm32cube.ide.mcu.externaltools.gnu-tools-for-stm32.13.3.rel1.macos64_1.0.0.202411102158/tools/bin/../lib/gcc/arm-none-eabi/13.3.1/../../../../arm-none-eabi/lib/thumb/v7e-m+fp/hard/libc_nano.a(libc_a-memcpy-stub.o)
                0x08011e7c                memcpy
 .text.nan      0x08011e98       0x10 /Applications/STM32CubeIDE.app/Contents/Eclipse/plugins/com.st.stm32cube.ide.mcu.externaltools.gnu-tools-for-stm32.13.3.rel1.macos64_1.0.0.202411102158/tools/bin/../lib/gcc/arm-none-eabi/13.3.1/../../../../arm-none-eabi/lib/thumb/v7e-m+fp/hard/libc_nano.a(libm_a-s_nan.o)
                0x08011e98                nan
 .text.nanf     0x08011ea8        0xc /Applications/STM32CubeIDE.app/Contents/Eclipse/plugins/com.st.stm32cube.ide.mcu.externaltools.gnu-tools-for-stm32.13.3.rel1.macos64_1.0.0.202411102158/tools/bin/../lib/gcc/arm-none-eabi/13.3.1/../../../../arm-none-eabi/lib/thumb/v7e-m+fp/hard/libc_nano.a(libm_a-sf_nan.o)
                0x08011ea8                nanf
 .text.quorem   0x08011eb4      0x110 /Applications/STM32CubeIDE.app/Contents/Eclipse/plugins/com.st.stm32cube.ide.mcu.externaltools.gnu-tools-for-stm32.13.3.rel1.macos64_1.0.0.202411102158/tools/bin/../lib/gcc/arm-none-eabi/13.3.1/../../../../arm-none-eabi/lib/thumb/v7e-m+fp/hard/libc_nano.a(libc_a-dtoa.o)
 *fill*         0x08011fc4        0x4 
 .text._dtoa_r  0x08011fc8      0xba0 /Applications/STM32CubeIDE.app/Contents/Eclipse/plugins/com.st.stm32cube.ide.mcu.externaltools.gnu-tools-for-stm32.13.3.rel1.macos64_1.0.0.202411102158/tools/bin/../lib/gcc/arm-none-eabi/13.3.1/../../../../arm-none-eabi/lib/thumb/v7e-m+fp/hard/libc_nano.a(libc_a-dtoa.o)
                0x08011fc8                _dtoa_r
 .text._free_r  0x08012b68       0x94 /Applications/STM32CubeIDE.app/Contents/Eclipse/plugins/com.st.stm32cube.ide.mcu.externaltools.gnu-tools-for-stm32.13.3.rel1.macos64_1.0.0.202411102158/tools/bin/../lib/gcc/arm-none-eabi/13.3.1/../../../../arm-none-eabi/lib/thumb/v7e-m+fp/hard/libc_nano.a(libc_a-freer.o)
                0x08012b68                _free_r
 .text.rshift   0x08012bfc       0xa4 /Applications/STM32CubeIDE.app/Contents/Eclipse/plugins/com.st.stm32cube.ide.mcu.externaltools.gnu-tools-for-stm32.13.3.rel1.macos64_1.0.0.202411102158/tools/bin/../lib/gcc/arm-none-eabi/13.3.1/../../../../arm-none-eabi/lib/thumb/v7e-m+fp/hard/libc_nano.a(libc_a-gdtoa-gethex.o)
 .text.__hexdig_fun
                0x08012ca0       0x2a /Applications/STM32CubeIDE.app/Contents/Eclipse/plugins/com.st.stm32cube.ide.mcu.externaltools.gnu-tools-for-stm32.13.3.rel1.macos64_1.0.0.202411102158/tools/bin/../lib/gcc/arm-none-eabi/13.3.1/../../../../arm-none-eabi/lib/thumb/v7e-m+fp/hard/libc_nano.a(libc_a-gdtoa-gethex.o)
                0x08012ca0                __hexdig_fun
 *fill*         0x08012cca        0x2 
 .text.__gethex
                0x08012ccc      0x420 /Applications/STM32CubeIDE.app/Contents/Eclipse/plugins/com.st.stm32cube.ide.mcu.externaltools.gnu-tools-for-stm32.13.3.rel1.macos64_1.0.0.202411102158/tools/bin/../lib/gcc/arm-none-eabi/13.3.1/../../../../arm-none-eabi/lib/thumb/v7e-m+fp/hard/libc_nano.a(libc_a-gdtoa-gethex.o)
                0x08012ccc                __gethex
 .text.L_shift  0x080130ec       0x24 /Applications/STM32CubeIDE.app/Contents/Eclipse/plugins/com.st.stm32cube.ide.mcu.externaltools.gnu-tools-for-stm32.13.3.rel1.macos64_1.0.0.202411102158/tools/bin/../lib/gcc/arm-none-eabi/13.3.1/../../../../arm-none-eabi/lib/thumb/v7e-m+fp/hard/libc_nano.a(libc_a-gdtoa-hexnan.o)
 .text.__match  0x08013110       0x28 /Applications/STM32CubeIDE.app/Contents/Eclipse/plugins/com.st.stm32cube.ide.mcu.externaltools.gnu-tools-for-stm32.13.3.rel1.macos64_1.0.0.202411102158/tools/bin/../lib/gcc/arm-none-eabi/13.3.1/../../../../arm-none-eabi/lib/thumb/v7e-m+fp/hard/libc_nano.a(libc_a-gdtoa-hexnan.o)
                0x08013110                __match
 .text.__hexnan
                0x08013138      0x136 /Applications/STM32CubeIDE.app/Contents/Eclipse/plugins/com.st.stm32cube.ide.mcu.externaltools.gnu-tools-for-stm32.13.3.rel1.macos64_1.0.0.202411102158/tools/bin/../lib/gcc/arm-none-eabi/13.3.1/../../../../arm-none-eabi/lib/thumb/v7e-m+fp/hard/libc_nano.a(libc_a-gdtoa-hexnan.o)
                0x08013138                __hexnan
 .text.__ssputs_r
                0x0801326e       0xb6 /Applications/STM32CubeIDE.app/Contents/Eclipse/plugins/com.st.stm32cube.ide.mcu.externaltools.gnu-tools-for-stm32.13.3.rel1.macos64_1.0.0.202411102158/tools/bin/../lib/gcc/arm-none-eabi/13.3.1/../../../../arm-none-eabi/lib/thumb/v7e-m+fp/hard/libc_nano.a(libc_a-nano-svfprintf.o)
                0x0801326e                __ssputs_r
 .text._svfprintf_r
                0x08013324      0x1f8 /Applications/STM32CubeIDE.app/Contents/Eclipse/plugins/com.st.stm32cube.ide.mcu.externaltools.gnu-tools-for-stm32.13.3.rel1.macos64_1.0.0.202411102158/tools/bin/../lib/gcc/arm-none-eabi/13.3.1/../../../../arm-none-eabi/lib/thumb/v7e-m+fp/hard/libc_nano.a(libc_a-nano-svfprintf.o)
                0x08013324                _svfprintf_r
                0x08013324                _svfiprintf_r
 .text.__sfputc_r
                0x0801351c       0x2e /Applications/STM32CubeIDE.app/Contents/Eclipse/plugins/com.st.stm32cube.ide.mcu.externaltools.gnu-tools-for-stm32.13.3.rel1.macos64_1.0.0.202411102158/tools/bin/../lib/gcc/arm-none-eabi/13.3.1/../../../../arm-none-eabi/lib/thumb/v7e-m+fp/hard/libc_nano.a(libc_a-nano-vfprintf.o)
 .text.__sfputs_r
                0x0801354a       0x24 /Applications/STM32CubeIDE.app/Contents/Eclipse/plugins/com.st.stm32cube.ide.mcu.externaltools.gnu-tools-for-stm32.13.3.rel1.macos64_1.0.0.202411102158/tools/bin/../lib/gcc/arm-none-eabi/13.3.1/../../../../arm-none-eabi/lib/thumb/v7e-m+fp/hard/libc_nano.a(libc_a-nano-vfprintf.o)
                0x0801354a                __sfputs_r
 *fill*         0x0801356e        0x2 
 .text._vfprintf_r
                0x08013570      0x230 /Applications/STM32CubeIDE.app/Contents/Eclipse/plugins/com.st.stm32cube.ide.mcu.externaltools.gnu-tools-for-stm32.13.3.rel1.macos64_1.0.0.202411102158/tools/bin/../lib/gcc/arm-none-eabi/13.3.1/../../../../arm-none-eabi/lib/thumb/v7e-m+fp/hard/libc_nano.a(libc_a-nano-vfprintf.o)
                0x08013570                _vfiprintf_r
                0x08013570                _vfprintf_r
 .text.__ascii_mbtowc
                0x080137a0       0x24 /Applications/STM32CubeIDE.app/Contents/Eclipse/plugins/com.st.stm32cube.ide.mcu.externaltools.gnu-tools-for-stm32.13.3.rel1.macos64_1.0.0.202411102158/tools/bin/../lib/gcc/arm-none-eabi/13.3.1/../../../../arm-none-eabi/lib/thumb/v7e-m+fp/hard/libc_nano.a(libc_a-mbtowc_r.o)
                0x080137a0                __ascii_mbtowc
 .text._Balloc  0x080137c4       0x80 /Applications/STM32CubeIDE.app/Contents/Eclipse/plugins/com.st.stm32cube.ide.mcu.externaltools.gnu-tools-for-stm32.13.3.rel1.macos64_1.0.0.202411102158/tools/bin/../lib/gcc/arm-none-eabi/13.3.1/../../../../arm-none-eabi/lib/thumb/v7e-m+fp/hard/libc_nano.a(libc_a-mprec.o)
                0x080137c4                _Balloc
 .text._Bfree   0x08013844       0x44 /Applications/STM32CubeIDE.app/Contents/Eclipse/plugins/com.st.stm32cube.ide.mcu.externaltools.gnu-tools-for-stm32.13.3.rel1.macos64_1.0.0.202411102158/tools/bin/../lib/gcc/arm-none-eabi/13.3.1/../../../../arm-none-eabi/lib/thumb/v7e-m+fp/hard/libc_nano.a(libc_a-mprec.o)
                0x08013844                _Bfree
 .text.__multadd
                0x08013888       0x8c /Applications/STM32CubeIDE.app/Contents/Eclipse/plugins/com.st.stm32cube.ide.mcu.externaltools.gnu-tools-for-stm32.13.3.rel1.macos64_1.0.0.202411102158/tools/bin/../lib/gcc/arm-none-eabi/13.3.1/../../../../arm-none-eabi/lib/thumb/v7e-m+fp/hard/libc_nano.a(libc_a-mprec.o)
                0x08013888                __multadd
 .text.__s2b    0x08013914       0x94 /Applications/STM32CubeIDE.app/Contents/Eclipse/plugins/com.st.stm32cube.ide.mcu.externaltools.gnu-tools-for-stm32.13.3.rel1.macos64_1.0.0.202411102158/tools/bin/../lib/gcc/arm-none-eabi/13.3.1/../../../../arm-none-eabi/lib/thumb/v7e-m+fp/hard/libc_nano.a(libc_a-mprec.o)
                0x08013914                __s2b
 .text.__hi0bits
                0x080139a8       0x3e /Applications/STM32CubeIDE.app/Contents/Eclipse/plugins/com.st.stm32cube.ide.mcu.externaltools.gnu-tools-for-stm32.13.3.rel1.macos64_1.0.0.202411102158/tools/bin/../lib/gcc/arm-none-eabi/13.3.1/../../../../arm-none-eabi/lib/thumb/v7e-m+fp/hard/libc_nano.a(libc_a-mprec.o)
                0x080139a8                __hi0bits
 .text.__lo0bits
                0x080139e6       0x5a /Applications/STM32CubeIDE.app/Contents/Eclipse/plugins/com.st.stm32cube.ide.mcu.externaltools.gnu-tools-for-stm32.13.3.rel1.macos64_1.0.0.202411102158/tools/bin/../lib/gcc/arm-none-eabi/13.3.1/../../../../arm-none-eabi/lib/thumb/v7e-m+fp/hard/libc_nano.a(libc_a-mprec.o)
                0x080139e6                __lo0bits
 .text.__i2b    0x08013a40       0x2c /Applications/STM32CubeIDE.app/Contents/Eclipse/plugins/com.st.stm32cube.ide.mcu.externaltools.gnu-tools-for-stm32.13.3.rel1.macos64_1.0.0.202411102158/tools/bin/../lib/gcc/arm-none-eabi/13.3.1/../../../../arm-none-eabi/lib/thumb/v7e-m+fp/hard/libc_nano.a(libc_a-mprec.o)
                0x08013a40                __i2b
 .text.__multiply
                0x08013a6c      0x144 /Applications/STM32CubeIDE.app/Contents/Eclipse/plugins/com.st.stm32cube.ide.mcu.externaltools.gnu-tools-for-stm32.13.3.rel1.macos64_1.0.0.202411102158/tools/bin/../lib/gcc/arm-none-eabi/13.3.1/../../../../arm-none-eabi/lib/thumb/v7e-m+fp/hard/libc_nano.a(libc_a-mprec.o)
                0x08013a6c                __multiply
 .text.__pow5mult
                0x08013bb0       0xb4 /Applications/STM32CubeIDE.app/Contents/Eclipse/plugins/com.st.stm32cube.ide.mcu.externaltools.gnu-tools-for-stm32.13.3.rel1.macos64_1.0.0.202411102158/tools/bin/../lib/gcc/arm-none-eabi/13.3.1/../../../../arm-none-eabi/lib/thumb/v7e-m+fp/hard/libc_nano.a(libc_a-mprec.o)
                0x08013bb0                __pow5mult
 .text.__lshift
                0x08013c64       0xd8 /Applications/STM32CubeIDE.app/Contents/Eclipse/plugins/com.st.stm32cube.ide.mcu.externaltools.gnu-tools-for-stm32.13.3.rel1.macos64_1.0.0.202411102158/tools/bin/../lib/gcc/arm-none-eabi/13.3.1/../../../../arm-none-eabi/lib/thumb/v7e-m+fp/hard/libc_nano.a(libc_a-mprec.o)
                0x08013c64                __lshift
 .text.__mcmp   0x08013d3c       0x36 /Applications/STM32CubeIDE.app/Contents/Eclipse/plugins/com.st.stm32cube.ide.mcu.externaltools.gnu-tools-for-stm32.13.3.rel1.macos64_1.0.0.202411102158/tools/bin/../lib/gcc/arm-none-eabi/13.3.1/../../../../arm-none-eabi/lib/thumb/v7e-m+fp/hard/libc_nano.a(libc_a-mprec.o)
                0x08013d3c                __mcmp
 *fill*         0x08013d72        0x2 
 .text.__mdiff  0x08013d74      0x128 /Applications/STM32CubeIDE.app/Contents/Eclipse/plugins/com.st.stm32cube.ide.mcu.externaltools.gnu-tools-for-stm32.13.3.rel1.macos64_1.0.0.202411102158/tools/bin/../lib/gcc/arm-none-eabi/13.3.1/../../../../arm-none-eabi/lib/thumb/v7e-m+fp/hard/libc_nano.a(libc_a-mprec.o)
                0x08013d74                __mdiff
 .text.__ulp    0x08013e9c       0x4c /Applications/STM32CubeIDE.app/Contents/Eclipse/plugins/com.st.stm32cube.ide.mcu.externaltools.gnu-tools-for-stm32.13.3.rel1.macos64_1.0.0.202411102158/tools/bin/../lib/gcc/arm-none-eabi/13.3.1/../../../../arm-none-eabi/lib/thumb/v7e-m+fp/hard/libc_nano.a(libc_a-mprec.o)
                0x08013e9c                __ulp
 .text.__b2d    0x08013ee8       0x94 /Applications/STM32CubeIDE.app/Contents/Eclipse/plugins/com.st.stm32cube.ide.mcu.externaltools.gnu-tools-for-stm32.13.3.rel1.macos64_1.0.0.202411102158/tools/bin/../lib/gcc/arm-none-eabi/13.3.1/../../../../arm-none-eabi/lib/thumb/v7e-m+fp/hard/libc_nano.a(libc_a-mprec.o)
                0x08013ee8                __b2d
 .text.__d2b    0x08013f7c       0xb0 /Applications/STM32CubeIDE.app/Contents/Eclipse/plugins/com.st.stm32cube.ide.mcu.externaltools.gnu-tools-for-stm32.13.3.rel1.macos64_1.0.0.202411102158/tools/bin/../lib/gcc/arm-none-eabi/13.3.1/../../../../arm-none-eabi/lib/thumb/v7e-m+fp/hard/libc_nano.a(libc_a-mprec.o)
                0x08013f7c                __d2b
 .text.__ratio  0x0801402c       0x64 /Applications/STM32CubeIDE.app/Contents/Eclipse/plugins/com.st.stm32cube.ide.mcu.externaltools.gnu-tools-for-stm32.13.3.rel1.macos64_1.0.0.202411102158/tools/bin/../lib/gcc/arm-none-eabi/13.3.1/../../../../arm-none-eabi/lib/thumb/v7e-m+fp/hard/libc_nano.a(libc_a-mprec.o)
                0x0801402c                __ratio
 .text.__copybits
                0x08014090       0x46 /Applications/STM32CubeIDE.app/Contents/Eclipse/plugins/com.st.stm32cube.ide.mcu.externaltools.gnu-tools-for-stm32.13.3.rel1.macos64_1.0.0.202411102158/tools/bin/../lib/gcc/arm-none-eabi/13.3.1/../../../../arm-none-eabi/lib/thumb/v7e-m+fp/hard/libc_nano.a(libc_a-mprec.o)
                0x08014090                __copybits
 .text.__any_on
                0x080140d6       0x42 /Applications/STM32CubeIDE.app/Contents/Eclipse/plugins/com.st.stm32cube.ide.mcu.externaltools.gnu-tools-for-stm32.13.3.rel1.macos64_1.0.0.202411102158/tools/bin/../lib/gcc/arm-none-eabi/13.3.1/../../../../arm-none-eabi/lib/thumb/v7e-m+fp/hard/libc_nano.a(libc_a-mprec.o)
                0x080140d6                __any_on
 .text.__sread  0x08014118       0x22 /Applications/STM32CubeIDE.app/Contents/Eclipse/plugins/com.st.stm32cube.ide.mcu.externaltools.gnu-tools-for-stm32.13.3.rel1.macos64_1.0.0.202411102158/tools/bin/../lib/gcc/arm-none-eabi/13.3.1/../../../../arm-none-eabi/lib/thumb/v7e-m+fp/hard/libc_nano.a(libc_a-stdio.o)
                0x08014118                __sread
 .text.__swrite
                0x0801413a       0x38 /Applications/STM32CubeIDE.app/Contents/Eclipse/plugins/com.st.stm32cube.ide.mcu.externaltools.gnu-tools-for-stm32.13.3.rel1.macos64_1.0.0.202411102158/tools/bin/../lib/gcc/arm-none-eabi/13.3.1/../../../../arm-none-eabi/lib/thumb/v7e-m+fp/hard/libc_nano.a(libc_a-stdio.o)
                0x0801413a                __swrite
 .text.__sseek  0x08014172       0x24 /Applications/STM32CubeIDE.app/Contents/Eclipse/plugins/com.st.stm32cube.ide.mcu.externaltools.gnu-tools-for-stm32.13.3.rel1.macos64_1.0.0.202411102158/tools/bin/../lib/gcc/arm-none-eabi/13.3.1/../../../../arm-none-eabi/lib/thumb/v7e-m+fp/hard/libc_nano.a(libc_a-stdio.o)
                0x08014172                __sseek
 .text.__sclose
                0x08014196        0x8 /Applications/STM32CubeIDE.app/Contents/Eclipse/plugins/com.st.stm32cube.ide.mcu.externaltools.gnu-tools-for-stm32.13.3.rel1.macos64_1.0.0.202411102158/tools/bin/../lib/gcc/arm-none-eabi/13.3.1/../../../../arm-none-eabi/lib/thumb/v7e-m+fp/hard/libc_nano.a(libc_a-stdio.o)
                0x08014196                __sclose
 .text._realloc_r
                0x0801419e       0x5c /Applications/STM32CubeIDE.app/Contents/Eclipse/plugins/com.st.stm32cube.ide.mcu.externaltools.gnu-tools-for-stm32.13.3.rel1.macos64_1.0.0.202411102158/tools/bin/../lib/gcc/arm-none-eabi/13.3.1/../../../../arm-none-eabi/lib/thumb/v7e-m+fp/hard/libc_nano.a(libc_a-reallocr.o)
                0x0801419e                _realloc_r
 .text.__swbuf_r
                0x080141fa       0x7c /Applications/STM32CubeIDE.app/Contents/Eclipse/plugins/com.st.stm32cube.ide.mcu.externaltools.gnu-tools-for-stm32.13.3.rel1.macos64_1.0.0.202411102158/tools/bin/../lib/gcc/arm-none-eabi/13.3.1/../../../../arm-none-eabi/lib/thumb/v7e-m+fp/hard/libc_nano.a(libc_a-wbuf.o)
                0x080141fa                __swbuf_r
 *fill*         0x08014276        0x2 
 .text.__swsetup_r
                0x08014278       0xac /Applications/STM32CubeIDE.app/Contents/Eclipse/plugins/com.st.stm32cube.ide.mcu.externaltools.gnu-tools-for-stm32.13.3.rel1.macos64_1.0.0.202411102158/tools/bin/../lib/gcc/arm-none-eabi/13.3.1/../../../../arm-none-eabi/lib/thumb/v7e-m+fp/hard/libc_nano.a(libc_a-wsetup.o)
                0x08014278                __swsetup_r
 .text.__ascii_wctomb
                0x08014324       0x1a /Applications/STM32CubeIDE.app/Contents/Eclipse/plugins/com.st.stm32cube.ide.mcu.externaltools.gnu-tools-for-stm32.13.3.rel1.macos64_1.0.0.202411102158/tools/bin/../lib/gcc/arm-none-eabi/13.3.1/../../../../arm-none-eabi/lib/thumb/v7e-m+fp/hard/libc_nano.a(libc_a-wctomb_r.o)
                0x08014324                __ascii_wctomb
 .text.__swhatbuf_r
                0x0801433e       0x4c /Applications/STM32CubeIDE.app/Contents/Eclipse/plugins/com.st.stm32cube.ide.mcu.externaltools.gnu-tools-for-stm32.13.3.rel1.macos64_1.0.0.202411102158/tools/bin/../lib/gcc/arm-none-eabi/13.3.1/../../../../arm-none-eabi/lib/thumb/v7e-m+fp/hard/libc_nano.a(libc_a-makebuf.o)
                0x0801433e                __swhatbuf_r
 .text.__smakebuf_r
                0x0801438a       0x78 /Applications/STM32CubeIDE.app/Contents/Eclipse/plugins/com.st.stm32cube.ide.mcu.externaltools.gnu-tools-for-stm32.13.3.rel1.macos64_1.0.0.202411102158/tools/bin/../lib/gcc/arm-none-eabi/13.3.1/../../../../arm-none-eabi/lib/thumb/v7e-m+fp/hard/libc_nano.a(libc_a-makebuf.o)
                0x0801438a                __smakebuf_r
 .text._putc_r  0x08014402       0x68 /Applications/STM32CubeIDE.app/Contents/Eclipse/plugins/com.st.stm32cube.ide.mcu.externaltools.gnu-tools-for-stm32.13.3.rel1.macos64_1.0.0.202411102158/tools/bin/../lib/gcc/arm-none-eabi/13.3.1/../../../../arm-none-eabi/lib/thumb/v7e-m+fp/hard/libc_nano.a(libc_a-putc.o)
                0x08014402                _putc_r
 *fill*         0x0801446a        0x2 
 .text._isatty_r